#
# There is insufficient memory for the Java Runtime Environment to continue.
# Native memory allocation (malloc) failed to allocate 385616 bytes for Chunk::new
# Possible reasons:
#   The system is out of physical RAM or swap space
#   The process is running with CompressedOops enabled, and the Java Heap may be blocking the growth of the native heap
# Possible solutions:
#   Reduce memory load on the system
#   Increase physical memory or swap space
#   Check if swap backing store is full
#   Decrease Java heap size (-Xmx/-Xms)
#   Decrease number of Java threads
#   Decrease Java thread stack sizes (-Xss)
#   Set larger code cache with -XX:ReservedCodeCacheSize=
#   JVM is running with Unscaled Compressed Oops mode in which the Java heap is
#     placed in the first 4GB address space. The Java Heap base address is the
#     maximum limit for the native heap growth. Please use -XX:HeapBaseMinAddress
#     to set the Java Heap base and to place the Java Heap above 4GB virtual address.
# This output file may be truncated or incomplete.
#
#  Out of Memory Error (arena.cpp:197), pid=25240, tid=24488
#
# JRE version: OpenJDK Runtime Environment Corretto-11.0.26.4.1 (11.0.26+4) (build 11.0.26+4-LTS)
# Java VM: OpenJDK 64-Bit Server VM Corretto-11.0.26.4.1 (11.0.26+4-LTS, mixed mode, tiered, compressed oops, g1 gc, windows-amd64)
# No core dump will be written. Minidumps are not enabled by default on client versions of Windows
#

---------------  S U M M A R Y ------------

Command Line: -ea -javaagent:C:\Users\Admin\.m2\repository/org/aspectj/aspectjweaver/1.9.20.1/aspectjweaver-1.9.20.1.jar -Didea.test.cyclic.buffer.size=1048576 -javaagent:F:\Java\InteliJi IDEA\IntelliJ IDEA Community Edition 2022.3\lib\idea_rt.jar=52552:F:\Java\InteliJi IDEA\IntelliJ IDEA Community Edition 2022.3\bin -Dfile.encoding=UTF-8 com.intellij.rt.testng.RemoteTestNGStarter -usedefaultlisteners false -socket52551 @w@C:\Users\Admin\AppData\Local\Temp\idea_working_dirs_testng.tmp -temp C:\Users\Admin\AppData\Local\Temp\idea_testng.tmp

Host: Intel(R) Core(TM) i5-6200U CPU @ 2.30GHz, 4 cores, 7G,  Windows 10 , 64 bit Build 19041 (10.0.19041.1806)
Time: Sat Jul 26 18:41:30 2025 SE Asia Standard Time elapsed time: 9.576424 seconds (0d 0h 0m 9s)

---------------  T H R E A D  ---------------

Current thread (0x00000266c0146000):  JavaThread "C2 CompilerThread0" daemon [_thread_in_native, id=24488, stack(0x000000e68eb00000,0x000000e68ec00000)]


Current CompileTask:
C2:   9576 3242   !   4       java.util.concurrent.ConcurrentHashMap::transfer (828 bytes)

Stack: [0x000000e68eb00000,0x000000e68ec00000]
Native frames: (J=compiled Java code, j=interpreted, Vv=VM code, C=native code)
V  [jvm.dll+0x64644a]
V  [jvm.dll+0x7dac99]
V  [jvm.dll+0x7dc399]
V  [jvm.dll+0x7dca83]
V  [jvm.dll+0x269da5]
V  [jvm.dll+0xc217c]
V  [jvm.dll+0xc272c]
V  [jvm.dll+0x37a297]
V  [jvm.dll+0x344fd5]
V  [jvm.dll+0x3443aa]
V  [jvm.dll+0x221dff]
V  [jvm.dll+0x220e08]
V  [jvm.dll+0x19ea01]
V  [jvm.dll+0x230cb9]
V  [jvm.dll+0x22ee2f]
V  [jvm.dll+0x79bec1]
V  [jvm.dll+0x794b94]
V  [jvm.dll+0x645205]
C  [ucrtbase.dll+0x21bb2]
C  [KERNEL32.DLL+0x17034]
C  [ntdll.dll+0x52651]


---------------  P R O C E S S  ---------------

Threads class SMR info:
_java_thread_list=0x00000266c4654860, length=24, elements={
0x00000266a19c1800, 0x00000266c0130000, 0x00000266c0139000, 0x00000266c0aa2800,
0x00000266c0aa3800, 0x00000266c0128800, 0x00000266c0146000, 0x00000266c0154800,
0x00000266c0ac4000, 0x00000266c0b53800, 0x00000266c16f8800, 0x00000266c3270800,
0x00000266c3380000, 0x00000266c4b2e000, 0x00000266c2159800, 0x00000266c1c61800,
0x00000266c3379800, 0x00000266c4659000, 0x00000266c17e4800, 0x00000266c2174800,
0x00000266c2175000, 0x00000266c2173800, 0x00000266c2172800, 0x00000266c0c5c800
}

Java Threads: ( => current thread )
  0x00000266a19c1800 JavaThread "Forwarding newSession on session null to remote" [_thread_in_vm, id=1708, stack(0x000000e68df00000,0x000000e68e000000)]
  0x00000266c0130000 JavaThread "Reference Handler" daemon [_thread_blocked, id=11268, stack(0x000000e68e600000,0x000000e68e700000)]
  0x00000266c0139000 JavaThread "Finalizer" daemon [_thread_blocked, id=7952, stack(0x000000e68e700000,0x000000e68e800000)]
  0x00000266c0aa2800 JavaThread "Signal Dispatcher" daemon [_thread_blocked, id=16772, stack(0x000000e68e800000,0x000000e68e900000)]
  0x00000266c0aa3800 JavaThread "Attach Listener" daemon [_thread_blocked, id=22012, stack(0x000000e68e900000,0x000000e68ea00000)]
  0x00000266c0128800 JavaThread "Service Thread" daemon [_thread_blocked, id=19204, stack(0x000000e68ea00000,0x000000e68eb00000)]
=>0x00000266c0146000 JavaThread "C2 CompilerThread0" daemon [_thread_in_native, id=24488, stack(0x000000e68eb00000,0x000000e68ec00000)]
  0x00000266c0154800 JavaThread "C1 CompilerThread0" daemon [_thread_blocked, id=21580, stack(0x000000e68ec00000,0x000000e68ed00000)]
  0x00000266c0ac4000 JavaThread "Sweeper thread" daemon [_thread_blocked, id=28500, stack(0x000000e68ed00000,0x000000e68ee00000)]
  0x00000266c0b53800 JavaThread "Common-Cleaner" daemon [_thread_blocked, id=4904, stack(0x000000e68ee00000,0x000000e68ef00000)]
  0x00000266c16f8800 JavaThread "Monitor Ctrl-Break" daemon [_thread_in_native, id=28556, stack(0x000000e68f200000,0x000000e68f300000)]
  0x00000266c3270800 JavaThread "ForkJoinPool.commonPool-worker-3" daemon [_thread_blocked, id=13528, stack(0x000000e68f400000,0x000000e68f500000)]
  0x00000266c3380000 JavaThread "HttpClient-1-SelectorManager" daemon [_thread_in_native, id=2052, stack(0x000000e68f500000,0x000000e68f600000)]
  0x00000266c4b2e000 JavaThread "External Process Output Forwarder - C:\Users\Admin\.cache\selenium\chromedriver\win64\137.0.7151.119\chromedriver.exe" daemon [_thread_in_native, id=19188, stack(0x000000e68f600000,0x000000e68f700000)]
  0x00000266c2159800 JavaThread "Driver Service Executor" daemon [_thread_blocked, id=24144, stack(0x000000e68f700000,0x000000e68f800000)]
  0x00000266c1c61800 JavaThread "Driver Service Executor" daemon [_thread_in_native, id=19088, stack(0x000000e68f800000,0x000000e68f900000)]
  0x00000266c3379800 JavaThread "UrlChecker-2" daemon [_thread_blocked, id=16980, stack(0x000000e68f900000,0x000000e68fa00000)]
  0x00000266c4659000 JavaThread "Keep-Alive-Timer" daemon [_thread_blocked, id=16724, stack(0x000000e68fb00000,0x000000e68fc00000)]
  0x00000266c17e4800 JavaThread "JdkHttpClient-0-0" daemon [_thread_blocked, id=28264, stack(0x000000e68fc00000,0x000000e68fd00000)]
  0x00000266c2174800 JavaThread "CompletableFutureDelayScheduler" daemon [_thread_blocked, id=11944, stack(0x000000e68fd00000,0x000000e68fe00000)]
  0x00000266c2175000 JavaThread "JdkHttpClient-0-1" daemon [_thread_blocked, id=28316, stack(0x000000e68fe00000,0x000000e68ff00000)]
  0x00000266c2173800 JavaThread "JdkHttpClient-0-2" daemon [_thread_blocked, id=23952, stack(0x000000e68ff00000,0x000000e690000000)]
  0x00000266c2172800 JavaThread "JdkHttpClient-0-3" daemon [_thread_blocked, id=12944, stack(0x000000e690000000,0x000000e690100000)]
  0x00000266c0c5c800 JavaThread "C2 CompilerThread1" daemon [_thread_in_native, id=17644, stack(0x000000e68ef00000,0x000000e68f000000)]

Other Threads:
  0x00000266c00fb800 VMThread "VM Thread" [stack: 0x000000e68e500000,0x000000e68e600000] [id=28448]
  0x00000266c1417800 WatcherThread [stack: 0x000000e68f300000,0x000000e68f400000] [id=22260]
  0x00000266a19da000 GCTaskThread "GC Thread#0" [stack: 0x000000e68e000000,0x000000e68e100000] [id=11952]
  0x00000266c18fe800 GCTaskThread "GC Thread#1" [stack: 0x000000e68f000000,0x000000e68f100000] [id=20620]
  0x00000266c14c2800 GCTaskThread "GC Thread#2" [stack: 0x000000e68f100000,0x000000e68f200000] [id=9048]
  0x00000266a1a0b000 ConcurrentGCThread "G1 Main Marker" [stack: 0x000000e68e100000,0x000000e68e200000] [id=5884]
  0x00000266a1a0d000 ConcurrentGCThread "G1 Conc#0" [stack: 0x000000e68e200000,0x000000e68e300000] [id=3964]
  0x00000266bff70800 ConcurrentGCThread "G1 Refine#0" [stack: 0x000000e68e300000,0x000000e68e400000] [id=19928]
  0x00000266bff71000 ConcurrentGCThread "G1 Young RemSet Sampling" [stack: 0x000000e68e400000,0x000000e68e500000] [id=19784]

Threads with active compile tasks:
C2 CompilerThread0     9625 3242   !   4       java.util.concurrent.ConcurrentHashMap::transfer (828 bytes)
C2 CompilerThread1     9625 3249       4       jdk.internal.org.objectweb.asm.ClassWriter::newStringishItem (68 bytes)

VM state:not at safepoint (normal execution)

VM Mutex/Monitor currently owned by a thread: None

Heap address: 0x0000000082400000, size: 2012 MB, Compressed Oops mode: 32-bit
Narrow klass base: 0x0000000000000000, Narrow klass shift: 3
Compressed class space size: 1073741824 Address: 0x0000000100000000

Heap:
 garbage-first heap   total 155648K, used 39796K [0x0000000082400000, 0x0000000100000000)
  region size 1024K, 16 young (16384K), 7 survivors (7168K)
 Metaspace       used 32926K, capacity 34284K, committed 34560K, reserved 1079296K
  class space    used 3492K, capacity 4050K, committed 4096K, reserved 1048576K
Heap Regions: E=young(eden), S=young(survivor), O=old, HS=humongous(starts), HC=humongous(continues), CS=collection set, F=free, A=archive, TAMS=top-at-mark-start (previous, next)
|   0|0x0000000082400000, 0x0000000082500000, 0x0000000082500000|100%|HS|  |TAMS 0x0000000082500000, 0x0000000082400000| Complete 
|   1|0x0000000082500000, 0x0000000082600000, 0x0000000082600000|100%| O|  |TAMS 0x0000000082600000, 0x0000000082500000| Untracked 
|   2|0x0000000082600000, 0x0000000082700000, 0x0000000082700000|100%| O|  |TAMS 0x0000000082700000, 0x0000000082600000| Untracked 
|   3|0x0000000082700000, 0x0000000082800000, 0x0000000082800000|100%| O|  |TAMS 0x0000000082800000, 0x0000000082700000| Untracked 
|   4|0x0000000082800000, 0x0000000082900000, 0x0000000082900000|100%| O|  |TAMS 0x0000000082900000, 0x0000000082800000| Untracked 
|   5|0x0000000082900000, 0x0000000082a00000, 0x0000000082a00000|100%| O|  |TAMS 0x0000000082a00000, 0x0000000082900000| Untracked 
|   6|0x0000000082a00000, 0x0000000082b00000, 0x0000000082b00000|100%| O|  |TAMS 0x0000000082b00000, 0x0000000082a00000| Untracked 
|   7|0x0000000082b00000, 0x0000000082c00000, 0x0000000082c00000|100%| O|  |TAMS 0x0000000082c00000, 0x0000000082b00000| Untracked 
|   8|0x0000000082c00000, 0x0000000082d00000, 0x0000000082d00000|100%| O|  |TAMS 0x0000000082d00000, 0x0000000082c00000| Untracked 
|   9|0x0000000082d00000, 0x0000000082e00000, 0x0000000082e00000|100%| O|  |TAMS 0x0000000082e00000, 0x0000000082d00000| Untracked 
|  10|0x0000000082e00000, 0x0000000082f00000, 0x0000000082f00000|100%| O|  |TAMS 0x0000000082f00000, 0x0000000082e00000| Untracked 
|  11|0x0000000082f00000, 0x0000000083000000, 0x0000000083000000|100%| O|  |TAMS 0x0000000083000000, 0x0000000082f00000| Untracked 
|  12|0x0000000083000000, 0x0000000083100000, 0x0000000083100000|100%| O|  |TAMS 0x0000000083100000, 0x0000000083000000| Untracked 
|  13|0x0000000083100000, 0x0000000083200000, 0x0000000083200000|100%| O|  |TAMS 0x0000000083200000, 0x0000000083100000| Untracked 
|  14|0x0000000083200000, 0x0000000083300000, 0x0000000083300000|100%| O|  |TAMS 0x0000000083300000, 0x0000000083200000| Untracked 
|  15|0x0000000083300000, 0x0000000083400000, 0x0000000083400000|100%| O|  |TAMS 0x0000000083400000, 0x0000000083300000| Untracked 
|  16|0x0000000083400000, 0x0000000083500000, 0x0000000083500000|100%| O|  |TAMS 0x0000000083500000, 0x0000000083400000| Untracked 
|  17|0x0000000083500000, 0x0000000083600000, 0x0000000083600000|100%| O|  |TAMS 0x000000008353be00, 0x0000000083500000| Untracked 
|  18|0x0000000083600000, 0x0000000083700000, 0x0000000083700000|100%| O|  |TAMS 0x0000000083600000, 0x0000000083600000| Untracked 
|  19|0x0000000083700000, 0x0000000083800000, 0x0000000083800000|100%| O|  |TAMS 0x0000000083700000, 0x0000000083700000| Untracked 
|  20|0x0000000083800000, 0x0000000083900000, 0x0000000083900000|100%| O|  |TAMS 0x0000000083800000, 0x0000000083800000| Untracked 
|  21|0x0000000083900000, 0x0000000083a00000, 0x0000000083a00000|100%| O|  |TAMS 0x0000000083900000, 0x0000000083900000| Untracked 
|  22|0x0000000083a00000, 0x0000000083b00000, 0x0000000083b00000|100%| O|  |TAMS 0x0000000083a00000, 0x0000000083a00000| Untracked 
|  23|0x0000000083b00000, 0x0000000083bdd200, 0x0000000083c00000| 86%| O|  |TAMS 0x0000000083b00000, 0x0000000083b00000| Untracked 
|  24|0x0000000083c00000, 0x0000000083c00000, 0x0000000083d00000|  0%| F|  |TAMS 0x0000000083c00000, 0x0000000083c00000| Untracked 
|  25|0x0000000083d00000, 0x0000000083d00000, 0x0000000083e00000|  0%| F|  |TAMS 0x0000000083d00000, 0x0000000083d00000| Untracked 
|  26|0x0000000083e00000, 0x0000000083e00000, 0x0000000083f00000|  0%| F|  |TAMS 0x0000000083e00000, 0x0000000083e00000| Untracked 
|  27|0x0000000083f00000, 0x0000000083f00000, 0x0000000084000000|  0%| F|  |TAMS 0x0000000083f00000, 0x0000000083f00000| Untracked 
|  28|0x0000000084000000, 0x0000000084000000, 0x0000000084100000|  0%| F|  |TAMS 0x0000000084000000, 0x0000000084000000| Untracked 
|  29|0x0000000084100000, 0x0000000084100000, 0x0000000084200000|  0%| F|  |TAMS 0x0000000084100000, 0x0000000084100000| Untracked 
|  30|0x0000000084200000, 0x0000000084200000, 0x0000000084300000|  0%| F|  |TAMS 0x0000000084200000, 0x0000000084200000| Untracked 
|  31|0x0000000084300000, 0x0000000084300000, 0x0000000084400000|  0%| F|  |TAMS 0x0000000084300000, 0x0000000084300000| Untracked 
|  32|0x0000000084400000, 0x0000000084400000, 0x0000000084500000|  0%| F|  |TAMS 0x0000000084400000, 0x0000000084400000| Untracked 
|  33|0x0000000084500000, 0x0000000084500000, 0x0000000084600000|  0%| F|  |TAMS 0x0000000084500000, 0x0000000084500000| Untracked 
|  34|0x0000000084600000, 0x0000000084600000, 0x0000000084700000|  0%| F|  |TAMS 0x0000000084600000, 0x0000000084600000| Untracked 
|  35|0x0000000084700000, 0x0000000084700000, 0x0000000084800000|  0%| F|  |TAMS 0x0000000084700000, 0x0000000084700000| Untracked 
|  36|0x0000000084800000, 0x0000000084800000, 0x0000000084900000|  0%| F|  |TAMS 0x0000000084800000, 0x0000000084800000| Untracked 
|  37|0x0000000084900000, 0x0000000084900000, 0x0000000084a00000|  0%| F|  |TAMS 0x0000000084900000, 0x0000000084900000| Untracked 
|  38|0x0000000084a00000, 0x0000000084a00000, 0x0000000084b00000|  0%| F|  |TAMS 0x0000000084a00000, 0x0000000084a00000| Untracked 
|  39|0x0000000084b00000, 0x0000000084b00000, 0x0000000084c00000|  0%| F|  |TAMS 0x0000000084b00000, 0x0000000084b00000| Untracked 
|  40|0x0000000084c00000, 0x0000000084c00000, 0x0000000084d00000|  0%| F|  |TAMS 0x0000000084c00000, 0x0000000084c00000| Untracked 
|  41|0x0000000084d00000, 0x0000000084d00000, 0x0000000084e00000|  0%| F|  |TAMS 0x0000000084d00000, 0x0000000084d00000| Untracked 
|  42|0x0000000084e00000, 0x0000000084e00000, 0x0000000084f00000|  0%| F|  |TAMS 0x0000000084e00000, 0x0000000084e00000| Untracked 
|  43|0x0000000084f00000, 0x0000000084f00000, 0x0000000085000000|  0%| F|  |TAMS 0x0000000084f00000, 0x0000000084f00000| Untracked 
|  44|0x0000000085000000, 0x0000000085000000, 0x0000000085100000|  0%| F|  |TAMS 0x0000000085000000, 0x0000000085000000| Untracked 
|  45|0x0000000085100000, 0x0000000085100000, 0x0000000085200000|  0%| F|  |TAMS 0x0000000085100000, 0x0000000085100000| Untracked 
|  46|0x0000000085200000, 0x0000000085200000, 0x0000000085300000|  0%| F|  |TAMS 0x0000000085200000, 0x0000000085200000| Untracked 
|  47|0x0000000085300000, 0x0000000085300000, 0x0000000085400000|  0%| F|  |TAMS 0x0000000085300000, 0x0000000085300000| Untracked 
|  48|0x0000000085400000, 0x0000000085400000, 0x0000000085500000|  0%| F|  |TAMS 0x0000000085400000, 0x0000000085400000| Untracked 
|  49|0x0000000085500000, 0x0000000085500000, 0x0000000085600000|  0%| F|  |TAMS 0x0000000085500000, 0x0000000085500000| Untracked 
|  50|0x0000000085600000, 0x0000000085600000, 0x0000000085700000|  0%| F|  |TAMS 0x0000000085600000, 0x0000000085600000| Untracked 
|  51|0x0000000085700000, 0x0000000085700000, 0x0000000085800000|  0%| F|  |TAMS 0x0000000085700000, 0x0000000085700000| Untracked 
|  52|0x0000000085800000, 0x0000000085800000, 0x0000000085900000|  0%| F|  |TAMS 0x0000000085800000, 0x0000000085800000| Untracked 
|  53|0x0000000085900000, 0x0000000085900000, 0x0000000085a00000|  0%| F|  |TAMS 0x0000000085900000, 0x0000000085900000| Untracked 
|  54|0x0000000085a00000, 0x0000000085a00000, 0x0000000085b00000|  0%| F|  |TAMS 0x0000000085a00000, 0x0000000085a00000| Untracked 
|  55|0x0000000085b00000, 0x0000000085b00000, 0x0000000085c00000|  0%| F|  |TAMS 0x0000000085b00000, 0x0000000085b00000| Untracked 
|  56|0x0000000085c00000, 0x0000000085c00000, 0x0000000085d00000|  0%| F|  |TAMS 0x0000000085c00000, 0x0000000085c00000| Untracked 
|  57|0x0000000085d00000, 0x0000000085d00000, 0x0000000085e00000|  0%| F|  |TAMS 0x0000000085d00000, 0x0000000085d00000| Untracked 
|  58|0x0000000085e00000, 0x0000000085e00000, 0x0000000085f00000|  0%| F|  |TAMS 0x0000000085e00000, 0x0000000085e00000| Untracked 
|  59|0x0000000085f00000, 0x0000000085f00000, 0x0000000086000000|  0%| F|  |TAMS 0x0000000085f00000, 0x0000000085f00000| Untracked 
|  60|0x0000000086000000, 0x0000000086000000, 0x0000000086100000|  0%| F|  |TAMS 0x0000000086000000, 0x0000000086000000| Untracked 
|  61|0x0000000086100000, 0x0000000086100000, 0x0000000086200000|  0%| F|  |TAMS 0x0000000086100000, 0x0000000086100000| Untracked 
|  62|0x0000000086200000, 0x0000000086200000, 0x0000000086300000|  0%| F|  |TAMS 0x0000000086200000, 0x0000000086200000| Untracked 
|  63|0x0000000086300000, 0x0000000086300000, 0x0000000086400000|  0%| F|  |TAMS 0x0000000086300000, 0x0000000086300000| Untracked 
|  64|0x0000000086400000, 0x0000000086400000, 0x0000000086500000|  0%| F|  |TAMS 0x0000000086400000, 0x0000000086400000| Untracked 
|  65|0x0000000086500000, 0x0000000086600000, 0x0000000086600000|100%| S|CS|TAMS 0x0000000086500000, 0x0000000086500000| Complete 
|  66|0x0000000086600000, 0x0000000086700000, 0x0000000086700000|100%| S|CS|TAMS 0x0000000086600000, 0x0000000086600000| Complete 
|  67|0x0000000086700000, 0x0000000086800000, 0x0000000086800000|100%| S|CS|TAMS 0x0000000086700000, 0x0000000086700000| Complete 
|  68|0x0000000086800000, 0x0000000086900000, 0x0000000086900000|100%| S|CS|TAMS 0x0000000086800000, 0x0000000086800000| Complete 
|  69|0x0000000086900000, 0x0000000086900000, 0x0000000086a00000|  0%| F|  |TAMS 0x0000000086900000, 0x0000000086900000| Untracked 
|  70|0x0000000086a00000, 0x0000000086a00000, 0x0000000086b00000|  0%| F|  |TAMS 0x0000000086a00000, 0x0000000086a00000| Untracked 
|  71|0x0000000086b00000, 0x0000000086b00000, 0x0000000086c00000|  0%| F|  |TAMS 0x0000000086b00000, 0x0000000086b00000| Untracked 
|  72|0x0000000086c00000, 0x0000000086c00000, 0x0000000086d00000|  0%| F|  |TAMS 0x0000000086c00000, 0x0000000086c00000| Untracked 
|  73|0x0000000086d00000, 0x0000000086e00000, 0x0000000086e00000|100%| S|CS|TAMS 0x0000000086d00000, 0x0000000086d00000| Complete 
|  74|0x0000000086e00000, 0x0000000086f00000, 0x0000000086f00000|100%| S|CS|TAMS 0x0000000086e00000, 0x0000000086e00000| Complete 
|  75|0x0000000086f00000, 0x0000000087000000, 0x0000000087000000|100%| S|CS|TAMS 0x0000000086f00000, 0x0000000086f00000| Complete 
|  76|0x0000000087000000, 0x0000000087000000, 0x0000000087100000|  0%| F|  |TAMS 0x0000000087000000, 0x0000000087000000| Untracked 
|  77|0x0000000087100000, 0x0000000087100000, 0x0000000087200000|  0%| F|  |TAMS 0x0000000087100000, 0x0000000087100000| Untracked 
|  78|0x0000000087200000, 0x0000000087200000, 0x0000000087300000|  0%| F|  |TAMS 0x0000000087200000, 0x0000000087200000| Untracked 
|  79|0x0000000087300000, 0x0000000087300000, 0x0000000087400000|  0%| F|  |TAMS 0x0000000087300000, 0x0000000087300000| Untracked 
|  80|0x0000000087400000, 0x0000000087400000, 0x0000000087500000|  0%| F|  |TAMS 0x0000000087400000, 0x0000000087400000| Untracked 
|  81|0x0000000087500000, 0x0000000087500000, 0x0000000087600000|  0%| F|  |TAMS 0x0000000087500000, 0x0000000087500000| Untracked 
|  82|0x0000000087600000, 0x0000000087600000, 0x0000000087700000|  0%| F|  |TAMS 0x0000000087600000, 0x0000000087600000| Untracked 
|  83|0x0000000087700000, 0x0000000087700000, 0x0000000087800000|  0%| F|  |TAMS 0x0000000087700000, 0x0000000087700000| Untracked 
|  84|0x0000000087800000, 0x0000000087800000, 0x0000000087900000|  0%| F|  |TAMS 0x0000000087800000, 0x0000000087800000| Untracked 
|  85|0x0000000087900000, 0x0000000087900000, 0x0000000087a00000|  0%| F|  |TAMS 0x0000000087900000, 0x0000000087900000| Untracked 
|  86|0x0000000087a00000, 0x0000000087a00000, 0x0000000087b00000|  0%| F|  |TAMS 0x0000000087a00000, 0x0000000087a00000| Untracked 
|  87|0x0000000087b00000, 0x0000000087b00000, 0x0000000087c00000|  0%| F|  |TAMS 0x0000000087b00000, 0x0000000087b00000| Untracked 
|  88|0x0000000087c00000, 0x0000000087c00000, 0x0000000087d00000|  0%| F|  |TAMS 0x0000000087c00000, 0x0000000087c00000| Untracked 
|  89|0x0000000087d00000, 0x0000000087d00000, 0x0000000087e00000|  0%| F|  |TAMS 0x0000000087d00000, 0x0000000087d00000| Untracked 
|  90|0x0000000087e00000, 0x0000000087e00000, 0x0000000087f00000|  0%| F|  |TAMS 0x0000000087e00000, 0x0000000087e00000| Untracked 
|  91|0x0000000087f00000, 0x0000000087f00000, 0x0000000088000000|  0%| F|  |TAMS 0x0000000087f00000, 0x0000000087f00000| Untracked 
|  92|0x0000000088000000, 0x0000000088000000, 0x0000000088100000|  0%| F|  |TAMS 0x0000000088000000, 0x0000000088000000| Untracked 
|  93|0x0000000088100000, 0x0000000088100000, 0x0000000088200000|  0%| F|  |TAMS 0x0000000088100000, 0x0000000088100000| Untracked 
|  94|0x0000000088200000, 0x0000000088200000, 0x0000000088300000|  0%| F|  |TAMS 0x0000000088200000, 0x0000000088200000| Untracked 
|  95|0x0000000088300000, 0x0000000088300000, 0x0000000088400000|  0%| F|  |TAMS 0x0000000088300000, 0x0000000088300000| Untracked 
|  96|0x0000000088400000, 0x0000000088400000, 0x0000000088500000|  0%| F|  |TAMS 0x0000000088400000, 0x0000000088400000| Untracked 
|  97|0x0000000088500000, 0x0000000088500000, 0x0000000088600000|  0%| F|  |TAMS 0x0000000088500000, 0x0000000088500000| Untracked 
|  98|0x0000000088600000, 0x0000000088600000, 0x0000000088700000|  0%| F|  |TAMS 0x0000000088600000, 0x0000000088600000| Untracked 
|  99|0x0000000088700000, 0x0000000088700000, 0x0000000088800000|  0%| F|  |TAMS 0x0000000088700000, 0x0000000088700000| Untracked 
| 100|0x0000000088800000, 0x0000000088800000, 0x0000000088900000|  0%| F|  |TAMS 0x0000000088800000, 0x0000000088800000| Untracked 
| 101|0x0000000088900000, 0x0000000088900000, 0x0000000088a00000|  0%| F|  |TAMS 0x0000000088900000, 0x0000000088900000| Untracked 
| 102|0x0000000088a00000, 0x0000000088a00000, 0x0000000088b00000|  0%| F|  |TAMS 0x0000000088a00000, 0x0000000088a00000| Untracked 
| 103|0x0000000088b00000, 0x0000000088b00000, 0x0000000088c00000|  0%| F|  |TAMS 0x0000000088b00000, 0x0000000088b00000| Untracked 
| 104|0x0000000088c00000, 0x0000000088c00000, 0x0000000088d00000|  0%| F|  |TAMS 0x0000000088c00000, 0x0000000088c00000| Untracked 
| 105|0x0000000088d00000, 0x0000000088d00000, 0x0000000088e00000|  0%| F|  |TAMS 0x0000000088d00000, 0x0000000088d00000| Untracked 
| 106|0x0000000088e00000, 0x0000000088e00000, 0x0000000088f00000|  0%| F|  |TAMS 0x0000000088e00000, 0x0000000088e00000| Untracked 
| 107|0x0000000088f00000, 0x0000000088f00000, 0x0000000089000000|  0%| F|  |TAMS 0x0000000088f00000, 0x0000000088f00000| Untracked 
| 108|0x0000000089000000, 0x0000000089000000, 0x0000000089100000|  0%| F|  |TAMS 0x0000000089000000, 0x0000000089000000| Untracked 
| 109|0x0000000089100000, 0x0000000089100000, 0x0000000089200000|  0%| F|  |TAMS 0x0000000089100000, 0x0000000089100000| Untracked 
| 110|0x0000000089200000, 0x0000000089200000, 0x0000000089300000|  0%| F|  |TAMS 0x0000000089200000, 0x0000000089200000| Untracked 
| 111|0x0000000089300000, 0x0000000089300000, 0x0000000089400000|  0%| F|  |TAMS 0x0000000089300000, 0x0000000089300000| Untracked 
| 112|0x0000000089400000, 0x0000000089400000, 0x0000000089500000|  0%| F|  |TAMS 0x0000000089400000, 0x0000000089400000| Untracked 
| 113|0x0000000089500000, 0x0000000089500000, 0x0000000089600000|  0%| F|  |TAMS 0x0000000089500000, 0x0000000089500000| Untracked 
| 114|0x0000000089600000, 0x0000000089600000, 0x0000000089700000|  0%| F|  |TAMS 0x0000000089600000, 0x0000000089600000| Untracked 
| 115|0x0000000089700000, 0x0000000089700000, 0x0000000089800000|  0%| F|  |TAMS 0x0000000089700000, 0x0000000089700000| Untracked 
| 116|0x0000000089800000, 0x0000000089800000, 0x0000000089900000|  0%| F|  |TAMS 0x0000000089800000, 0x0000000089800000| Untracked 
| 117|0x0000000089900000, 0x0000000089900000, 0x0000000089a00000|  0%| F|  |TAMS 0x0000000089900000, 0x0000000089900000| Untracked 
| 118|0x0000000089a00000, 0x0000000089a00000, 0x0000000089b00000|  0%| F|  |TAMS 0x0000000089a00000, 0x0000000089a00000| Untracked 
| 119|0x0000000089b00000, 0x0000000089b00000, 0x0000000089c00000|  0%| F|  |TAMS 0x0000000089b00000, 0x0000000089b00000| Untracked 
| 120|0x0000000089c00000, 0x0000000089c00000, 0x0000000089d00000|  0%| F|  |TAMS 0x0000000089c00000, 0x0000000089c00000| Untracked 
| 121|0x0000000089d00000, 0x0000000089d00000, 0x0000000089e00000|  0%| F|  |TAMS 0x0000000089d00000, 0x0000000089d00000| Untracked 
| 122|0x0000000089e00000, 0x0000000089e00000, 0x0000000089f00000|  0%| F|  |TAMS 0x0000000089e00000, 0x0000000089e00000| Untracked 
| 123|0x0000000089f00000, 0x0000000089f00000, 0x000000008a000000|  0%| F|  |TAMS 0x0000000089f00000, 0x0000000089f00000| Untracked 
| 124|0x000000008a000000, 0x000000008a000000, 0x000000008a100000|  0%| F|  |TAMS 0x000000008a000000, 0x000000008a000000| Untracked 
| 125|0x000000008a100000, 0x000000008a100000, 0x000000008a200000|  0%| F|  |TAMS 0x000000008a100000, 0x000000008a100000| Untracked 
| 126|0x000000008a200000, 0x000000008a200000, 0x000000008a300000|  0%| F|  |TAMS 0x000000008a200000, 0x000000008a200000| Untracked 
| 127|0x000000008a300000, 0x000000008a300000, 0x000000008a400000|  0%| F|  |TAMS 0x000000008a300000, 0x000000008a300000| Untracked 
| 128|0x000000008a400000, 0x000000008a400000, 0x000000008a500000|  0%| F|  |TAMS 0x000000008a400000, 0x000000008a400000| Untracked 
| 129|0x000000008a500000, 0x000000008a500000, 0x000000008a600000|  0%| F|  |TAMS 0x000000008a500000, 0x000000008a500000| Untracked 
| 130|0x000000008a600000, 0x000000008a600000, 0x000000008a700000|  0%| F|  |TAMS 0x000000008a600000, 0x000000008a600000| Untracked 
| 131|0x000000008a700000, 0x000000008a700000, 0x000000008a800000|  0%| F|  |TAMS 0x000000008a700000, 0x000000008a700000| Untracked 
| 132|0x000000008a800000, 0x000000008a800000, 0x000000008a900000|  0%| F|  |TAMS 0x000000008a800000, 0x000000008a800000| Untracked 
| 133|0x000000008a900000, 0x000000008a900000, 0x000000008aa00000|  0%| F|  |TAMS 0x000000008a900000, 0x000000008a900000| Untracked 
| 134|0x000000008aa00000, 0x000000008aa00000, 0x000000008ab00000|  0%| F|  |TAMS 0x000000008aa00000, 0x000000008aa00000| Untracked 
| 135|0x000000008ab00000, 0x000000008ab00000, 0x000000008ac00000|  0%| F|  |TAMS 0x000000008ab00000, 0x000000008ab00000| Untracked 
| 136|0x000000008ac00000, 0x000000008ac00000, 0x000000008ad00000|  0%| F|  |TAMS 0x000000008ac00000, 0x000000008ac00000| Untracked 
| 137|0x000000008ad00000, 0x000000008ad00000, 0x000000008ae00000|  0%| F|  |TAMS 0x000000008ad00000, 0x000000008ad00000| Untracked 
| 138|0x000000008ae00000, 0x000000008ae00000, 0x000000008af00000|  0%| F|  |TAMS 0x000000008ae00000, 0x000000008ae00000| Untracked 
| 139|0x000000008af00000, 0x000000008af00000, 0x000000008b000000|  0%| F|  |TAMS 0x000000008af00000, 0x000000008af00000| Untracked 
| 140|0x000000008b000000, 0x000000008b000000, 0x000000008b100000|  0%| F|  |TAMS 0x000000008b000000, 0x000000008b000000| Untracked 
| 141|0x000000008b100000, 0x000000008b100000, 0x000000008b200000|  0%| F|  |TAMS 0x000000008b100000, 0x000000008b100000| Untracked 
| 142|0x000000008b200000, 0x000000008b280800, 0x000000008b300000| 50%| E|  |TAMS 0x000000008b200000, 0x000000008b200000| Complete 
| 143|0x000000008b300000, 0x000000008b400000, 0x000000008b400000|100%| E|CS|TAMS 0x000000008b300000, 0x000000008b300000| Complete 
| 144|0x000000008b400000, 0x000000008b500000, 0x000000008b500000|100%| E|CS|TAMS 0x000000008b400000, 0x000000008b400000| Complete 
| 145|0x000000008b500000, 0x000000008b600000, 0x000000008b600000|100%| E|CS|TAMS 0x000000008b500000, 0x000000008b500000| Complete 
| 146|0x000000008b600000, 0x000000008b700000, 0x000000008b700000|100%| E|CS|TAMS 0x000000008b600000, 0x000000008b600000| Complete 
| 147|0x000000008b700000, 0x000000008b800000, 0x000000008b800000|100%| E|CS|TAMS 0x000000008b700000, 0x000000008b700000| Complete 
| 148|0x000000008b800000, 0x000000008b900000, 0x000000008b900000|100%| E|CS|TAMS 0x000000008b800000, 0x000000008b800000| Complete 
| 149|0x000000008b900000, 0x000000008ba00000, 0x000000008ba00000|100%| E|CS|TAMS 0x000000008b900000, 0x000000008b900000| Complete 
| 150|0x000000008ba00000, 0x000000008bb00000, 0x000000008bb00000|100%| E|CS|TAMS 0x000000008ba00000, 0x000000008ba00000| Complete 
| 151|0x000000008bb00000, 0x000000008bc00000, 0x000000008bc00000|100%| E|CS|TAMS 0x000000008bb00000, 0x000000008bb00000| Complete 

Card table byte_map: [0x00000266b9560000,0x00000266b9950000] _byte_map_base: 0x00000266b914e000

Marking Bits (Prev, Next): (CMBitMap*) 0x00000266a1a02440, (CMBitMap*) 0x00000266a1a02408
 Prev Bits: [0x00000266bbcb0000, 0x00000266bdc20000)
 Next Bits: [0x00000266b9d40000, 0x00000266bbcb0000)

Polling page: 0x000002669f910000

Metaspace:

Usage:
  Non-class:     29.53 MB capacity,    28.75 MB ( 97%) used,   652.16 KB (  2%) free+waste,   145.81 KB ( <1%) overhead. 
      Class:      3.96 MB capacity,     3.41 MB ( 86%) used,   486.49 KB ( 12%) free+waste,    71.56 KB (  2%) overhead. 
       Both:     33.48 MB capacity,    32.16 MB ( 96%) used,     1.11 MB (  3%) free+waste,   217.38 KB ( <1%) overhead. 

Virtual space:
  Non-class space:       30.00 MB reserved,      29.75 MB (>99%) committed 
      Class space:        1.00 GB reserved,       4.00 MB ( <1%) committed 
             Both:        1.03 GB reserved,      33.75 MB (  3%) committed 

Chunk freelists:
   Non-Class:  36.00 KB
       Class:  0 bytes
        Both:  36.00 KB

MaxMetaspaceSize: 17179869184.00 GB
CompressedClassSpaceSize: 1.00 GB
Initial GC threshold: 20.80 MB
Current GC threshold: 35.00 MB
CDS: off

CodeHeap 'non-profiled nmethods': size=120064Kb used=2033Kb max_used=2033Kb free=118030Kb
 bounds [0x00000266b1c30000, 0x00000266b1ea0000, 0x00000266b9170000]
CodeHeap 'profiled nmethods': size=120000Kb used=7513Kb max_used=7513Kb free=112487Kb
 bounds [0x00000266aa700000, 0x00000266aae60000, 0x00000266b1c30000]
CodeHeap 'non-nmethods': size=5696Kb used=1269Kb max_used=1316Kb free=4426Kb
 bounds [0x00000266aa170000, 0x00000266aa3e0000, 0x00000266aa700000]
 total_blobs=3795 nmethods=3237 adapters=470
 compilation: enabled
              stopped_count=0, restarted_count=0
 full_count=0

Compilation events (20 events):
Event: 8.248 Thread 0x00000266c0146000 nmethod 3207 0x00000266b1e0f390 code [0x00000266b1e0f560, 0x00000266b1e0fa68]
Event: 8.248 Thread 0x00000266c0146000 3204       4       java.lang.invoke.LambdaForm::useCount (90 bytes)
Event: 8.254 Thread 0x00000266c0146000 nmethod 3204 0x00000266b1e0fd10 code [0x00000266b1e0fec0, 0x00000266b1e10248]
Event: 8.255 Thread 0x00000266c0146000 3199       4       jdk.internal.org.objectweb.asm.MethodWriter::visitVarInsn (300 bytes)
Event: 8.270 Thread 0x00000266c0146000 nmethod 3199 0x00000266b1e10610 code [0x00000266b1e10800, 0x00000266b1e11508]
Event: 8.270 Thread 0x00000266c0146000 3228       4       java.lang.invoke.MethodType::makeImpl (108 bytes)
Event: 8.292 Thread 0x00000266c0c5c800 nmethod 3125 0x00000266b1e11a90 code [0x00000266b1e12300, 0x00000266b1e1c048]
Event: 8.522 Thread 0x00000266c0146000 nmethod 3228 0x00000266b1e20590 code [0x00000266b1e20be0, 0x00000266b1e27960]
Event: 9.536 Thread 0x00000266c0154800 3238       3       java.nio.Buffer::remaining (20 bytes)
Event: 9.537 Thread 0x00000266c0154800 nmethod 3238 0x00000266aae1fc90 code [0x00000266aae1fe40, 0x00000266aae1ff98]
Event: 9.538 Thread 0x00000266c0154800 3239       1       jdk.internal.net.http.common.DebugLogger::on (5 bytes)
Event: 9.539 Thread 0x00000266c0154800 nmethod 3239 0x00000266b1e2a210 code [0x00000266b1e2a3c0, 0x00000266b1e2a478]
Event: 9.540 Thread 0x00000266c0154800 3240       3       java.nio.HeapByteBuffer::get (14 bytes)
Event: 9.540 Thread 0x00000266c0154800 nmethod 3240 0x00000266aae20010 code [0x00000266aae201e0, 0x00000266aae20508]
Event: 9.541 Thread 0x00000266c0154800 3241       3       java.lang.invoke.VarForm::getMemberName (21 bytes)
Event: 9.541 Thread 0x00000266c0154800 nmethod 3241 0x00000266aae20690 code [0x00000266aae20860, 0x00000266aae20a88]
Event: 9.551 Thread 0x00000266c0146000 3242   !   4       java.util.concurrent.ConcurrentHashMap::transfer (828 bytes)
Event: 9.559 Thread 0x00000266c0154800 3248       3       jdk.internal.org.objectweb.asm.Frame::execute (2264 bytes)
Event: 9.569 Thread 0x00000266c0154800 nmethod 3248 0x00000266aae20b90 code [0x00000266aae21a20, 0x00000266aae28a98]
Event: 9.571 Thread 0x00000266c0154800 3250       3       java.lang.invoke.InvokerBytecodeGenerator::isStaticallyNameable (148 bytes)

GC Heap History (14 events):
Event: 0.939 GC heap before
{Heap before GC invocations=0 (full 0):
 garbage-first heap   total 129024K, used 15360K [0x0000000082400000, 0x0000000100000000)
  region size 1024K, 14 young (14336K), 0 survivors (0K)
 Metaspace       used 10086K, capacity 10336K, committed 10496K, reserved 1058816K
  class space    used 932K, capacity 1022K, committed 1024K, reserved 1048576K
}
Event: 0.944 GC heap after
{Heap after GC invocations=1 (full 0):
 garbage-first heap   total 129024K, used 4063K [0x0000000082400000, 0x0000000100000000)
  region size 1024K, 2 young (2048K), 2 survivors (2048K)
 Metaspace       used 10086K, capacity 10336K, committed 10496K, reserved 1058816K
  class space    used 932K, capacity 1022K, committed 1024K, reserved 1048576K
}
Event: 1.221 GC heap before
{Heap before GC invocations=1 (full 0):
 garbage-first heap   total 129024K, used 14303K [0x0000000082400000, 0x0000000100000000)
  region size 1024K, 12 young (12288K), 2 survivors (2048K)
 Metaspace       used 12137K, capacity 12324K, committed 12544K, reserved 1060864K
  class space    used 1142K, capacity 1215K, committed 1280K, reserved 1048576K
}
Event: 1.225 GC heap after
{Heap after GC invocations=2 (full 0):
 garbage-first heap   total 129024K, used 4633K [0x0000000082400000, 0x0000000100000000)
  region size 1024K, 1 young (1024K), 1 survivors (1024K)
 Metaspace       used 12137K, capacity 12324K, committed 12544K, reserved 1060864K
  class space    used 1142K, capacity 1215K, committed 1280K, reserved 1048576K
}
Event: 2.486 GC heap before
{Heap before GC invocations=2 (full 0):
 garbage-first heap   total 129024K, used 35353K [0x0000000082400000, 0x0000000100000000)
  region size 1024K, 31 young (31744K), 1 survivors (1024K)
 Metaspace       used 17409K, capacity 17631K, committed 17920K, reserved 1064960K
  class space    used 1620K, capacity 1706K, committed 1792K, reserved 1048576K
}
Event: 2.495 GC heap after
{Heap after GC invocations=3 (full 0):
 garbage-first heap   total 129024K, used 9738K [0x0000000082400000, 0x0000000100000000)
  region size 1024K, 4 young (4096K), 4 survivors (4096K)
 Metaspace       used 17409K, capacity 17631K, committed 17920K, reserved 1064960K
  class space    used 1620K, capacity 1706K, committed 1792K, reserved 1048576K
}
Event: 3.120 GC heap before
{Heap before GC invocations=3 (full 0):
 garbage-first heap   total 129024K, used 58890K [0x0000000082400000, 0x0000000100000000)
  region size 1024K, 52 young (53248K), 4 survivors (4096K)
 Metaspace       used 18958K, capacity 19232K, committed 19328K, reserved 1067008K
  class space    used 1726K, capacity 1834K, committed 1920K, reserved 1048576K
}
Event: 3.139 GC heap after
{Heap after GC invocations=4 (full 0):
 garbage-first heap   total 129024K, used 17313K [0x0000000082400000, 0x0000000100000000)
  region size 1024K, 7 young (7168K), 7 survivors (7168K)
 Metaspace       used 18958K, capacity 19232K, committed 19328K, reserved 1067008K
  class space    used 1726K, capacity 1834K, committed 1920K, reserved 1048576K
}
Event: 3.634 GC heap before
{Heap before GC invocations=4 (full 0):
 garbage-first heap   total 129024K, used 54177K [0x0000000082400000, 0x0000000100000000)
  region size 1024K, 44 young (45056K), 7 survivors (7168K)
 Metaspace       used 20945K, capacity 21199K, committed 21248K, reserved 1069056K
  class space    used 1911K, capacity 1999K, committed 2048K, reserved 1048576K
}
Event: 3.650 GC heap after
{Heap after GC invocations=5 (full 0):
 garbage-first heap   total 129024K, used 22153K [0x0000000082400000, 0x0000000100000000)
  region size 1024K, 5 young (5120K), 5 survivors (5120K)
 Metaspace       used 20945K, capacity 21199K, committed 21248K, reserved 1069056K
  class space    used 1911K, capacity 1999K, committed 2048K, reserved 1048576K
}
Event: 4.514 GC heap before
{Heap before GC invocations=6 (full 0):
 garbage-first heap   total 129024K, used 71305K [0x0000000082400000, 0x0000000100000000)
  region size 1024K, 53 young (54272K), 5 survivors (5120K)
 Metaspace       used 24393K, capacity 25027K, committed 25216K, reserved 1071104K
  class space    used 2382K, capacity 2653K, committed 2688K, reserved 1048576K
}
Event: 4.528 GC heap after
{Heap after GC invocations=7 (full 0):
 garbage-first heap   total 129024K, used 26305K [0x0000000082400000, 0x0000000100000000)
  region size 1024K, 4 young (4096K), 4 survivors (4096K)
 Metaspace       used 24393K, capacity 25027K, committed 25216K, reserved 1071104K
  class space    used 2382K, capacity 2653K, committed 2688K, reserved 1048576K
}
Event: 7.640 GC heap before
{Heap before GC invocations=7 (full 0):
 garbage-first heap   total 129024K, used 77505K [0x0000000082400000, 0x0000000100000000)
  region size 1024K, 54 young (55296K), 4 survivors (4096K)
 Metaspace       used 30964K, capacity 31970K, committed 32128K, reserved 1077248K
  class space    used 3209K, capacity 3591K, committed 3712K, reserved 1048576K
}
Event: 7.659 GC heap after
{Heap after GC invocations=8 (full 0):
 garbage-first heap   total 155648K, used 31604K [0x0000000082400000, 0x0000000100000000)
  region size 1024K, 7 young (7168K), 7 survivors (7168K)
 Metaspace       used 30964K, capacity 31970K, committed 32128K, reserved 1077248K
  class space    used 3209K, capacity 3591K, committed 3712K, reserved 1048576K
}

Deoptimization events (20 events):
Event: 7.325 Thread 0x00000266a19c1800 DEOPT PACKING pc=0x00000266aad96438 sp=0x000000e68dffae10
Event: 7.325 Thread 0x00000266a19c1800 DEOPT UNPACKING pc=0x00000266aa1ba95e sp=0x000000e68dffa290 mode 0
Event: 7.326 Thread 0x00000266a19c1800 DEOPT PACKING pc=0x00000266aad96438 sp=0x000000e68dffae10
Event: 7.326 Thread 0x00000266a19c1800 DEOPT UNPACKING pc=0x00000266aa1ba95e sp=0x000000e68dffa290 mode 0
Event: 7.328 Thread 0x00000266a19c1800 DEOPT PACKING pc=0x00000266aad96438 sp=0x000000e68dffae10
Event: 7.328 Thread 0x00000266a19c1800 DEOPT UNPACKING pc=0x00000266aa1ba95e sp=0x000000e68dffa290 mode 0
Event: 7.819 Thread 0x00000266c17e4800 Uncommon trap: trap_request=0xffffff4d fr.pc=0x00000266b1dbd128 relative=0x0000000000003c08
Event: 7.819 Thread 0x00000266c17e4800 Uncommon trap: reason=unstable_if action=reinterpret pc=0x00000266b1dbd128 method=jdk.internal.org.objectweb.asm.Type.getArgumentsAndReturnSizes(Ljava/lang/String;)I @ 47 c2
Event: 7.819 Thread 0x00000266c17e4800 DEOPT PACKING pc=0x00000266b1dbd128 sp=0x000000e68fcfc240
Event: 7.819 Thread 0x00000266c17e4800 DEOPT UNPACKING pc=0x00000266aa1ba1af sp=0x000000e68fcfc0f0 mode 2
Event: 7.841 Thread 0x00000266c2175000 Uncommon trap: trap_request=0xffffff4d fr.pc=0x00000266b1dfa888 relative=0x00000000000000e8
Event: 7.841 Thread 0x00000266c2175000 Uncommon trap: reason=unstable_if action=reinterpret pc=0x00000266b1dfa888 method=java.lang.ThreadLocal$ThreadLocalMap.getEntry(Ljava/lang/ThreadLocal;)Ljava/lang/ThreadLocal$ThreadLocalMap$Entry; @ 29 c2
Event: 7.841 Thread 0x00000266c2175000 DEOPT PACKING pc=0x00000266b1dfa888 sp=0x000000e68fefc310
Event: 7.841 Thread 0x00000266c2175000 DEOPT UNPACKING pc=0x00000266aa1ba1af sp=0x000000e68fefc2b8 mode 2
Event: 9.551 Thread 0x00000266c2175000 DEOPT PACKING pc=0x00000266aad2e8f6 sp=0x000000e68fefc470
Event: 9.551 Thread 0x00000266c2175000 DEOPT UNPACKING pc=0x00000266aa1ba95e sp=0x000000e68fefb990 mode 0
Event: 9.554 Thread 0x00000266c2175000 Uncommon trap: trap_request=0xffffff76 fr.pc=0x00000266b1e10190 relative=0x00000000000002d0
Event: 9.554 Thread 0x00000266c2175000 Uncommon trap: reason=loop_limit_check action=maybe_recompile pc=0x00000266b1e10190 method=java.lang.invoke.LambdaForm.useCount(Ljava/lang/invoke/LambdaForm$Name;)I @ 62 c2
Event: 9.555 Thread 0x00000266c2175000 DEOPT PACKING pc=0x00000266b1e10190 sp=0x000000e68fefcbc0
Event: 9.555 Thread 0x00000266c2175000 DEOPT UNPACKING pc=0x00000266aa1ba1af sp=0x000000e68fefcb40 mode 2

Classes redefined (0 events):
No events

Internal exceptions (20 events):
Event: 7.072 Thread 0x00000266a19c1800 Exception <a 'java/lang/NoSuchMethodError'{0x000000008817e350}: 'java.lang.Object java.lang.invoke.DirectMethodHandle$Holder.invokeStaticInit(java.lang.Object, java.lang.Object, int)'> (0x000000008817e350) thrown at [s\src\hotspot\share\interpreter\linkResolver.cpp, line 773]
Event: 7.076 Thread 0x00000266a19c1800 Exception <a 'java/lang/NoSuchMethodError'{0x00000000881a6820}: 'int java.lang.invoke.DirectMethodHandle$Holder.invokeSpecialIFC(java.lang.Object, java.lang.Object, java.lang.Object)'> (0x00000000881a6820) thrown at [s\src\hotspot\share\interpreter\linkResolver.cpp, line 773]
Event: 7.162 Thread 0x00000266a19c1800 Exception <a 'sun/nio/fs/WindowsException'{0x0000000087f61f28}> (0x0000000087f61f28) thrown at [s\src\hotspot\share\prims\jni.cpp, line 617]
Event: 7.177 Thread 0x00000266a19c1800 Exception <a 'java/lang/NoSuchMethodError'{0x0000000087f96ec8}: 'int java.lang.invoke.DirectMethodHandle$Holder.invokeStaticInit(java.lang.Object, java.lang.Object, java.lang.Object, java.lang.Object)'> (0x0000000087f96ec8) thrown at [s\src\hotspot\share\interpreter\linkResolver.cpp, line 773]
Event: 7.178 Thread 0x00000266a19c1800 Exception <a 'java/lang/NoSuchMethodError'{0x0000000087fa23d0}: 'void java.lang.invoke.DirectMethodHandle$Holder.invokeStaticInit(java.lang.Object, java.lang.Object)'> (0x0000000087fa23d0) thrown at [s\src\hotspot\share\interpreter\linkResolver.cpp, line 773]
Event: 7.460 Thread 0x00000266a19c1800 Exception <a 'java/lang/NoSuchMethodError'{0x000000008720f158}: 'java.lang.Object java.lang.invoke.DirectMethodHandle$Holder.invokeInterface(java.lang.Object, java.lang.Object, java.lang.Object)'> (0x000000008720f158) thrown at [s\src\hotspot\share\interpreter\linkResolver.cpp, line 773]
Event: 7.460 Thread 0x00000266a19c1800 Exception <a 'java/lang/IncompatibleClassChangeError'{0x00000000872120e0}: Found class java.lang.Object, but interface was expected> (0x00000000872120e0) thrown at [s\src\hotspot\share\interpreter\linkResolver.cpp, line 839]
Event: 7.462 Thread 0x00000266a19c1800 Exception <a 'java/lang/NoSuchMethodError'{0x000000008721ae90}: 'int java.lang.invoke.DirectMethodHandle$Holder.invokeSpecialIFC(java.lang.Object, java.lang.Object, java.lang.Object, java.lang.Object)'> (0x000000008721ae90) thrown at [s\src\hotspot\share\interpreter\linkResolver.cpp, line 773]
Event: 7.472 Thread 0x00000266a19c1800 Exception <a 'java/lang/NoSuchMethodError'{0x00000000872cff10}: 'java.lang.Object java.lang.invoke.DirectMethodHandle$Holder.invokeVirtual(java.lang.Object, java.lang.Object, java.lang.Object, java.lang.Object)'> (0x00000000872cff10) thrown at [s\src\hotspot\share\interpreter\linkResolver.cpp, line 773]
Event: 7.518 Thread 0x00000266c3379800 Exception <a 'java/net/ConnectException'{0x00000000871d7058}: Connection refused: connect> (0x00000000871d7058) thrown at [s\src\hotspot\share\prims\jni.cpp, line 638]
Event: 7.537 Thread 0x00000266c3379800 Exception <a 'java/net/ConnectException'{0x00000000871d8838}: Connection refused: connect> (0x00000000871d8838) thrown at [s\src\hotspot\share\prims\jni.cpp, line 638]
Event: 7.572 Thread 0x00000266c3379800 Exception <a 'java/net/ConnectException'{0x00000000871d9778}: Connection refused: connect> (0x00000000871d9778) thrown at [s\src\hotspot\share\prims\jni.cpp, line 638]
Event: 7.694 Thread 0x00000266a19c1800 Exception <a 'java/lang/NoSuchMethodError'{0x000000008ba79920}: 'java.lang.Object java.lang.invoke.Invokers$Holder.linkToTargetMethod(java.lang.Object, int, int, java.lang.Object)'> (0x000000008ba79920) thrown at [s\src\hotspot\share\interpreter\linkResolver.cpp, line 773]
Event: 7.698 Thread 0x00000266a19c1800 Exception <a 'java/lang/NoSuchMethodError'{0x000000008ba7ffb0}: 'void java.lang.invoke.DirectMethodHandle$Holder.invokeStatic(java.lang.Object, java.lang.Object, int)'> (0x000000008ba7ffb0) thrown at [s\src\hotspot\share\interpreter\linkResolver.cpp, line 773]
Event: 7.774 Thread 0x00000266c17e4800 Exception <a 'java/lang/NoSuchMethodError'{0x000000008b7863c8}: 'java.lang.Object java.lang.invoke.DirectMethodHandle$Holder.invokeSpecial(java.lang.Object, java.lang.Object, int, int, java.lang.Object, java.lang.Object, int)'> (0x000000008b7863c8) thrown at [s\src\hotspot\share\interpreter\linkResolver.cpp, line 773]
Event: 7.774 Thread 0x00000266c17e4800 Exception <a 'java/lang/NoSuchMethodError'{0x000000008b789858}: 'java.lang.Object java.lang.invoke.DelegatingMethodHandle$Holder.reinvoke_L(java.lang.Object, int, int, java.lang.Object, java.lang.Object, int)'> (0x000000008b789858) thrown at [s\src\hotspot\share\interpreter\linkResolver.cpp, line 773]
Event: 7.775 Thread 0x00000266c17e4800 Exception <a 'java/lang/NoSuchMethodError'{0x000000008b79a5b0}: 'java.lang.Object java.lang.invoke.DirectMethodHandle$Holder.invokeSpecial(java.lang.Object, java.lang.Object, java.lang.Object, java.lang.Object, int)'> (0x000000008b79a5b0) thrown at [s\src\hotspot\share\interpreter\linkResolver.cpp, line 773]
Event: 7.775 Thread 0x00000266c17e4800 Exception <a 'java/lang/NoSuchMethodError'{0x000000008b79d8d0}: 'java.lang.Object java.lang.invoke.Invokers$Holder.linkToTargetMethod(java.lang.Object, java.lang.Object, int, java.lang.Object)'> (0x000000008b79d8d0) thrown at [s\src\hotspot\share\interpreter\linkResolver.cpp, line 773]
Event: 7.810 Thread 0x00000266c17e4800 Exception <a 'java/lang/NoSuchMethodError'{0x000000008b631018}: 'void java.lang.invoke.DirectMethodHandle$Holder.invokeSpecial(java.lang.Object, java.lang.Object, java.lang.Object, java.lang.Object, java.lang.Object)'> (0x000000008b631018) thrown at [s\src\hotspot\share\interpreter\linkResolver.cpp, line 773]
Event: 7.819 Thread 0x00000266c17e4800 Exception <a 'java/lang/NoSuchMethodError'{0x000000008b661b18}: 'long java.lang.invoke.DirectMethodHandle$Holder.invokeStatic(java.lang.Object, long, long)'> (0x000000008b661b18) thrown at [s\src\hotspot\share\interpreter\linkResolver.cpp, line 773]

Events (20 events):
Event: 9.550 Executing VM operation: RevokeBias
Event: 9.550 Executing VM operation: RevokeBias done
Event: 9.550 Executing VM operation: BulkRevokeBias
Event: 9.550 Executing VM operation: BulkRevokeBias done
Event: 9.553 loading class java/util/stream/ReferencePipeline$5$1
Event: 9.553 loading class java/util/stream/ReferencePipeline$5$1 done
Event: 9.553 loading class jdk/internal/net/http/Http1Response$Http1BodySubscriber
Event: 9.553 loading class jdk/internal/net/http/Http1Response$Http1BodySubscriber done
Event: 9.555 loading class jdk/internal/net/http/Http1Response
Event: 9.555 loading class jdk/internal/net/http/Http1Response done
Event: 9.557 loading class jdk/internal/net/http/Http1Response
Event: 9.557 loading class jdk/internal/net/http/Http1Response done
Event: 9.558 loading class jdk/internal/net/http/common/FlowTube
Event: 9.558 loading class jdk/internal/net/http/common/FlowTube done
Event: 9.558 Executing VM operation: RevokeBias
Event: 9.559 Executing VM operation: RevokeBias done
Event: 9.574 loading class jdk/internal/net/http/Http1Response$Http1BodySubscriber
Event: 9.574 loading class jdk/internal/net/http/Http1Response$Http1BodySubscriber done
Event: 9.574 loading class jdk/internal/net/http/Http1Response
Event: 9.574 loading class jdk/internal/net/http/Http1Response done


Dynamic libraries:
0x00007ff6ed3b0000 - 0x00007ff6ed3be000 	C:\Users\Admin\.jdks\corretto-11.0.26\bin\java.exe
0x00007ff86fbf0000 - 0x00007ff86fde8000 	C:\Windows\SYSTEM32\ntdll.dll
0x00007ff86f6e0000 - 0x00007ff86f79d000 	C:\Windows\System32\KERNEL32.DLL
0x00007ff86d310000 - 0x00007ff86d5de000 	C:\Windows\System32\KERNELBASE.dll
0x00007ff86d610000 - 0x00007ff86d710000 	C:\Windows\System32\ucrtbase.dll
0x00007ff866450000 - 0x00007ff866467000 	C:\Users\Admin\.jdks\corretto-11.0.26\bin\jli.dll
0x00007ff866fe0000 - 0x00007ff866ffb000 	C:\Users\Admin\.jdks\corretto-11.0.26\bin\VCRUNTIME140.dll
0x00007ff86f340000 - 0x00007ff86f4e0000 	C:\Windows\System32\USER32.dll
0x00007ff86c720000 - 0x00007ff86c9ba000 	C:\Windows\WinSxS\amd64_microsoft.windows.common-controls_6595b64144ccf1df_6.0.19041.1110_none_60b5254171f9507e\COMCTL32.dll
0x00007ff86dc20000 - 0x00007ff86dc42000 	C:\Windows\System32\win32u.dll
0x00007ff86f7a0000 - 0x00007ff86f83e000 	C:\Windows\System32\msvcrt.dll
0x00007ff86f6b0000 - 0x00007ff86f6da000 	C:\Windows\System32\GDI32.dll
0x00007ff86d910000 - 0x00007ff86da1b000 	C:\Windows\System32\gdi32full.dll
0x00007ff86da20000 - 0x00007ff86dabd000 	C:\Windows\System32\msvcp_win.dll
0x00007ff86f9f0000 - 0x00007ff86fa20000 	C:\Windows\System32\IMM32.DLL
0x00007ff86b080000 - 0x00007ff86b08c000 	C:\Users\Admin\.jdks\corretto-11.0.26\bin\vcruntime140_1.dll
0x00007ff864e30000 - 0x00007ff864ebd000 	C:\Users\Admin\.jdks\corretto-11.0.26\bin\msvcp140.dll
0x00007ff83b1e0000 - 0x00007ff83bda5000 	C:\Users\Admin\.jdks\corretto-11.0.26\bin\server\jvm.dll
0x00007ff86e3a0000 - 0x00007ff86e44e000 	C:\Windows\System32\ADVAPI32.dll
0x00007ff86f080000 - 0x00007ff86f11c000 	C:\Windows\System32\sechost.dll
0x00007ff86fa80000 - 0x00007ff86fba5000 	C:\Windows\System32\RPCRT4.dll
0x00007ff86f970000 - 0x00007ff86f9db000 	C:\Windows\System32\WS2_32.dll
0x00007ff86f9e0000 - 0x00007ff86f9e8000 	C:\Windows\System32\PSAPI.DLL
0x00007ff8697c0000 - 0x00007ff8697ca000 	C:\Windows\SYSTEM32\VERSION.dll
0x00007ff857fe0000 - 0x00007ff858007000 	C:\Windows\SYSTEM32\WINMM.dll
0x00007ff86aec0000 - 0x00007ff86aed2000 	C:\Windows\SYSTEM32\kernel.appcore.dll
0x00007ff866d00000 - 0x00007ff866d10000 	C:\Users\Admin\.jdks\corretto-11.0.26\bin\verify.dll
0x00007ff86cd40000 - 0x00007ff86cf24000 	C:\Windows\SYSTEM32\DBGHELP.DLL
0x00007ff86caf0000 - 0x00007ff86cb1c000 	C:\Windows\SYSTEM32\dbgcore.DLL
0x00007ff86d760000 - 0x00007ff86d7e2000 	C:\Windows\System32\bcryptPrimitives.dll
0x00007ff8660c0000 - 0x00007ff8660e8000 	C:\Users\Admin\.jdks\corretto-11.0.26\bin\java.dll
0x00007ff866af0000 - 0x00007ff866afa000 	C:\Users\Admin\.jdks\corretto-11.0.26\bin\jimage.dll
0x00007ff866430000 - 0x00007ff86643e000 	C:\Users\Admin\.jdks\corretto-11.0.26\bin\instrument.dll
0x00007ff866120000 - 0x00007ff866138000 	C:\Users\Admin\.jdks\corretto-11.0.26\bin\zip.dll
0x00007ff86dc50000 - 0x00007ff86e394000 	C:\Windows\System32\SHELL32.dll
0x00007ff86a610000 - 0x00007ff86ada4000 	C:\Windows\SYSTEM32\windows.storage.dll
0x00007ff86ed20000 - 0x00007ff86f074000 	C:\Windows\System32\combase.dll
0x00007ff86c680000 - 0x00007ff86c6b0000 	C:\Windows\SYSTEM32\Wldp.dll
0x00007ff86ead0000 - 0x00007ff86eb7d000 	C:\Windows\System32\SHCORE.dll
0x00007ff86e5e0000 - 0x00007ff86e635000 	C:\Windows\System32\shlwapi.dll
0x00007ff86d250000 - 0x00007ff86d26f000 	C:\Windows\SYSTEM32\profapi.dll
0x00007ff8660a0000 - 0x00007ff8660b9000 	C:\Users\Admin\.jdks\corretto-11.0.26\bin\net.dll
0x00007ff869f60000 - 0x00007ff86a06a000 	C:\Windows\SYSTEM32\WINHTTP.dll
0x00007ff86c370000 - 0x00007ff86c3da000 	C:\Windows\system32\mswsock.dll
0x00007ff864860000 - 0x00007ff864872000 	C:\Users\Admin\.jdks\corretto-11.0.26\bin\nio.dll
0x00007ff8647d0000 - 0x00007ff8647ea000 	F:\Java\InteliJi IDEA\IntelliJ IDEA Community Edition 2022.3\bin\breakgen64.dll
0x00007ff86d0a0000 - 0x00007ff86d0b8000 	C:\Windows\SYSTEM32\CRYPTSP.dll
0x00007ff86bd80000 - 0x00007ff86bdb4000 	C:\Windows\system32\rsaenh.dll
0x00007ff86d5e0000 - 0x00007ff86d607000 	C:\Windows\System32\bcrypt.dll
0x00007ff86d210000 - 0x00007ff86d23e000 	C:\Windows\SYSTEM32\USERENV.dll
0x00007ff86c670000 - 0x00007ff86c67c000 	C:\Windows\SYSTEM32\CRYPTBASE.dll
0x00007ff86c0a0000 - 0x00007ff86c0db000 	C:\Windows\SYSTEM32\IPHLPAPI.DLL
0x00007ff86f6a0000 - 0x00007ff86f6a8000 	C:\Windows\System32\NSI.dll
0x00007ff861d30000 - 0x00007ff861d47000 	C:\Windows\SYSTEM32\dhcpcsvc6.DLL
0x00007ff862c60000 - 0x00007ff862c7d000 	C:\Windows\SYSTEM32\dhcpcsvc.DLL
0x00007ff86c0e0000 - 0x00007ff86c1ab000 	C:\Windows\SYSTEM32\DNSAPI.dll
0x00007ff85bbe0000 - 0x00007ff85bbea000 	C:\Windows\System32\rasadhlp.dll
0x00007ff85b2b0000 - 0x00007ff85b330000 	C:\Windows\System32\fwpuclnt.dll
0x00007ff8663d0000 - 0x00007ff8663d9000 	C:\Users\Admin\.jdks\corretto-11.0.26\bin\management.dll
0x00007ff866040000 - 0x00007ff86604b000 	C:\Users\Admin\.jdks\corretto-11.0.26\bin\management_ext.dll
0x00007ff857090000 - 0x00007ff8570b7000 	C:\Users\Admin\.jdks\corretto-11.0.26\bin\sunec.dll

dbghelp: loaded successfully - version: 4.0.5 - missing functions: none
symbol engine: initialized successfully - sym options: 0x614 - pdb path: .;C:\Users\Admin\.jdks\corretto-11.0.26\bin;C:\Windows\SYSTEM32;C:\Windows\WinSxS\amd64_microsoft.windows.common-controls_6595b64144ccf1df_6.0.19041.1110_none_60b5254171f9507e;C:\Users\Admin\.jdks\corretto-11.0.26\bin\server;F:\Java\InteliJi IDEA\IntelliJ IDEA Community Edition 2022.3\bin

VM Arguments:
jvm_args: -ea -javaagent:C:\Users\Admin\.m2\repository/org/aspectj/aspectjweaver/1.9.20.1/aspectjweaver-1.9.20.1.jar -Didea.test.cyclic.buffer.size=1048576 -javaagent:F:\Java\InteliJi IDEA\IntelliJ IDEA Community Edition 2022.3\lib\idea_rt.jar=52552:F:\Java\InteliJi IDEA\IntelliJ IDEA Community Edition 2022.3\bin -Dfile.encoding=UTF-8 
java_command: com.intellij.rt.testng.RemoteTestNGStarter -usedefaultlisteners false -socket52551 @w@C:\Users\Admin\AppData\Local\Temp\idea_working_dirs_testng.tmp -temp C:\Users\Admin\AppData\Local\Temp\idea_testng.tmp
java_class_path (initial): F:\Java\InteliJi IDEA\IntelliJ IDEA Community Edition 2022.3\lib\idea_rt.jar;F:\Java\InteliJi IDEA\IntelliJ IDEA Community Edition 2022.3\plugins\testng\lib\testng-rt.jar;C:\Users\Admin\IdeaProjects\iviettech-AT03-EBanking\target\test-classes;C:\Users\Admin\IdeaProjects\iviettech-AT03-EBanking\target\classes;C:\Users\Admin\.m2\repository\org\testng\testng\7.11.0\testng-7.11.0.jar;C:\Users\Admin\.m2\repository\org\slf4j\slf4j-api\2.0.16\slf4j-api-2.0.16.jar;C:\Users\Admin\.m2\repository\org\jcommander\jcommander\1.83\jcommander-1.83.jar;C:\Users\Admin\.m2\repository\org\webjars\jquery\3.7.1\jquery-3.7.1.jar;C:\Users\Admin\.m2\repository\org\seleniumhq\selenium\selenium-java\4.33.0\selenium-java-4.33.0.jar;C:\Users\Admin\.m2\repository\org\seleniumhq\selenium\selenium-api\4.33.0\selenium-api-4.33.0.jar;C:\Users\Admin\.m2\repository\org\jspecify\jspecify\1.0.0\jspecify-1.0.0.jar;C:\Users\Admin\.m2\repository\org\seleniumhq\selenium\selenium-chrome-driver\4.33.0\selenium-chrome-driver-4.33.0.jar;C:\Users\Admin\.m2\repository\com\google\auto\service\auto-service-annotations\1.1.1\auto-service-annotations-1.1.1.jar;C:\Users\Admin\.m2\repository\org\seleniumhq\selenium\selenium-chromium-driver\4.33.0\selenium-chromium-driver-4.33.0.jar;C:\Users\Admin\.m2\repository\org\seleniumhq\selenium\selenium-json\4.33.0\selenium-json-4.33.0.jar;C:\Users\Admin\.m2\repository\org\seleniumhq\selenium\selenium-manager\4.33.0\selenium-manager-4.33.0.jar;C:\Users\Admin\.m2\repository\org\seleniumhq\selenium\selenium-devtools-v135\4.33.0\selenium-devtools-v135-4.33.0.jar;C:\Users\Admin\.m2\repository\org\seleniumhq\selenium\selenium-devtools-v136\4.33.0\selenium-devtools-v136-4.33.0.jar;C:\Users\Admin\.m2\repository\org\seleniumhq\selenium\selenium-devtools-v137\4.33.0\selenium-devtools-v137-4.33.0.jar;C:\Users\Admin\.m2\repository\org\seleniumhq\selenium\selenium-edge-driver\4.33.0\selenium-edge-driver-4.33.0.jar;C:\Users\Admin\.m2\repository\org\seleniumhq\sel
Launcher Type: SUN_STANDARD

[Global flags]
     intx CICompilerCount                          = 3                                         {product} {ergonomic}
     uint ConcGCThreads                            = 1                                         {product} {ergonomic}
     uint G1ConcRefinementThreads                  = 4                                         {product} {ergonomic}
   size_t G1HeapRegionSize                         = 1048576                                   {product} {ergonomic}
    uintx GCDrainStackTargetSize                   = 64                                        {product} {ergonomic}
   size_t InitialHeapSize                          = 132120576                                 {product} {ergonomic}
   size_t MarkStackSize                            = 4194304                                   {product} {ergonomic}
   size_t MaxHeapSize                              = 2109734912                                {product} {ergonomic}
   size_t MaxNewSize                               = 1265631232                                {product} {ergonomic}
   size_t MinHeapDeltaBytes                        = 1048576                                   {product} {ergonomic}
    uintx NonNMethodCodeHeapSize                   = 5830732                                {pd product} {ergonomic}
    uintx NonProfiledCodeHeapSize                  = 122913754                              {pd product} {ergonomic}
    uintx ProfiledCodeHeapSize                     = 122913754                              {pd product} {ergonomic}
    uintx ReservedCodeCacheSize                    = 251658240                              {pd product} {ergonomic}
     bool SegmentedCodeCache                       = true                                      {product} {ergonomic}
     bool UseCompressedClassPointers               = true                                 {lp64_product} {ergonomic}
     bool UseCompressedOops                        = true                                 {lp64_product} {ergonomic}
     bool UseG1GC                                  = true                                      {product} {ergonomic}
     bool UseLargePagesIndividualAllocation        = false                                  {pd product} {ergonomic}

Logging:
Log output configuration:
 #0: stdout all=warning uptime,level,tags
 #1: stderr all=off uptime,level,tags

Environment Variables:
JAVA_HOME=C:\Users\Admin\.jdks\corretto-11.0.26
PATH=C:\Program Files\Common Files\Oracle\Java\javapath;C:\Program Files (x86)\Common Files\Oracle\Java\javapath;C:\Windows\system32;C:\Windows;C:\Windows\System32\Wbem;C:\Windows\System32\WindowsPowerShell\v1.0\;C:\Windows\System32\OpenSSH\;C:\Program Files (x86)\Common Files\GTK\2.0\bin;C:\Users\Admin\dà n?ng Dropbox\huy phan\PC\Downloads\apache-jmeter-5.6\apache-jmeter-5.6\bin;C:\Program Files (x86)\Windows Kits\10\Windows Performance Toolkit\;C:\Program Files\Cloudflare\Cloudflare WARP\;C:\Users\Admin\AppData\Local\Microsoft\WindowsApps;F:\Java\InteliJi IDEA\IntelliJ IDEA Community Edition 2022.3\bin;;F:\Microsoft VS Code\bin;C:\Users\Admin\.jdks\corretto-11.0.26\bin;F:\setup allure\allure-2.34.0\allure-2.34.0\bin;
USERNAME=Admin
OS=Windows_NT
PROCESSOR_IDENTIFIER=Intel64 Family 6 Model 78 Stepping 3, GenuineIntel
TMP=C:\Users\Admin\AppData\Local\Temp
TEMP=C:\Users\Admin\AppData\Local\Temp



---------------  S Y S T E M  ---------------

OS: Windows 10 , 64 bit Build 19041 (10.0.19041.1806)
OS uptime: 100 days 23:58 hours

CPU:total 4 (initial active 4) (2 cores per cpu, 2 threads per core) family 6 model 78 stepping 3 microcode 0xcc, cmov, cx8, fxsr, mmx, sse, sse2, sse3, ssse3, sse4.1, sse4.2, popcnt, avx, avx2, aes, clmul, erms, 3dnowpref, lzcnt, ht, tsc, tscinvbit, bmi1, bmi2, adx, fma

Memory: 4k page, system-wide physical 8047M (486M free)
TotalPageFile size 13757M (AvailPageFile size 22M)
current process WorkingSet (physical memory assigned to process): 217M, peak: 221M
current process commit charge ("private bytes"): 305M, peak: 315M

vm_info: OpenJDK 64-Bit Server VM (11.0.26+4-LTS) for windows-amd64 JRE (11.0.26+4-LTS), built on Jan 13 2025 17:23:34 by "Administrator" with MS VC++ 16.10 / 16.11 (VS2019)

END.
