#
# There is insufficient memory for the Java Runtime Environment to continue.
# Native memory allocation (malloc) failed to allocate 2338576 bytes for Chunk::new
# Possible reasons:
#   The system is out of physical RAM or swap space
#   The process is running with CompressedOops enabled, and the Java Heap may be blocking the growth of the native heap
# Possible solutions:
#   Reduce memory load on the system
#   Increase physical memory or swap space
#   Check if swap backing store is full
#   Decrease Java heap size (-Xmx/-Xms)
#   Decrease number of Java threads
#   Decrease Java thread stack sizes (-Xss)
#   Set larger code cache with -XX:ReservedCodeCacheSize=
#   JVM is running with Unscaled Compressed Oops mode in which the Java heap is
#     placed in the first 4GB address space. The Java Heap base address is the
#     maximum limit for the native heap growth. Please use -XX:HeapBaseMinAddress
#     to set the Java Heap base and to place the Java Heap above 4GB virtual address.
# This output file may be truncated or incomplete.
#
#  Out of Memory Error (arena.cpp:197), pid=19088, tid=24172
#
# JRE version: OpenJDK Runtime Environment Corretto-11.0.26.4.1 (11.0.26+4) (build 11.0.26+4-LTS)
# Java VM: OpenJDK 64-Bit Server VM Corretto-11.0.26.4.1 (11.0.26+4-LTS, mixed mode, tiered, compressed oops, g1 gc, windows-amd64)
# No core dump will be written. Minidumps are not enabled by default on client versions of Windows
#

---------------  S U M M A R Y ------------

Command Line: -ea -javaagent:C:\Users\Admin\.m2\repository/org/aspectj/aspectjweaver/1.9.20.1/aspectjweaver-1.9.20.1.jar -Didea.test.cyclic.buffer.size=1048576 -javaagent:F:\Java\InteliJi IDEA\IntelliJ IDEA Community Edition 2022.3\lib\idea_rt.jar=53985:F:\Java\InteliJi IDEA\IntelliJ IDEA Community Edition 2022.3\bin -Dfile.encoding=UTF-8 com.intellij.rt.testng.RemoteTestNGStarter -usedefaultlisteners false -socket53984 @w@C:\Users\Admin\AppData\Local\Temp\idea_working_dirs_testng.tmp -temp C:\Users\Admin\AppData\Local\Temp\idea_testng.tmp

Host: Intel(R) Core(TM) i5-6200U CPU @ 2.30GHz, 4 cores, 7G,  Windows 10 , 64 bit Build 19041 (10.0.19041.1806)
Time: Sat Jul 26 18:56:28 2025 SE Asia Standard Time elapsed time: 4.503943 seconds (0d 0h 0m 4s)

---------------  T H R E A D  ---------------

Current thread (0x000001d9a9ed2800):  JavaThread "C2 CompilerThread1" daemon [_thread_in_native, id=24172, stack(0x0000004dd6600000,0x0000004dd6700000)]


Current CompileTask:
C2:   4504 2485   !   4       org.aspectj.weaver.ReferenceType::getSuperclass (170 bytes)

Stack: [0x0000004dd6600000,0x0000004dd6700000]
Native frames: (J=compiled Java code, j=interpreted, Vv=VM code, C=native code)
V  [jvm.dll+0x64644a]
V  [jvm.dll+0x7dac99]
V  [jvm.dll+0x7dc399]
V  [jvm.dll+0x7dca83]
V  [jvm.dll+0x269da5]
V  [jvm.dll+0xc217c]
V  [jvm.dll+0xc272c]
V  [jvm.dll+0x37a252]
V  [jvm.dll+0x344fd5]
V  [jvm.dll+0x3443aa]
V  [jvm.dll+0x221dff]
V  [jvm.dll+0x220e08]
V  [jvm.dll+0x19ea01]
V  [jvm.dll+0x230cb9]
V  [jvm.dll+0x22ee2f]
V  [jvm.dll+0x79bec1]
V  [jvm.dll+0x794b94]
V  [jvm.dll+0x645205]
C  [ucrtbase.dll+0x21bb2]
C  [KERNEL32.DLL+0x17034]
C  [ntdll.dll+0x52651]


---------------  P R O C E S S  ---------------

Threads class SMR info:
_java_thread_list=0x000001d9aa9b8080, length=12, elements={
0x000001d98acb7800, 0x000001d9a93fd800, 0x000001d9a9407000, 0x000001d9a9d82800,
0x000001d9a9418800, 0x000001d9a941c800, 0x000001d9a9421800, 0x000001d9a9426000,
0x000001d9a9427800, 0x000001d9a9392800, 0x000001d9a9ed2800, 0x000001d9aa9c1000
}

Java Threads: ( => current thread )
  0x000001d98acb7800 JavaThread "main" [_thread_in_Java, id=7972, stack(0x0000004dd5600000,0x0000004dd5700000)]
  0x000001d9a93fd800 JavaThread "Reference Handler" daemon [_thread_blocked, id=1516, stack(0x0000004dd5d00000,0x0000004dd5e00000)]
  0x000001d9a9407000 JavaThread "Finalizer" daemon [_thread_blocked, id=13996, stack(0x0000004dd5e00000,0x0000004dd5f00000)]
  0x000001d9a9d82800 JavaThread "Signal Dispatcher" daemon [_thread_blocked, id=1904, stack(0x0000004dd5f00000,0x0000004dd6000000)]
  0x000001d9a9418800 JavaThread "Attach Listener" daemon [_thread_blocked, id=4712, stack(0x0000004dd6000000,0x0000004dd6100000)]
  0x000001d9a941c800 JavaThread "Service Thread" daemon [_thread_blocked, id=11120, stack(0x0000004dd6100000,0x0000004dd6200000)]
  0x000001d9a9421800 JavaThread "C2 CompilerThread0" daemon [_thread_in_native, id=11352, stack(0x0000004dd6200000,0x0000004dd6300000)]
  0x000001d9a9426000 JavaThread "C1 CompilerThread0" daemon [_thread_blocked, id=23160, stack(0x0000004dd6300000,0x0000004dd6400000)]
  0x000001d9a9427800 JavaThread "Sweeper thread" daemon [_thread_blocked, id=15048, stack(0x0000004dd6400000,0x0000004dd6500000)]
  0x000001d9a9392800 JavaThread "Common-Cleaner" daemon [_thread_blocked, id=28428, stack(0x0000004dd6500000,0x0000004dd6600000)]
=>0x000001d9a9ed2800 JavaThread "C2 CompilerThread1" daemon [_thread_in_native, id=24172, stack(0x0000004dd6600000,0x0000004dd6700000)]
  0x000001d9aa9c1000 JavaThread "Monitor Ctrl-Break" daemon [_thread_in_native, id=22688, stack(0x0000004dd6900000,0x0000004dd6a00000)]

Other Threads:
  0x000001d9a93d7800 VMThread "VM Thread" [stack: 0x0000004dd5c00000,0x0000004dd5d00000] [id=19604]
  0x000001d9aa9c1800 WatcherThread [stack: 0x0000004dd6a00000,0x0000004dd6b00000] [id=8124]
  0x000001d98acd1000 GCTaskThread "GC Thread#0" [stack: 0x0000004dd5700000,0x0000004dd5800000] [id=26528]
  0x000001d9aa630800 GCTaskThread "GC Thread#1" [stack: 0x0000004dd6700000,0x0000004dd6800000] [id=16204]
  0x000001d9aa632800 GCTaskThread "GC Thread#2" [stack: 0x0000004dd6800000,0x0000004dd6900000] [id=23764]
  0x000001d98acfe000 ConcurrentGCThread "G1 Main Marker" [stack: 0x0000004dd5800000,0x0000004dd5900000] [id=11808]
  0x000001d98ad00000 ConcurrentGCThread "G1 Conc#0" [stack: 0x0000004dd5900000,0x0000004dd5a00000] [id=17368]
  0x000001d98ad8d000 ConcurrentGCThread "G1 Refine#0" [stack: 0x0000004dd5a00000,0x0000004dd5b00000] [id=15428]
  0x000001d98ad8e000 ConcurrentGCThread "G1 Young RemSet Sampling" [stack: 0x0000004dd5b00000,0x0000004dd5c00000] [id=10700]

Threads with active compile tasks:
C2 CompilerThread0     4548 2486       4       org.aspectj.weaver.bcel.BcelObjectType::getSuperclass (111 bytes)
C2 CompilerThread1     4548 2485   !   4       org.aspectj.weaver.ReferenceType::getSuperclass (170 bytes)

VM state:not at safepoint (normal execution)

VM Mutex/Monitor currently owned by a thread: None

Heap address: 0x0000000082400000, size: 2012 MB, Compressed Oops mode: 32-bit
Narrow klass base: 0x0000000000000000, Narrow klass shift: 3
Compressed class space size: 1073741824 Address: 0x0000000100000000

Heap:
 garbage-first heap   total 155648K, used 28786K [0x0000000082400000, 0x0000000100000000)
  region size 1024K, 12 young (12288K), 6 survivors (6144K)
 Metaspace       used 24709K, capacity 25436K, committed 25600K, reserved 1073152K
  class space    used 2423K, capacity 2705K, committed 2816K, reserved 1048576K
Heap Regions: E=young(eden), S=young(survivor), O=old, HS=humongous(starts), HC=humongous(continues), CS=collection set, F=free, A=archive, TAMS=top-at-mark-start (previous, next)
|   0|0x0000000082400000, 0x0000000082500000, 0x0000000082500000|100%|HS|  |TAMS 0x0000000082500000, 0x0000000082400000| Complete 
|   1|0x0000000082500000, 0x0000000082600000, 0x0000000082600000|100%| O|  |TAMS 0x0000000082600000, 0x0000000082500000| Untracked 
|   2|0x0000000082600000, 0x0000000082700000, 0x0000000082700000|100%| O|  |TAMS 0x0000000082700000, 0x0000000082600000| Untracked 
|   3|0x0000000082700000, 0x0000000082800000, 0x0000000082800000|100%| O|  |TAMS 0x0000000082800000, 0x0000000082700000| Untracked 
|   4|0x0000000082800000, 0x0000000082900000, 0x0000000082900000|100%| O|  |TAMS 0x0000000082900000, 0x0000000082800000| Untracked 
|   5|0x0000000082900000, 0x0000000082a00000, 0x0000000082a00000|100%| O|  |TAMS 0x0000000082a00000, 0x0000000082900000| Untracked 
|   6|0x0000000082a00000, 0x0000000082b00000, 0x0000000082b00000|100%| O|  |TAMS 0x0000000082b00000, 0x0000000082a00000| Untracked 
|   7|0x0000000082b00000, 0x0000000082c00000, 0x0000000082c00000|100%| O|  |TAMS 0x0000000082c00000, 0x0000000082b00000| Untracked 
|   8|0x0000000082c00000, 0x0000000082d00000, 0x0000000082d00000|100%| O|  |TAMS 0x0000000082d00000, 0x0000000082c00000| Untracked 
|   9|0x0000000082d00000, 0x0000000082e00000, 0x0000000082e00000|100%| O|  |TAMS 0x0000000082e00000, 0x0000000082d00000| Untracked 
|  10|0x0000000082e00000, 0x0000000082f00000, 0x0000000082f00000|100%| O|  |TAMS 0x0000000082f00000, 0x0000000082e00000| Untracked 
|  11|0x0000000082f00000, 0x0000000083000000, 0x0000000083000000|100%| O|  |TAMS 0x0000000083000000, 0x0000000082f00000| Untracked 
|  12|0x0000000083000000, 0x0000000083100000, 0x0000000083100000|100%| O|  |TAMS 0x0000000083100000, 0x0000000083000000| Untracked 
|  13|0x0000000083100000, 0x0000000083200000, 0x0000000083200000|100%| O|  |TAMS 0x0000000083200000, 0x0000000083100000| Untracked 
|  14|0x0000000083200000, 0x0000000083300000, 0x0000000083300000|100%| O|  |TAMS 0x0000000083300000, 0x0000000083200000| Untracked 
|  15|0x0000000083300000, 0x0000000083400000, 0x0000000083400000|100%| O|  |TAMS 0x0000000083400000, 0x0000000083300000| Untracked 
|  16|0x0000000083400000, 0x0000000083500000, 0x0000000083500000|100%| O|  |TAMS 0x0000000083500000, 0x0000000083400000| Untracked 
|  17|0x0000000083500000, 0x0000000083539400, 0x0000000083600000| 22%| O|  |TAMS 0x0000000083539400, 0x0000000083500000| Untracked 
|  18|0x0000000083600000, 0x0000000083600000, 0x0000000083700000|  0%| F|  |TAMS 0x0000000083600000, 0x0000000083600000| Untracked 
|  19|0x0000000083700000, 0x0000000083700000, 0x0000000083800000|  0%| F|  |TAMS 0x0000000083700000, 0x0000000083700000| Untracked 
|  20|0x0000000083800000, 0x0000000083800000, 0x0000000083900000|  0%| F|  |TAMS 0x0000000083800000, 0x0000000083800000| Untracked 
|  21|0x0000000083900000, 0x0000000083900000, 0x0000000083a00000|  0%| F|  |TAMS 0x0000000083900000, 0x0000000083900000| Untracked 
|  22|0x0000000083a00000, 0x0000000083a00000, 0x0000000083b00000|  0%| F|  |TAMS 0x0000000083a00000, 0x0000000083a00000| Untracked 
|  23|0x0000000083b00000, 0x0000000083b00000, 0x0000000083c00000|  0%| F|  |TAMS 0x0000000083b00000, 0x0000000083b00000| Untracked 
|  24|0x0000000083c00000, 0x0000000083c00000, 0x0000000083d00000|  0%| F|  |TAMS 0x0000000083c00000, 0x0000000083c00000| Untracked 
|  25|0x0000000083d00000, 0x0000000083d00000, 0x0000000083e00000|  0%| F|  |TAMS 0x0000000083d00000, 0x0000000083d00000| Untracked 
|  26|0x0000000083e00000, 0x0000000083e00000, 0x0000000083f00000|  0%| F|  |TAMS 0x0000000083e00000, 0x0000000083e00000| Untracked 
|  27|0x0000000083f00000, 0x0000000083f00000, 0x0000000084000000|  0%| F|  |TAMS 0x0000000083f00000, 0x0000000083f00000| Untracked 
|  28|0x0000000084000000, 0x0000000084000000, 0x0000000084100000|  0%| F|  |TAMS 0x0000000084000000, 0x0000000084000000| Untracked 
|  29|0x0000000084100000, 0x0000000084100000, 0x0000000084200000|  0%| F|  |TAMS 0x0000000084100000, 0x0000000084100000| Untracked 
|  30|0x0000000084200000, 0x0000000084200000, 0x0000000084300000|  0%| F|  |TAMS 0x0000000084200000, 0x0000000084200000| Untracked 
|  31|0x0000000084300000, 0x0000000084300000, 0x0000000084400000|  0%| F|  |TAMS 0x0000000084300000, 0x0000000084300000| Untracked 
|  32|0x0000000084400000, 0x0000000084400000, 0x0000000084500000|  0%| F|  |TAMS 0x0000000084400000, 0x0000000084400000| Untracked 
|  33|0x0000000084500000, 0x0000000084500000, 0x0000000084600000|  0%| F|  |TAMS 0x0000000084500000, 0x0000000084500000| Untracked 
|  34|0x0000000084600000, 0x0000000084600000, 0x0000000084700000|  0%| F|  |TAMS 0x0000000084600000, 0x0000000084600000| Untracked 
|  35|0x0000000084700000, 0x0000000084700000, 0x0000000084800000|  0%| F|  |TAMS 0x0000000084700000, 0x0000000084700000| Untracked 
|  36|0x0000000084800000, 0x0000000084800000, 0x0000000084900000|  0%| F|  |TAMS 0x0000000084800000, 0x0000000084800000| Untracked 
|  37|0x0000000084900000, 0x0000000084900000, 0x0000000084a00000|  0%| F|  |TAMS 0x0000000084900000, 0x0000000084900000| Untracked 
|  38|0x0000000084a00000, 0x0000000084a00000, 0x0000000084b00000|  0%| F|  |TAMS 0x0000000084a00000, 0x0000000084a00000| Untracked 
|  39|0x0000000084b00000, 0x0000000084b00000, 0x0000000084c00000|  0%| F|  |TAMS 0x0000000084b00000, 0x0000000084b00000| Untracked 
|  40|0x0000000084c00000, 0x0000000084c00000, 0x0000000084d00000|  0%| F|  |TAMS 0x0000000084c00000, 0x0000000084c00000| Untracked 
|  41|0x0000000084d00000, 0x0000000084d00000, 0x0000000084e00000|  0%| F|  |TAMS 0x0000000084d00000, 0x0000000084d00000| Untracked 
|  42|0x0000000084e00000, 0x0000000084e00000, 0x0000000084f00000|  0%| F|  |TAMS 0x0000000084e00000, 0x0000000084e00000| Untracked 
|  43|0x0000000084f00000, 0x0000000084f00000, 0x0000000085000000|  0%| F|  |TAMS 0x0000000084f00000, 0x0000000084f00000| Untracked 
|  44|0x0000000085000000, 0x0000000085000000, 0x0000000085100000|  0%| F|  |TAMS 0x0000000085000000, 0x0000000085000000| Untracked 
|  45|0x0000000085100000, 0x0000000085100000, 0x0000000085200000|  0%| F|  |TAMS 0x0000000085100000, 0x0000000085100000| Untracked 
|  46|0x0000000085200000, 0x0000000085200000, 0x0000000085300000|  0%| F|  |TAMS 0x0000000085200000, 0x0000000085200000| Untracked 
|  47|0x0000000085300000, 0x0000000085300000, 0x0000000085400000|  0%| F|  |TAMS 0x0000000085300000, 0x0000000085300000| Untracked 
|  48|0x0000000085400000, 0x0000000085400000, 0x0000000085500000|  0%| F|  |TAMS 0x0000000085400000, 0x0000000085400000| Untracked 
|  49|0x0000000085500000, 0x0000000085500000, 0x0000000085600000|  0%| F|  |TAMS 0x0000000085500000, 0x0000000085500000| Untracked 
|  50|0x0000000085600000, 0x0000000085600000, 0x0000000085700000|  0%| F|  |TAMS 0x0000000085600000, 0x0000000085600000| Untracked 
|  51|0x0000000085700000, 0x0000000085700000, 0x0000000085800000|  0%| F|  |TAMS 0x0000000085700000, 0x0000000085700000| Untracked 
|  52|0x0000000085800000, 0x0000000085800000, 0x0000000085900000|  0%| F|  |TAMS 0x0000000085800000, 0x0000000085800000| Untracked 
|  53|0x0000000085900000, 0x0000000085900000, 0x0000000085a00000|  0%| F|  |TAMS 0x0000000085900000, 0x0000000085900000| Untracked 
|  54|0x0000000085a00000, 0x0000000085a00000, 0x0000000085b00000|  0%| F|  |TAMS 0x0000000085a00000, 0x0000000085a00000| Untracked 
|  55|0x0000000085b00000, 0x0000000085b00000, 0x0000000085c00000|  0%| F|  |TAMS 0x0000000085b00000, 0x0000000085b00000| Untracked 
|  56|0x0000000085c00000, 0x0000000085c00000, 0x0000000085d00000|  0%| F|  |TAMS 0x0000000085c00000, 0x0000000085c00000| Untracked 
|  57|0x0000000085d00000, 0x0000000085d00000, 0x0000000085e00000|  0%| F|  |TAMS 0x0000000085d00000, 0x0000000085d00000| Untracked 
|  58|0x0000000085e00000, 0x0000000085e00000, 0x0000000085f00000|  0%| F|  |TAMS 0x0000000085e00000, 0x0000000085e00000| Untracked 
|  59|0x0000000085f00000, 0x0000000085f00000, 0x0000000086000000|  0%| F|  |TAMS 0x0000000085f00000, 0x0000000085f00000| Untracked 
|  60|0x0000000086000000, 0x0000000086000000, 0x0000000086100000|  0%| F|  |TAMS 0x0000000086000000, 0x0000000086000000| Untracked 
|  61|0x0000000086100000, 0x0000000086100000, 0x0000000086200000|  0%| F|  |TAMS 0x0000000086100000, 0x0000000086100000| Untracked 
|  62|0x0000000086200000, 0x0000000086200000, 0x0000000086300000|  0%| F|  |TAMS 0x0000000086200000, 0x0000000086200000| Untracked 
|  63|0x0000000086300000, 0x0000000086300000, 0x0000000086400000|  0%| F|  |TAMS 0x0000000086300000, 0x0000000086300000| Untracked 
|  64|0x0000000086400000, 0x0000000086400000, 0x0000000086500000|  0%| F|  |TAMS 0x0000000086400000, 0x0000000086400000| Untracked 
|  65|0x0000000086500000, 0x0000000086500000, 0x0000000086600000|  0%| F|  |TAMS 0x0000000086500000, 0x0000000086500000| Untracked 
|  66|0x0000000086600000, 0x0000000086600000, 0x0000000086700000|  0%| F|  |TAMS 0x0000000086600000, 0x0000000086600000| Untracked 
|  67|0x0000000086700000, 0x0000000086700000, 0x0000000086800000|  0%| F|  |TAMS 0x0000000086700000, 0x0000000086700000| Untracked 
|  68|0x0000000086800000, 0x0000000086800000, 0x0000000086900000|  0%| F|  |TAMS 0x0000000086800000, 0x0000000086800000| Untracked 
|  69|0x0000000086900000, 0x00000000869e37a0, 0x0000000086a00000| 88%| S|CS|TAMS 0x0000000086900000, 0x0000000086900000| Complete 
|  70|0x0000000086a00000, 0x0000000086b00000, 0x0000000086b00000|100%| S|CS|TAMS 0x0000000086a00000, 0x0000000086a00000| Complete 
|  71|0x0000000086b00000, 0x0000000086c00000, 0x0000000086c00000|100%| S|CS|TAMS 0x0000000086b00000, 0x0000000086b00000| Complete 
|  72|0x0000000086c00000, 0x0000000086d00000, 0x0000000086d00000|100%| S|CS|TAMS 0x0000000086c00000, 0x0000000086c00000| Complete 
|  73|0x0000000086d00000, 0x0000000086e00000, 0x0000000086e00000|100%| S|CS|TAMS 0x0000000086d00000, 0x0000000086d00000| Complete 
|  74|0x0000000086e00000, 0x0000000086f00000, 0x0000000086f00000|100%| S|CS|TAMS 0x0000000086e00000, 0x0000000086e00000| Complete 
|  75|0x0000000086f00000, 0x0000000086f00000, 0x0000000087000000|  0%| F|  |TAMS 0x0000000086f00000, 0x0000000086f00000| Untracked 
|  76|0x0000000087000000, 0x0000000087000000, 0x0000000087100000|  0%| F|  |TAMS 0x0000000087000000, 0x0000000087000000| Untracked 
|  77|0x0000000087100000, 0x0000000087100000, 0x0000000087200000|  0%| F|  |TAMS 0x0000000087100000, 0x0000000087100000| Untracked 
|  78|0x0000000087200000, 0x0000000087200000, 0x0000000087300000|  0%| F|  |TAMS 0x0000000087200000, 0x0000000087200000| Untracked 
|  79|0x0000000087300000, 0x0000000087300000, 0x0000000087400000|  0%| F|  |TAMS 0x0000000087300000, 0x0000000087300000| Untracked 
|  80|0x0000000087400000, 0x0000000087400000, 0x0000000087500000|  0%| F|  |TAMS 0x0000000087400000, 0x0000000087400000| Untracked 
|  81|0x0000000087500000, 0x0000000087500000, 0x0000000087600000|  0%| F|  |TAMS 0x0000000087500000, 0x0000000087500000| Untracked 
|  82|0x0000000087600000, 0x0000000087600000, 0x0000000087700000|  0%| F|  |TAMS 0x0000000087600000, 0x0000000087600000| Untracked 
|  83|0x0000000087700000, 0x0000000087700000, 0x0000000087800000|  0%| F|  |TAMS 0x0000000087700000, 0x0000000087700000| Untracked 
|  84|0x0000000087800000, 0x0000000087800000, 0x0000000087900000|  0%| F|  |TAMS 0x0000000087800000, 0x0000000087800000| Untracked 
|  85|0x0000000087900000, 0x0000000087900000, 0x0000000087a00000|  0%| F|  |TAMS 0x0000000087900000, 0x0000000087900000| Untracked 
|  86|0x0000000087a00000, 0x0000000087a00000, 0x0000000087b00000|  0%| F|  |TAMS 0x0000000087a00000, 0x0000000087a00000| Untracked 
|  87|0x0000000087b00000, 0x0000000087b00000, 0x0000000087c00000|  0%| F|  |TAMS 0x0000000087b00000, 0x0000000087b00000| Untracked 
|  88|0x0000000087c00000, 0x0000000087c00000, 0x0000000087d00000|  0%| F|  |TAMS 0x0000000087c00000, 0x0000000087c00000| Untracked 
|  89|0x0000000087d00000, 0x0000000087d00000, 0x0000000087e00000|  0%| F|  |TAMS 0x0000000087d00000, 0x0000000087d00000| Untracked 
|  90|0x0000000087e00000, 0x0000000087e00000, 0x0000000087f00000|  0%| F|  |TAMS 0x0000000087e00000, 0x0000000087e00000| Untracked 
|  91|0x0000000087f00000, 0x0000000087f00000, 0x0000000088000000|  0%| F|  |TAMS 0x0000000087f00000, 0x0000000087f00000| Untracked 
|  92|0x0000000088000000, 0x0000000088000000, 0x0000000088100000|  0%| F|  |TAMS 0x0000000088000000, 0x0000000088000000| Untracked 
|  93|0x0000000088100000, 0x0000000088100000, 0x0000000088200000|  0%| F|  |TAMS 0x0000000088100000, 0x0000000088100000| Untracked 
|  94|0x0000000088200000, 0x0000000088200000, 0x0000000088300000|  0%| F|  |TAMS 0x0000000088200000, 0x0000000088200000| Untracked 
|  95|0x0000000088300000, 0x0000000088300000, 0x0000000088400000|  0%| F|  |TAMS 0x0000000088300000, 0x0000000088300000| Untracked 
|  96|0x0000000088400000, 0x0000000088400000, 0x0000000088500000|  0%| F|  |TAMS 0x0000000088400000, 0x0000000088400000| Untracked 
|  97|0x0000000088500000, 0x0000000088500000, 0x0000000088600000|  0%| F|  |TAMS 0x0000000088500000, 0x0000000088500000| Untracked 
|  98|0x0000000088600000, 0x0000000088600000, 0x0000000088700000|  0%| F|  |TAMS 0x0000000088600000, 0x0000000088600000| Untracked 
|  99|0x0000000088700000, 0x0000000088700000, 0x0000000088800000|  0%| F|  |TAMS 0x0000000088700000, 0x0000000088700000| Untracked 
| 100|0x0000000088800000, 0x0000000088800000, 0x0000000088900000|  0%| F|  |TAMS 0x0000000088800000, 0x0000000088800000| Untracked 
| 101|0x0000000088900000, 0x0000000088900000, 0x0000000088a00000|  0%| F|  |TAMS 0x0000000088900000, 0x0000000088900000| Untracked 
| 102|0x0000000088a00000, 0x0000000088a00000, 0x0000000088b00000|  0%| F|  |TAMS 0x0000000088a00000, 0x0000000088a00000| Untracked 
| 103|0x0000000088b00000, 0x0000000088b00000, 0x0000000088c00000|  0%| F|  |TAMS 0x0000000088b00000, 0x0000000088b00000| Untracked 
| 104|0x0000000088c00000, 0x0000000088c00000, 0x0000000088d00000|  0%| F|  |TAMS 0x0000000088c00000, 0x0000000088c00000| Untracked 
| 105|0x0000000088d00000, 0x0000000088d00000, 0x0000000088e00000|  0%| F|  |TAMS 0x0000000088d00000, 0x0000000088d00000| Untracked 
| 106|0x0000000088e00000, 0x0000000088e00000, 0x0000000088f00000|  0%| F|  |TAMS 0x0000000088e00000, 0x0000000088e00000| Untracked 
| 107|0x0000000088f00000, 0x0000000088f00000, 0x0000000089000000|  0%| F|  |TAMS 0x0000000088f00000, 0x0000000088f00000| Untracked 
| 108|0x0000000089000000, 0x0000000089000000, 0x0000000089100000|  0%| F|  |TAMS 0x0000000089000000, 0x0000000089000000| Untracked 
| 109|0x0000000089100000, 0x0000000089100000, 0x0000000089200000|  0%| F|  |TAMS 0x0000000089100000, 0x0000000089100000| Untracked 
| 110|0x0000000089200000, 0x0000000089200000, 0x0000000089300000|  0%| F|  |TAMS 0x0000000089200000, 0x0000000089200000| Untracked 
| 111|0x0000000089300000, 0x0000000089300000, 0x0000000089400000|  0%| F|  |TAMS 0x0000000089300000, 0x0000000089300000| Untracked 
| 112|0x0000000089400000, 0x0000000089400000, 0x0000000089500000|  0%| F|  |TAMS 0x0000000089400000, 0x0000000089400000| Untracked 
| 113|0x0000000089500000, 0x0000000089500000, 0x0000000089600000|  0%| F|  |TAMS 0x0000000089500000, 0x0000000089500000| Untracked 
| 114|0x0000000089600000, 0x0000000089600000, 0x0000000089700000|  0%| F|  |TAMS 0x0000000089600000, 0x0000000089600000| Untracked 
| 115|0x0000000089700000, 0x0000000089700000, 0x0000000089800000|  0%| F|  |TAMS 0x0000000089700000, 0x0000000089700000| Untracked 
| 116|0x0000000089800000, 0x0000000089800000, 0x0000000089900000|  0%| F|  |TAMS 0x0000000089800000, 0x0000000089800000| Untracked 
| 117|0x0000000089900000, 0x0000000089900000, 0x0000000089a00000|  0%| F|  |TAMS 0x0000000089900000, 0x0000000089900000| Untracked 
| 118|0x0000000089a00000, 0x0000000089a00000, 0x0000000089b00000|  0%| F|  |TAMS 0x0000000089a00000, 0x0000000089a00000| Untracked 
| 119|0x0000000089b00000, 0x0000000089b00000, 0x0000000089c00000|  0%| F|  |TAMS 0x0000000089b00000, 0x0000000089b00000| Untracked 
| 120|0x0000000089c00000, 0x0000000089c00000, 0x0000000089d00000|  0%| F|  |TAMS 0x0000000089c00000, 0x0000000089c00000| Untracked 
| 121|0x0000000089d00000, 0x0000000089d00000, 0x0000000089e00000|  0%| F|  |TAMS 0x0000000089d00000, 0x0000000089d00000| Untracked 
| 122|0x0000000089e00000, 0x0000000089e00000, 0x0000000089f00000|  0%| F|  |TAMS 0x0000000089e00000, 0x0000000089e00000| Untracked 
| 123|0x0000000089f00000, 0x0000000089f00000, 0x000000008a000000|  0%| F|  |TAMS 0x0000000089f00000, 0x0000000089f00000| Untracked 
| 124|0x000000008a000000, 0x000000008a000000, 0x000000008a100000|  0%| F|  |TAMS 0x000000008a000000, 0x000000008a000000| Untracked 
| 125|0x000000008a100000, 0x000000008a100000, 0x000000008a200000|  0%| F|  |TAMS 0x000000008a100000, 0x000000008a100000| Untracked 
| 126|0x000000008a200000, 0x000000008a200000, 0x000000008a300000|  0%| F|  |TAMS 0x000000008a200000, 0x000000008a200000| Untracked 
| 127|0x000000008a300000, 0x000000008a300000, 0x000000008a400000|  0%| F|  |TAMS 0x000000008a300000, 0x000000008a300000| Untracked 
| 128|0x000000008a400000, 0x000000008a400000, 0x000000008a500000|  0%| F|  |TAMS 0x000000008a400000, 0x000000008a400000| Untracked 
| 129|0x000000008a500000, 0x000000008a500000, 0x000000008a600000|  0%| F|  |TAMS 0x000000008a500000, 0x000000008a500000| Untracked 
| 130|0x000000008a600000, 0x000000008a600000, 0x000000008a700000|  0%| F|  |TAMS 0x000000008a600000, 0x000000008a600000| Untracked 
| 131|0x000000008a700000, 0x000000008a700000, 0x000000008a800000|  0%| F|  |TAMS 0x000000008a700000, 0x000000008a700000| Untracked 
| 132|0x000000008a800000, 0x000000008a800000, 0x000000008a900000|  0%| F|  |TAMS 0x000000008a800000, 0x000000008a800000| Untracked 
| 133|0x000000008a900000, 0x000000008a900000, 0x000000008aa00000|  0%| F|  |TAMS 0x000000008a900000, 0x000000008a900000| Untracked 
| 134|0x000000008aa00000, 0x000000008aa00000, 0x000000008ab00000|  0%| F|  |TAMS 0x000000008aa00000, 0x000000008aa00000| Untracked 
| 135|0x000000008ab00000, 0x000000008ab00000, 0x000000008ac00000|  0%| F|  |TAMS 0x000000008ab00000, 0x000000008ab00000| Untracked 
| 136|0x000000008ac00000, 0x000000008ac00000, 0x000000008ad00000|  0%| F|  |TAMS 0x000000008ac00000, 0x000000008ac00000| Untracked 
| 137|0x000000008ad00000, 0x000000008ad00000, 0x000000008ae00000|  0%| F|  |TAMS 0x000000008ad00000, 0x000000008ad00000| Untracked 
| 138|0x000000008ae00000, 0x000000008ae00000, 0x000000008af00000|  0%| F|  |TAMS 0x000000008ae00000, 0x000000008ae00000| Untracked 
| 139|0x000000008af00000, 0x000000008af00000, 0x000000008b000000|  0%| F|  |TAMS 0x000000008af00000, 0x000000008af00000| Untracked 
| 140|0x000000008b000000, 0x000000008b000000, 0x000000008b100000|  0%| F|  |TAMS 0x000000008b000000, 0x000000008b000000| Untracked 
| 141|0x000000008b100000, 0x000000008b100000, 0x000000008b200000|  0%| F|  |TAMS 0x000000008b100000, 0x000000008b100000| Untracked 
| 142|0x000000008b200000, 0x000000008b200000, 0x000000008b300000|  0%| F|  |TAMS 0x000000008b200000, 0x000000008b200000| Untracked 
| 143|0x000000008b300000, 0x000000008b300000, 0x000000008b400000|  0%| F|  |TAMS 0x000000008b300000, 0x000000008b300000| Untracked 
| 144|0x000000008b400000, 0x000000008b400000, 0x000000008b500000|  0%| F|  |TAMS 0x000000008b400000, 0x000000008b400000| Untracked 
| 145|0x000000008b500000, 0x000000008b580800, 0x000000008b600000| 50%| E|  |TAMS 0x000000008b500000, 0x000000008b500000| Complete 
| 146|0x000000008b600000, 0x000000008b700000, 0x000000008b700000|100%| E|CS|TAMS 0x000000008b600000, 0x000000008b600000| Complete 
| 147|0x000000008b700000, 0x000000008b800000, 0x000000008b800000|100%| E|CS|TAMS 0x000000008b700000, 0x000000008b700000| Complete 
| 148|0x000000008b800000, 0x000000008b900000, 0x000000008b900000|100%| E|CS|TAMS 0x000000008b800000, 0x000000008b800000| Complete 
| 149|0x000000008b900000, 0x000000008ba00000, 0x000000008ba00000|100%| E|CS|TAMS 0x000000008b900000, 0x000000008b900000| Complete 
| 150|0x000000008ba00000, 0x000000008bb00000, 0x000000008bb00000|100%| E|CS|TAMS 0x000000008ba00000, 0x000000008ba00000| Complete 
| 151|0x000000008bb00000, 0x000000008bc00000, 0x000000008bc00000|100%| E|CS|TAMS 0x000000008bb00000, 0x000000008bb00000| Complete 

Card table byte_map: [0x000001d9a2850000,0x000001d9a2c40000] _byte_map_base: 0x000001d9a243e000

Marking Bits (Prev, Next): (CMBitMap*) 0x000001d988cb9fa0, (CMBitMap*) 0x000001d988cb9f68
 Prev Bits: [0x000001d9a4fa0000, 0x000001d9a6f10000)
 Next Bits: [0x000001d9a3030000, 0x000001d9a4fa0000)

Polling page: 0x000001d988b80000

Metaspace:

Usage:
  Non-class:     22.22 MB capacity,    21.78 MB ( 98%) used,   362.36 KB (  2%) free+waste,    80.94 KB ( <1%) overhead. 
      Class:      2.65 MB capacity,     2.37 MB ( 89%) used,   248.45 KB (  9%) free+waste,    38.75 KB (  1%) overhead. 
       Both:     24.87 MB capacity,    24.16 MB ( 97%) used,   610.81 KB (  2%) free+waste,   119.69 KB ( <1%) overhead. 

Virtual space:
  Non-class space:       24.00 MB reserved,      22.25 MB ( 93%) committed 
      Class space:        1.00 GB reserved,       2.75 MB ( <1%) committed 
             Both:        1.02 GB reserved,      25.00 MB (  2%) committed 

Chunk freelists:
   Non-Class:  28.00 KB
       Class:  0 bytes
        Both:  28.00 KB

MaxMetaspaceSize: 17179869184.00 GB
CompressedClassSpaceSize: 1.00 GB
Initial GC threshold: 20.80 MB
Current GC threshold: 35.00 MB
CDS: off

CodeHeap 'non-profiled nmethods': size=120064Kb used=1349Kb max_used=1349Kb free=118714Kb
 bounds [0x000001d99af20000, 0x000001d99b190000, 0x000001d9a2460000]
CodeHeap 'profiled nmethods': size=120000Kb used=6204Kb max_used=6204Kb free=113796Kb
 bounds [0x000001d9939f0000, 0x000001d994000000, 0x000001d99af20000]
CodeHeap 'non-nmethods': size=5696Kb used=1211Kb max_used=1239Kb free=4484Kb
 bounds [0x000001d993460000, 0x000001d9936d0000, 0x000001d9939f0000]
 total_blobs=3173 nmethods=2689 adapters=396
 compilation: enabled
              stopped_count=0, restarted_count=0
 full_count=0

Compilation events (20 events):
Event: 4.468 Thread 0x000001d9a9426000 2705   !   2       sun.nio.fs.WindowsPath::initOffsets (153 bytes)
Event: 4.471 Thread 0x000001d9a9426000 nmethod 2705 0x000001d993ff7790 code [0x000001d993ff7a40, 0x000001d993ff8a48]
Event: 4.474 Thread 0x000001d9a9426000 2706       2       org.aspectj.util.GenericSignatureParser::<init> (10 bytes)
Event: 4.475 Thread 0x000001d9a9426000 nmethod 2706 0x000001d993ff9410 code [0x000001d993ff95c0, 0x000001d993ff96b8]
Event: 4.477 Thread 0x000001d9a9426000 2707       1       java.lang.invoke.MethodHandle::internalForm (5 bytes)
Event: 4.477 Thread 0x000001d9a9426000 nmethod 2707 0x000001d99b070210 code [0x000001d99b0703c0, 0x000001d99b070478]
Event: 4.484 Thread 0x000001d9a9426000 2709       2       java.util.stream.StreamSupport::stream (19 bytes)
Event: 4.485 Thread 0x000001d9a9426000 nmethod 2709 0x000001d993ff9790 code [0x000001d993ff9960, 0x000001d993ff9bc8]
Event: 4.485 Thread 0x000001d9a9426000 2710       1       java.lang.invoke.MethodHandleImpl$IntrinsicMethodHandle::getTarget (5 bytes)
Event: 4.485 Thread 0x000001d9a9426000 nmethod 2710 0x000001d99b070510 code [0x000001d99b0706c0, 0x000001d99b070778]
Event: 4.490 Thread 0x000001d9a9426000 2712       2       jdk.internal.org.objectweb.asm.ClassWriter::visitField (16 bytes)
Event: 4.490 Thread 0x000001d9a9426000 nmethod 2712 0x000001d993ff9d10 code [0x000001d993ff9ec0, 0x000001d993ffa068]
Event: 4.490 Thread 0x000001d9a9426000 2713       2       jdk.internal.org.objectweb.asm.FieldWriter::<init> (97 bytes)
Event: 4.491 Thread 0x000001d9a9426000 nmethod 2713 0x000001d993ffa190 code [0x000001d993ffa380, 0x000001d993ffa768]
Event: 4.491 Thread 0x000001d9a9426000 2714       2       jdk.internal.org.objectweb.asm.FieldWriter::visitEnd (1 bytes)
Event: 4.491 Thread 0x000001d9a9426000 nmethod 2714 0x000001d993ffa990 code [0x000001d993ffab40, 0x000001d993ffac38]
Event: 4.497 Thread 0x000001d9a9426000 2716       2       java.lang.invoke.BoundMethodHandle$Species_L::make (11 bytes)
Event: 4.498 Thread 0x000001d9a9426000 nmethod 2716 0x000001d993ffad10 code [0x000001d993ffaec0, 0x000001d993ffb088]
Event: 4.498 Thread 0x000001d9a9426000 2717       2       java.lang.invoke.ClassSpecializer$SpeciesData::getterFunction (78 bytes)
Event: 4.498 Thread 0x000001d9a9426000 nmethod 2717 0x000001d993ffb190 code [0x000001d993ffb340, 0x000001d993ffb4a8]

GC Heap History (12 events):
Event: 0.866 GC heap before
{Heap before GC invocations=0 (full 0):
 garbage-first heap   total 129024K, used 15360K [0x0000000082400000, 0x0000000100000000)
  region size 1024K, 14 young (14336K), 0 survivors (0K)
 Metaspace       used 10098K, capacity 10336K, committed 10496K, reserved 1058816K
  class space    used 933K, capacity 1022K, committed 1024K, reserved 1048576K
}
Event: 0.871 GC heap after
{Heap after GC invocations=1 (full 0):
 garbage-first heap   total 129024K, used 4047K [0x0000000082400000, 0x0000000100000000)
  region size 1024K, 2 young (2048K), 2 survivors (2048K)
 Metaspace       used 10098K, capacity 10336K, committed 10496K, reserved 1058816K
  class space    used 933K, capacity 1022K, committed 1024K, reserved 1048576K
}
Event: 1.176 GC heap before
{Heap before GC invocations=1 (full 0):
 garbage-first heap   total 129024K, used 16335K [0x0000000082400000, 0x0000000100000000)
  region size 1024K, 14 young (14336K), 2 survivors (2048K)
 Metaspace       used 12722K, capacity 12932K, committed 13056K, reserved 1060864K
  class space    used 1173K, capacity 1247K, committed 1280K, reserved 1048576K
}
Event: 1.180 GC heap after
{Heap after GC invocations=2 (full 0):
 garbage-first heap   total 129024K, used 4721K [0x0000000082400000, 0x0000000100000000)
  region size 1024K, 1 young (1024K), 1 survivors (1024K)
 Metaspace       used 12722K, capacity 12932K, committed 13056K, reserved 1060864K
  class space    used 1173K, capacity 1247K, committed 1280K, reserved 1048576K
}
Event: 2.480 GC heap before
{Heap before GC invocations=2 (full 0):
 garbage-first heap   total 129024K, used 36465K [0x0000000082400000, 0x0000000100000000)
  region size 1024K, 32 young (32768K), 1 survivors (1024K)
 Metaspace       used 17632K, capacity 17887K, committed 17920K, reserved 1064960K
  class space    used 1634K, capacity 1770K, committed 1792K, reserved 1048576K
}
Event: 2.490 GC heap after
{Heap after GC invocations=3 (full 0):
 garbage-first heap   total 129024K, used 10062K [0x0000000082400000, 0x0000000100000000)
  region size 1024K, 4 young (4096K), 4 survivors (4096K)
 Metaspace       used 17632K, capacity 17887K, committed 17920K, reserved 1064960K
  class space    used 1634K, capacity 1770K, committed 1792K, reserved 1048576K
}
Event: 3.061 GC heap before
{Heap before GC invocations=3 (full 0):
 garbage-first heap   total 129024K, used 57166K [0x0000000082400000, 0x0000000100000000)
  region size 1024K, 50 young (51200K), 4 survivors (4096K)
 Metaspace       used 19068K, capacity 19392K, committed 19584K, reserved 1067008K
  class space    used 1735K, capacity 1866K, committed 1920K, reserved 1048576K
}
Event: 3.078 GC heap after
{Heap after GC invocations=4 (full 0):
 garbage-first heap   total 129024K, used 17405K [0x0000000082400000, 0x0000000100000000)
  region size 1024K, 7 young (7168K), 7 survivors (7168K)
 Metaspace       used 19068K, capacity 19392K, committed 19584K, reserved 1067008K
  class space    used 1735K, capacity 1866K, committed 1920K, reserved 1048576K
}
Event: 3.555 GC heap before
{Heap before GC invocations=4 (full 0):
 garbage-first heap   total 129024K, used 52221K [0x0000000082400000, 0x0000000100000000)
  region size 1024K, 42 young (43008K), 7 survivors (7168K)
 Metaspace       used 20960K, capacity 21199K, committed 21248K, reserved 1069056K
  class space    used 1906K, capacity 1999K, committed 2048K, reserved 1048576K
}
Event: 3.569 GC heap after
{Heap after GC invocations=5 (full 0):
 garbage-first heap   total 129024K, used 20709K [0x0000000082400000, 0x0000000100000000)
  region size 1024K, 3 young (3072K), 3 survivors (3072K)
 Metaspace       used 20960K, capacity 21199K, committed 21248K, reserved 1069056K
  class space    used 1906K, capacity 1999K, committed 2048K, reserved 1048576K
}
Event: 4.429 GC heap before
{Heap before GC invocations=6 (full 0):
 garbage-first heap   total 129024K, used 69861K [0x0000000082400000, 0x0000000100000000)
  region size 1024K, 51 young (52224K), 3 survivors (3072K)
 Metaspace       used 24329K, capacity 24987K, committed 25216K, reserved 1071104K
  class space    used 2369K, capacity 2639K, committed 2688K, reserved 1048576K
}
Event: 4.440 GC heap after
{Heap after GC invocations=7 (full 0):
 garbage-first heap   total 155648K, used 23666K [0x0000000082400000, 0x0000000100000000)
  region size 1024K, 6 young (6144K), 6 survivors (6144K)
 Metaspace       used 24329K, capacity 24987K, committed 25216K, reserved 1071104K
  class space    used 2369K, capacity 2639K, committed 2688K, reserved 1048576K
}

Deoptimization events (20 events):
Event: 4.106 Thread 0x000001d98acb7800 DEOPT PACKING pc=0x000001d99afea2d0 sp=0x0000004dd56fe650
Event: 4.106 Thread 0x000001d98acb7800 DEOPT UNPACKING pc=0x000001d9934aa1af sp=0x0000004dd56fe5c8 mode 2
Event: 4.106 Thread 0x000001d98acb7800 Uncommon trap: trap_request=0xffffffc6 fr.pc=0x000001d99afea2d0 relative=0x0000000000000370
Event: 4.106 Thread 0x000001d98acb7800 Uncommon trap: reason=bimorphic_or_optimized_type_check action=maybe_recompile pc=0x000001d99afea2d0 method=java.util.HashMap.getNode(ILjava/lang/Object;)Ljava/util/HashMap$Node; @ 126 c2
Event: 4.106 Thread 0x000001d98acb7800 DEOPT PACKING pc=0x000001d99afea2d0 sp=0x0000004dd56fe650
Event: 4.106 Thread 0x000001d98acb7800 DEOPT UNPACKING pc=0x000001d9934aa1af sp=0x0000004dd56fe5c8 mode 2
Event: 4.244 Thread 0x000001d98acb7800 Uncommon trap: trap_request=0xffffffcc fr.pc=0x000001d99b05e804 relative=0x00000000000010e4
Event: 4.244 Thread 0x000001d98acb7800 Uncommon trap: reason=intrinsic_or_type_checked_inlining action=make_not_entrant pc=0x000001d99b05e804 method=java.util.ArrayList.toArray([Ljava/lang/Object;)[Ljava/lang/Object; @ 36 c2
Event: 4.244 Thread 0x000001d98acb7800 DEOPT PACKING pc=0x000001d99b05e804 sp=0x0000004dd56f9c90
Event: 4.244 Thread 0x000001d98acb7800 DEOPT UNPACKING pc=0x000001d9934aa1af sp=0x0000004dd56f9be8 mode 2
Event: 4.263 Thread 0x000001d98acb7800 Uncommon trap: trap_request=0xffffff76 fr.pc=0x000001d99b05bf90 relative=0x0000000000000070
Event: 4.263 Thread 0x000001d98acb7800 Uncommon trap: reason=loop_limit_check action=maybe_recompile pc=0x000001d99b05bf90 method=java.lang.invoke.LambdaForm$Name.useCount(Ljava/lang/invoke/LambdaForm$Name;)I @ 21 c2
Event: 4.263 Thread 0x000001d98acb7800 DEOPT PACKING pc=0x000001d99b05bf90 sp=0x0000004dd56fce20
Event: 4.263 Thread 0x000001d98acb7800 DEOPT UNPACKING pc=0x000001d9934aa1af sp=0x0000004dd56fcdb0 mode 2
Event: 4.292 Thread 0x000001d98acb7800 DEOPT PACKING pc=0x000001d993cd100d sp=0x0000004dd56fb180
Event: 4.292 Thread 0x000001d98acb7800 DEOPT UNPACKING pc=0x000001d9934aa95e sp=0x0000004dd56fa640 mode 0
Event: 4.374 Thread 0x000001d98acb7800 Uncommon trap: trap_request=0xffffffdc fr.pc=0x000001d99b0359cc relative=0x000000000000322c
Event: 4.374 Thread 0x000001d98acb7800 Uncommon trap: reason=class_check action=make_not_entrant pc=0x000001d99b0359cc method=java.util.ArrayList.toArray([Ljava/lang/Object;)[Ljava/lang/Object; @ 21 c2
Event: 4.374 Thread 0x000001d98acb7800 DEOPT PACKING pc=0x000001d99b0359cc sp=0x0000004dd56fae30
Event: 4.374 Thread 0x000001d98acb7800 DEOPT UNPACKING pc=0x000001d9934aa1af sp=0x0000004dd56fac08 mode 2

Classes redefined (0 events):
No events

Internal exceptions (20 events):
Event: 4.179 Thread 0x000001d98acb7800 Exception <a 'java/lang/NoSuchMethodError'{0x00000000878896d0}: 'java.lang.Object java.lang.invoke.Invokers$Holder.linkToTargetMethod(java.lang.Object, java.lang.Object, java.lang.Object, java.lang.Object, java.lang.Object, java.lang.Object, java.lang.Object)'> (0x00000000878896d0) thrown at [s\src\hotspot\share\interpreter\linkResolver.cpp, line 773]
Event: 4.198 Thread 0x000001d98acb7800 Exception <a 'java/lang/NoSuchMethodError'{0x00000000877c9660}: 'java.lang.Object java.lang.invoke.DirectMethodHandle$Holder.invokeStatic(java.lang.Object, int, java.lang.Object, java.lang.Object)'> (0x00000000877c9660) thrown at [s\src\hotspot\share\interpreter\linkResolver.cpp, line 773]
Event: 4.199 Thread 0x000001d98acb7800 Exception <a 'java/lang/NoSuchMethodError'{0x00000000877cffc0}: 'java.lang.Object java.lang.invoke.DirectMethodHandle$Holder.invokeStatic(java.lang.Object, int, java.lang.Object)'> (0x00000000877cffc0) thrown at [s\src\hotspot\share\interpreter\linkResolver.cpp, line 773]
Event: 4.239 Thread 0x000001d98acb7800 Exception <a 'java/lang/IncompatibleClassChangeError'{0x00000000875c4578}: Found class java.lang.Object, but interface was expected> (0x00000000875c4578) thrown at [s\src\hotspot\share\interpreter\linkResolver.cpp, line 839]
Event: 4.273 Thread 0x000001d98acb7800 Exception <a 'java/lang/NoSuchMethodError'{0x0000000087369328}: 'java.lang.Object java.lang.invoke.DelegatingMethodHandle$Holder.reinvoke_L(java.lang.Object, java.lang.Object, long)'> (0x0000000087369328) thrown at [s\src\hotspot\share\interpreter\linkResolver.cpp, line 773]
Event: 4.273 Thread 0x000001d98acb7800 Exception <a 'java/lang/NoSuchMethodError'{0x000000008736c518}: 'java.lang.Object java.lang.invoke.Invokers$Holder.linkToTargetMethod(java.lang.Object, long, java.lang.Object)'> (0x000000008736c518) thrown at [s\src\hotspot\share\interpreter\linkResolver.cpp, line 773]
Event: 4.299 Thread 0x000001d98acb7800 Exception <a 'java/lang/NoSuchMethodError'{0x0000000087234368}: 'java.lang.Object java.lang.invoke.DirectMethodHandle$Holder.invokeStatic(java.lang.Object, java.lang.Object, java.lang.Object, int, java.lang.Object, java.lang.Object)'> (0x0000000087234368) thrown at [s\src\hotspot\share\interpreter\linkResolver.cpp, line 773]
Event: 4.300 Thread 0x000001d98acb7800 Exception <a 'java/lang/NoSuchMethodError'{0x000000008723c968}: 'java.lang.Object java.lang.invoke.DirectMethodHandle$Holder.invokeStatic(java.lang.Object, java.lang.Object, java.lang.Object, int, java.lang.Object)'> (0x000000008723c968) thrown at [s\src\hotspot\share\interpreter\linkResolver.cpp, line 773]
Event: 4.300 Thread 0x000001d98acb7800 Exception <a 'java/lang/NoSuchMethodError'{0x0000000087243270}: 'java.lang.Object java.lang.invoke.Invokers$Holder.linkToTargetMethod(java.lang.Object, java.lang.Object, int, java.lang.Object, java.lang.Object)'> (0x0000000087243270) thrown at [s\src\hotspot\share\interpreter\linkResolver.cpp, line 773]
Event: 4.357 Thread 0x000001d98acb7800 Exception <a 'java/lang/NoSuchMethodError'{0x0000000087148130}: 'java.lang.Object java.lang.invoke.DirectMethodHandle$Holder.invokeStatic(java.lang.Object, java.lang.Object, long)'> (0x0000000087148130) thrown at [s\src\hotspot\share\interpreter\linkResolver.cpp, line 773]
Event: 4.358 Thread 0x000001d98acb7800 Exception <a 'java/lang/NoSuchMethodError'{0x0000000087150020}: 'java.lang.Object java.lang.invoke.DirectMethodHandle$Holder.newInvokeSpecial(java.lang.Object, java.lang.Object, java.lang.Object)'> (0x0000000087150020) thrown at [s\src\hotspot\share\interpreter\linkResolver.cpp, line 773]
Event: 4.390 Thread 0x000001d98acb7800 Exception <a 'java/lang/IncompatibleClassChangeError'{0x0000000087096dc8}: Found class java.lang.Object, but interface was expected> (0x0000000087096dc8) thrown at [s\src\hotspot\share\interpreter\linkResolver.cpp, line 839]
Event: 4.391 Thread 0x000001d98acb7800 Exception <a 'java/lang/IncompatibleClassChangeError'{0x000000008709d500}: Found class java.lang.Object, but interface was expected> (0x000000008709d500) thrown at [s\src\hotspot\share\interpreter\linkResolver.cpp, line 839]
Event: 4.409 Thread 0x000001d98acb7800 Exception <a 'java/lang/NoSuchMethodError'{0x0000000086f451f0}: 'java.lang.Object java.lang.invoke.DirectMethodHandle$Holder.invokeSpecial(java.lang.Object, java.lang.Object, int, int, java.lang.Object, int, java.lang.Object, java.lang.Object)'> (0x0000000086f451f0) thrown at [s\src\hotspot\share\interpreter\linkResolver.cpp, line 773]
Event: 4.409 Thread 0x000001d98acb7800 Exception <a 'java/lang/NoSuchMethodError'{0x0000000086f48830}: 'java.lang.Object java.lang.invoke.DelegatingMethodHandle$Holder.reinvoke_L(java.lang.Object, int, int, java.lang.Object, int, java.lang.Object, java.lang.Object)'> (0x0000000086f48830) thrown at [s\src\hotspot\share\interpreter\linkResolver.cpp, line 773]
Event: 4.423 Thread 0x000001d98acb7800 Exception <a 'java/lang/NoSuchMethodError'{0x0000000086fd1258}: 'int java.lang.invoke.DirectMethodHandle$Holder.invokeInterface(java.lang.Object, java.lang.Object)'> (0x0000000086fd1258) thrown at [s\src\hotspot\share\interpreter\linkResolver.cpp, line 773]
Event: 4.425 Thread 0x000001d98acb7800 Exception <a 'java/lang/NoSuchMethodError'{0x0000000086fd8550}: 'int java.lang.invoke.DirectMethodHandle$Holder.invokeVirtual(java.lang.Object, java.lang.Object, java.lang.Object)'> (0x0000000086fd8550) thrown at [s\src\hotspot\share\interpreter\linkResolver.cpp, line 773]
Event: 4.443 Thread 0x000001d98acb7800 Exception <a 'java/lang/NoSuchMethodError'{0x000000008bb0d628}: 'int java.lang.invoke.DirectMethodHandle$Holder.invokeStatic(java.lang.Object, java.lang.Object, java.lang.Object, java.lang.Object, java.lang.Object)'> (0x000000008bb0d628) thrown at [s\src\hotspot\share\interpreter\linkResolver.cpp, line 773]
Event: 4.485 Thread 0x000001d98acb7800 Exception <a 'java/lang/IncompatibleClassChangeError'{0x000000008b946da0}: Found class java.lang.Object, but interface was expected> (0x000000008b946da0) thrown at [s\src\hotspot\share\interpreter\linkResolver.cpp, line 839]
Event: 4.487 Thread 0x000001d98acb7800 Exception <a 'java/lang/NoSuchMethodError'{0x000000008b94b448}: 'void java.lang.invoke.DirectMethodHandle$Holder.invokeInterface(java.lang.Object, java.lang.Object)'> (0x000000008b94b448) thrown at [s\src\hotspot\share\interpreter\linkResolver.cpp, line 773]

Events (20 events):
Event: 4.488 loading class org/testng/internal/AutoCloseableLock
Event: 4.488 loading class org/testng/internal/AutoCloseableLock done
Event: 4.489 loading class org/testng/internal/KeyAwareAutoCloseableLock$AutoReleasable
Event: 4.489 loading class org/testng/internal/KeyAwareAutoCloseableLock$AutoReleasable done
Event: 4.490 loading class org/testng/internal/KeyAwareAutoCloseableLock
Event: 4.490 loading class org/testng/internal/KeyAwareAutoCloseableLock done
Event: 4.491 loading class org/testng/ITestClass
Event: 4.491 loading class org/testng/ITestClass done
Event: 4.491 loading class org/testng/ITestClass
Event: 4.491 loading class org/testng/ITestClass done
Event: 4.492 loading class org/testng/internal/invokers/ConfigMethodArguments$Builder
Event: 4.492 loading class org/testng/internal/invokers/ConfigMethodArguments$Builder done
Event: 4.493 loading class org/testng/internal/invokers/ConfigMethodArguments
Event: 4.493 loading class org/testng/internal/invokers/ConfigMethodArguments done
Event: 4.495 loading class org/testng/internal/invokers/MethodArguments
Event: 4.495 loading class org/testng/internal/invokers/MethodArguments done
Event: 4.496 loading class org/testng/internal/invokers/Arguments
Event: 4.496 loading class org/testng/internal/invokers/Arguments done
Event: 4.500 loading class org/testng/internal/invokers/TestNgMethodUtils
Event: 4.500 loading class org/testng/internal/invokers/TestNgMethodUtils done


Dynamic libraries:
0x00007ff66fad0000 - 0x00007ff66fade000 	C:\Users\Admin\.jdks\corretto-11.0.26\bin\java.exe
0x00007ff86fbf0000 - 0x00007ff86fde8000 	C:\Windows\SYSTEM32\ntdll.dll
0x00007ff86f6e0000 - 0x00007ff86f79d000 	C:\Windows\System32\KERNEL32.DLL
0x00007ff86d310000 - 0x00007ff86d5de000 	C:\Windows\System32\KERNELBASE.dll
0x00007ff86d610000 - 0x00007ff86d710000 	C:\Windows\System32\ucrtbase.dll
0x00007ff864e20000 - 0x00007ff864e37000 	C:\Users\Admin\.jdks\corretto-11.0.26\bin\jli.dll
0x00007ff866fe0000 - 0x00007ff866ffb000 	C:\Users\Admin\.jdks\corretto-11.0.26\bin\VCRUNTIME140.dll
0x00007ff86f340000 - 0x00007ff86f4e0000 	C:\Windows\System32\USER32.dll
0x00007ff86dc20000 - 0x00007ff86dc42000 	C:\Windows\System32\win32u.dll
0x00007ff86f6b0000 - 0x00007ff86f6da000 	C:\Windows\System32\GDI32.dll
0x00007ff86c720000 - 0x00007ff86c9ba000 	C:\Windows\WinSxS\amd64_microsoft.windows.common-controls_6595b64144ccf1df_6.0.19041.1110_none_60b5254171f9507e\COMCTL32.dll
0x00007ff86d910000 - 0x00007ff86da1b000 	C:\Windows\System32\gdi32full.dll
0x00007ff86f7a0000 - 0x00007ff86f83e000 	C:\Windows\System32\msvcrt.dll
0x00007ff86da20000 - 0x00007ff86dabd000 	C:\Windows\System32\msvcp_win.dll
0x00007ff86f9f0000 - 0x00007ff86fa20000 	C:\Windows\System32\IMM32.DLL
0x00007ff866af0000 - 0x00007ff866afc000 	C:\Users\Admin\.jdks\corretto-11.0.26\bin\vcruntime140_1.dll
0x00007ff854ff0000 - 0x00007ff85507d000 	C:\Users\Admin\.jdks\corretto-11.0.26\bin\msvcp140.dll
0x00007ff833a20000 - 0x00007ff8345e5000 	C:\Users\Admin\.jdks\corretto-11.0.26\bin\server\jvm.dll
0x00007ff86e3a0000 - 0x00007ff86e44e000 	C:\Windows\System32\ADVAPI32.dll
0x00007ff86f080000 - 0x00007ff86f11c000 	C:\Windows\System32\sechost.dll
0x00007ff86fa80000 - 0x00007ff86fba5000 	C:\Windows\System32\RPCRT4.dll
0x00007ff86f970000 - 0x00007ff86f9db000 	C:\Windows\System32\WS2_32.dll
0x00007ff86f9e0000 - 0x00007ff86f9e8000 	C:\Windows\System32\PSAPI.DLL
0x00007ff8697c0000 - 0x00007ff8697ca000 	C:\Windows\SYSTEM32\VERSION.dll
0x00007ff857fe0000 - 0x00007ff858007000 	C:\Windows\SYSTEM32\WINMM.dll
0x00007ff86aec0000 - 0x00007ff86aed2000 	C:\Windows\SYSTEM32\kernel.appcore.dll
0x00007ff866ad0000 - 0x00007ff866ae0000 	C:\Users\Admin\.jdks\corretto-11.0.26\bin\verify.dll
0x00007ff86cd40000 - 0x00007ff86cf24000 	C:\Windows\SYSTEM32\DBGHELP.DLL
0x00007ff86caf0000 - 0x00007ff86cb1c000 	C:\Windows\SYSTEM32\dbgcore.DLL
0x00007ff86d760000 - 0x00007ff86d7e2000 	C:\Windows\System32\bcryptPrimitives.dll
0x00007ff864440000 - 0x00007ff864468000 	C:\Users\Admin\.jdks\corretto-11.0.26\bin\java.dll
0x00007ff866430000 - 0x00007ff86643a000 	C:\Users\Admin\.jdks\corretto-11.0.26\bin\jimage.dll
0x00007ff866300000 - 0x00007ff86630e000 	C:\Users\Admin\.jdks\corretto-11.0.26\bin\instrument.dll
0x00007ff8647d0000 - 0x00007ff8647e8000 	C:\Users\Admin\.jdks\corretto-11.0.26\bin\zip.dll
0x00007ff86dc50000 - 0x00007ff86e394000 	C:\Windows\System32\SHELL32.dll
0x00007ff86a610000 - 0x00007ff86ada4000 	C:\Windows\SYSTEM32\windows.storage.dll
0x00007ff86ed20000 - 0x00007ff86f074000 	C:\Windows\System32\combase.dll
0x00007ff86c680000 - 0x00007ff86c6b0000 	C:\Windows\SYSTEM32\Wldp.dll
0x00007ff86ead0000 - 0x00007ff86eb7d000 	C:\Windows\System32\SHCORE.dll
0x00007ff86e5e0000 - 0x00007ff86e635000 	C:\Windows\System32\shlwapi.dll
0x00007ff86d250000 - 0x00007ff86d26f000 	C:\Windows\SYSTEM32\profapi.dll
0x00007ff864520000 - 0x00007ff864539000 	C:\Users\Admin\.jdks\corretto-11.0.26\bin\net.dll
0x00007ff869f60000 - 0x00007ff86a06a000 	C:\Windows\SYSTEM32\WINHTTP.dll
0x00007ff86c370000 - 0x00007ff86c3da000 	C:\Windows\system32\mswsock.dll
0x00007ff864330000 - 0x00007ff864342000 	C:\Users\Admin\.jdks\corretto-11.0.26\bin\nio.dll
0x00007ff85bdb0000 - 0x00007ff85bdca000 	F:\Java\InteliJi IDEA\IntelliJ IDEA Community Edition 2022.3\bin\breakgen64.dll
0x00007ff86d0a0000 - 0x00007ff86d0b8000 	C:\Windows\SYSTEM32\CRYPTSP.dll
0x00007ff86bd80000 - 0x00007ff86bdb4000 	C:\Windows\system32\rsaenh.dll
0x00007ff86d5e0000 - 0x00007ff86d607000 	C:\Windows\System32\bcrypt.dll
0x00007ff86d210000 - 0x00007ff86d23e000 	C:\Windows\SYSTEM32\USERENV.dll
0x00007ff86c670000 - 0x00007ff86c67c000 	C:\Windows\SYSTEM32\CRYPTBASE.dll
0x00007ff86c0a0000 - 0x00007ff86c0db000 	C:\Windows\SYSTEM32\IPHLPAPI.DLL
0x00007ff86f6a0000 - 0x00007ff86f6a8000 	C:\Windows\System32\NSI.dll
0x00007ff861d30000 - 0x00007ff861d47000 	C:\Windows\SYSTEM32\dhcpcsvc6.DLL
0x00007ff862c60000 - 0x00007ff862c7d000 	C:\Windows\SYSTEM32\dhcpcsvc.DLL
0x00007ff86c0e0000 - 0x00007ff86c1ab000 	C:\Windows\SYSTEM32\DNSAPI.dll

dbghelp: loaded successfully - version: 4.0.5 - missing functions: none
symbol engine: initialized successfully - sym options: 0x614 - pdb path: .;C:\Users\Admin\.jdks\corretto-11.0.26\bin;C:\Windows\SYSTEM32;C:\Windows\WinSxS\amd64_microsoft.windows.common-controls_6595b64144ccf1df_6.0.19041.1110_none_60b5254171f9507e;C:\Users\Admin\.jdks\corretto-11.0.26\bin\server;F:\Java\InteliJi IDEA\IntelliJ IDEA Community Edition 2022.3\bin

VM Arguments:
jvm_args: -ea -javaagent:C:\Users\Admin\.m2\repository/org/aspectj/aspectjweaver/1.9.20.1/aspectjweaver-1.9.20.1.jar -Didea.test.cyclic.buffer.size=1048576 -javaagent:F:\Java\InteliJi IDEA\IntelliJ IDEA Community Edition 2022.3\lib\idea_rt.jar=53985:F:\Java\InteliJi IDEA\IntelliJ IDEA Community Edition 2022.3\bin -Dfile.encoding=UTF-8 
java_command: com.intellij.rt.testng.RemoteTestNGStarter -usedefaultlisteners false -socket53984 @w@C:\Users\Admin\AppData\Local\Temp\idea_working_dirs_testng.tmp -temp C:\Users\Admin\AppData\Local\Temp\idea_testng.tmp
java_class_path (initial): F:\Java\InteliJi IDEA\IntelliJ IDEA Community Edition 2022.3\lib\idea_rt.jar;F:\Java\InteliJi IDEA\IntelliJ IDEA Community Edition 2022.3\plugins\testng\lib\testng-rt.jar;C:\Users\Admin\IdeaProjects\iviettech-AT03-EBanking\target\test-classes;C:\Users\Admin\IdeaProjects\iviettech-AT03-EBanking\target\classes;C:\Users\Admin\.m2\repository\org\testng\testng\7.11.0\testng-7.11.0.jar;C:\Users\Admin\.m2\repository\org\slf4j\slf4j-api\2.0.16\slf4j-api-2.0.16.jar;C:\Users\Admin\.m2\repository\org\jcommander\jcommander\1.83\jcommander-1.83.jar;C:\Users\Admin\.m2\repository\org\webjars\jquery\3.7.1\jquery-3.7.1.jar;C:\Users\Admin\.m2\repository\org\seleniumhq\selenium\selenium-java\4.33.0\selenium-java-4.33.0.jar;C:\Users\Admin\.m2\repository\org\seleniumhq\selenium\selenium-api\4.33.0\selenium-api-4.33.0.jar;C:\Users\Admin\.m2\repository\org\jspecify\jspecify\1.0.0\jspecify-1.0.0.jar;C:\Users\Admin\.m2\repository\org\seleniumhq\selenium\selenium-chrome-driver\4.33.0\selenium-chrome-driver-4.33.0.jar;C:\Users\Admin\.m2\repository\com\google\auto\service\auto-service-annotations\1.1.1\auto-service-annotations-1.1.1.jar;C:\Users\Admin\.m2\repository\org\seleniumhq\selenium\selenium-chromium-driver\4.33.0\selenium-chromium-driver-4.33.0.jar;C:\Users\Admin\.m2\repository\org\seleniumhq\selenium\selenium-json\4.33.0\selenium-json-4.33.0.jar;C:\Users\Admin\.m2\repository\org\seleniumhq\selenium\selenium-manager\4.33.0\selenium-manager-4.33.0.jar;C:\Users\Admin\.m2\repository\org\seleniumhq\selenium\selenium-devtools-v135\4.33.0\selenium-devtools-v135-4.33.0.jar;C:\Users\Admin\.m2\repository\org\seleniumhq\selenium\selenium-devtools-v136\4.33.0\selenium-devtools-v136-4.33.0.jar;C:\Users\Admin\.m2\repository\org\seleniumhq\selenium\selenium-devtools-v137\4.33.0\selenium-devtools-v137-4.33.0.jar;C:\Users\Admin\.m2\repository\org\seleniumhq\selenium\selenium-edge-driver\4.33.0\selenium-edge-driver-4.33.0.jar;C:\Users\Admin\.m2\repository\org\seleniumhq\sel
Launcher Type: SUN_STANDARD

[Global flags]
     intx CICompilerCount                          = 3                                         {product} {ergonomic}
     uint ConcGCThreads                            = 1                                         {product} {ergonomic}
     uint G1ConcRefinementThreads                  = 4                                         {product} {ergonomic}
   size_t G1HeapRegionSize                         = 1048576                                   {product} {ergonomic}
    uintx GCDrainStackTargetSize                   = 64                                        {product} {ergonomic}
   size_t InitialHeapSize                          = 132120576                                 {product} {ergonomic}
   size_t MarkStackSize                            = 4194304                                   {product} {ergonomic}
   size_t MaxHeapSize                              = 2109734912                                {product} {ergonomic}
   size_t MaxNewSize                               = 1265631232                                {product} {ergonomic}
   size_t MinHeapDeltaBytes                        = 1048576                                   {product} {ergonomic}
    uintx NonNMethodCodeHeapSize                   = 5830732                                {pd product} {ergonomic}
    uintx NonProfiledCodeHeapSize                  = 122913754                              {pd product} {ergonomic}
    uintx ProfiledCodeHeapSize                     = 122913754                              {pd product} {ergonomic}
    uintx ReservedCodeCacheSize                    = 251658240                              {pd product} {ergonomic}
     bool SegmentedCodeCache                       = true                                      {product} {ergonomic}
     bool UseCompressedClassPointers               = true                                 {lp64_product} {ergonomic}
     bool UseCompressedOops                        = true                                 {lp64_product} {ergonomic}
     bool UseG1GC                                  = true                                      {product} {ergonomic}
     bool UseLargePagesIndividualAllocation        = false                                  {pd product} {ergonomic}

Logging:
Log output configuration:
 #0: stdout all=warning uptime,level,tags
 #1: stderr all=off uptime,level,tags

Environment Variables:
JAVA_HOME=C:\Users\Admin\.jdks\corretto-11.0.26
PATH=C:\Program Files\Common Files\Oracle\Java\javapath;C:\Program Files (x86)\Common Files\Oracle\Java\javapath;C:\Windows\system32;C:\Windows;C:\Windows\System32\Wbem;C:\Windows\System32\WindowsPowerShell\v1.0\;C:\Windows\System32\OpenSSH\;C:\Program Files (x86)\Common Files\GTK\2.0\bin;C:\Users\Admin\dà n?ng Dropbox\huy phan\PC\Downloads\apache-jmeter-5.6\apache-jmeter-5.6\bin;C:\Program Files (x86)\Windows Kits\10\Windows Performance Toolkit\;C:\Program Files\Cloudflare\Cloudflare WARP\;C:\Users\Admin\AppData\Local\Microsoft\WindowsApps;F:\Java\InteliJi IDEA\IntelliJ IDEA Community Edition 2022.3\bin;;F:\Microsoft VS Code\bin;C:\Users\Admin\.jdks\corretto-11.0.26\bin;F:\setup allure\allure-2.34.0\allure-2.34.0\bin;
USERNAME=Admin
OS=Windows_NT
PROCESSOR_IDENTIFIER=Intel64 Family 6 Model 78 Stepping 3, GenuineIntel
TMP=C:\Users\Admin\AppData\Local\Temp
TEMP=C:\Users\Admin\AppData\Local\Temp



---------------  S Y S T E M  ---------------

OS: Windows 10 , 64 bit Build 19041 (10.0.19041.1806)
OS uptime: 101 days 0:13 hours

CPU:total 4 (initial active 4) (2 cores per cpu, 2 threads per core) family 6 model 78 stepping 3 microcode 0xcc, cmov, cx8, fxsr, mmx, sse, sse2, sse3, ssse3, sse4.1, sse4.2, popcnt, avx, avx2, aes, clmul, erms, 3dnowpref, lzcnt, ht, tsc, tscinvbit, bmi1, bmi2, adx, fma

Memory: 4k page, system-wide physical 8047M (355M free)
TotalPageFile size 13757M (AvailPageFile size 6M)
current process WorkingSet (physical memory assigned to process): 198M, peak: 198M
current process commit charge ("private bytes"): 300M, peak: 302M

vm_info: OpenJDK 64-Bit Server VM (11.0.26+4-LTS) for windows-amd64 JRE (11.0.26+4-LTS), built on Jan 13 2025 17:23:34 by "Administrator" with MS VC++ 16.10 / 16.11 (VS2019)

END.
