#
# There is insufficient memory for the Java Runtime Environment to continue.
# Native memory allocation (malloc) failed to allocate 1416016 bytes for Chunk::new
# Possible reasons:
#   The system is out of physical RAM or swap space
#   The process is running with CompressedOops enabled, and the Java Heap may be blocking the growth of the native heap
# Possible solutions:
#   Reduce memory load on the system
#   Increase physical memory or swap space
#   Check if swap backing store is full
#   Decrease Java heap size (-Xmx/-Xms)
#   Decrease number of Java threads
#   Decrease Java thread stack sizes (-Xss)
#   Set larger code cache with -XX:ReservedCodeCacheSize=
#   JVM is running with Unscaled Compressed Oops mode in which the Java heap is
#     placed in the first 4GB address space. The Java Heap base address is the
#     maximum limit for the native heap growth. Please use -XX:HeapBaseMinAddress
#     to set the Java Heap base and to place the Java Heap above 4GB virtual address.
# This output file may be truncated or incomplete.
#
#  Out of Memory Error (arena.cpp:197), pid=13836, tid=16688
#
# JRE version: OpenJDK Runtime Environment Corretto-11.0.26.4.1 (11.0.26+4) (build 11.0.26+4-LTS)
# Java VM: OpenJDK 64-Bit Server VM Corretto-11.0.26.4.1 (11.0.26+4-LTS, mixed mode, tiered, compressed oops, g1 gc, windows-amd64)
# No core dump will be written. Minidumps are not enabled by default on client versions of Windows
#

---------------  S U M M A R Y ------------

Command Line: -ea -javaagent:C:\Users\Admin\.m2\repository/org/aspectj/aspectjweaver/1.9.20.1/aspectjweaver-1.9.20.1.jar -Didea.test.cyclic.buffer.size=1048576 -javaagent:F:\Java\InteliJi IDEA\IntelliJ IDEA Community Edition 2022.3\lib\idea_rt.jar=52590:F:\Java\InteliJi IDEA\IntelliJ IDEA Community Edition 2022.3\bin -Dfile.encoding=UTF-8 com.intellij.rt.testng.RemoteTestNGStarter -usedefaultlisteners false -socket52589 @w@C:\Users\Admin\AppData\Local\Temp\idea_working_dirs_testng.tmp -temp C:\Users\Admin\AppData\Local\Temp\idea_testng.tmp

Host: Intel(R) Core(TM) i5-6200U CPU @ 2.30GHz, 4 cores, 7G,  Windows 10 , 64 bit Build 19041 (10.0.19041.1806)
Time: Sat Jul 26 18:41:50 2025 SE Asia Standard Time elapsed time: 7.285762 seconds (0d 0h 0m 7s)

---------------  T H R E A D  ---------------

Current thread (0x0000014fd0673000):  JavaThread "C2 CompilerThread0" daemon [_thread_in_native, id=16688, stack(0x0000001c67e00000,0x0000001c67f00000)]


Current CompileTask:
C2:   7285 3255 %     4       org.aspectj.apache.bcel.generic.MethodGen::<init> @ 680 (998 bytes)

Stack: [0x0000001c67e00000,0x0000001c67f00000]
Native frames: (J=compiled Java code, j=interpreted, Vv=VM code, C=native code)
V  [jvm.dll+0x64644a]
V  [jvm.dll+0x7dac99]
V  [jvm.dll+0x7dc399]
V  [jvm.dll+0x7dca83]
V  [jvm.dll+0x269da5]
V  [jvm.dll+0xc217c]
V  [jvm.dll+0xc272c]
V  [jvm.dll+0x2dc162]
V  [jvm.dll+0x55130b]
V  [jvm.dll+0x22a7e1]
V  [jvm.dll+0x224179]
V  [jvm.dll+0x220cf4]
V  [jvm.dll+0x19ea01]
V  [jvm.dll+0x230cb9]
V  [jvm.dll+0x22ee2f]
V  [jvm.dll+0x79bec1]
V  [jvm.dll+0x794b94]
V  [jvm.dll+0x645205]
C  [ucrtbase.dll+0x21bb2]
C  [KERNEL32.DLL+0x17034]
C  [ntdll.dll+0x52651]


---------------  P R O C E S S  ---------------

Threads class SMR info:
_java_thread_list=0x0000014fd2b30150, length=29, elements={
0x0000014faff62800, 0x0000014fd0651800, 0x0000014fd065a800, 0x0000014fd0fd2800,
0x0000014fd0fd3800, 0x0000014fd066b800, 0x0000014fd0673000, 0x0000014fd067e000,
0x0000014fd0686800, 0x0000014fd10a3000, 0x0000014fd1a45800, 0x0000014fd4cda000,
0x0000014fd5390000, 0x0000014fd54be000, 0x0000014fd2ad5800, 0x0000014fd5314800,
0x0000014fd2b54000, 0x0000014fd5896000, 0x0000014fd5673000, 0x0000014fd3f9d000,
0x0000014fd3f9b800, 0x0000014fd3fa2000, 0x0000014fd3f9c800, 0x0000014fd10a4800,
0x0000014fd3f9f800, 0x0000014fd3f9e000, 0x0000014fd3f9f000, 0x0000014fd3fa0800,
0x0000014fd3fa1800
}

Java Threads: ( => current thread )
  0x0000014faff62800 JavaThread "main" [_thread_in_vm, id=3812, stack(0x0000001c67200000,0x0000001c67300000)]
  0x0000014fd0651800 JavaThread "Reference Handler" daemon [_thread_blocked, id=12756, stack(0x0000001c67900000,0x0000001c67a00000)]
  0x0000014fd065a800 JavaThread "Finalizer" daemon [_thread_blocked, id=17608, stack(0x0000001c67a00000,0x0000001c67b00000)]
  0x0000014fd0fd2800 JavaThread "Signal Dispatcher" daemon [_thread_blocked, id=16788, stack(0x0000001c67b00000,0x0000001c67c00000)]
  0x0000014fd0fd3800 JavaThread "Attach Listener" daemon [_thread_blocked, id=6756, stack(0x0000001c67c00000,0x0000001c67d00000)]
  0x0000014fd066b800 JavaThread "Service Thread" daemon [_thread_blocked, id=2748, stack(0x0000001c67d00000,0x0000001c67e00000)]
=>0x0000014fd0673000 JavaThread "C2 CompilerThread0" daemon [_thread_in_native, id=16688, stack(0x0000001c67e00000,0x0000001c67f00000)]
  0x0000014fd067e000 JavaThread "C1 CompilerThread0" daemon [_thread_in_native, id=23972, stack(0x0000001c67f00000,0x0000001c68000000)]
  0x0000014fd0686800 JavaThread "Sweeper thread" daemon [_thread_blocked, id=27540, stack(0x0000001c68000000,0x0000001c68100000)]
  0x0000014fd10a3000 JavaThread "Common-Cleaner" daemon [_thread_blocked, id=28424, stack(0x0000001c68100000,0x0000001c68200000)]
  0x0000014fd1a45800 JavaThread "Monitor Ctrl-Break" daemon [_thread_in_native, id=18348, stack(0x0000001c68500000,0x0000001c68600000)]
  0x0000014fd4cda000 JavaThread "ForkJoinPool.commonPool-worker-3" daemon [_thread_blocked, id=28404, stack(0x0000001c68800000,0x0000001c68900000)]
  0x0000014fd5390000 JavaThread "HttpClient-1-SelectorManager" daemon [_thread_in_native, id=22344, stack(0x0000001c68900000,0x0000001c68a00000)]
  0x0000014fd54be000 JavaThread "External Process Output Forwarder - C:\Users\Admin\.cache\selenium\chromedriver\win64\137.0.7151.119\chromedriver.exe" daemon [_thread_in_native, id=6556, stack(0x0000001c68a00000,0x0000001c68b00000)]
  0x0000014fd2ad5800 JavaThread "Driver Service Executor" daemon [_thread_blocked, id=14060, stack(0x0000001c68b00000,0x0000001c68c00000)]
  0x0000014fd5314800 JavaThread "Driver Service Executor" daemon [_thread_in_native, id=14444, stack(0x0000001c68c00000,0x0000001c68d00000)]
  0x0000014fd2b54000 JavaThread "UrlChecker-2" daemon [_thread_blocked, id=24652, stack(0x0000001c68d00000,0x0000001c68e00000)]
  0x0000014fd5896000 JavaThread "Keep-Alive-Timer" daemon [_thread_blocked, id=20876, stack(0x0000001c68f00000,0x0000001c69000000)]
  0x0000014fd5673000 JavaThread "JdkHttpClient-0-0" daemon [_thread_blocked, id=11848, stack(0x0000001c69000000,0x0000001c69100000)]
  0x0000014fd3f9d000 JavaThread "CompletableFutureDelayScheduler" daemon [_thread_blocked, id=21352, stack(0x0000001c69100000,0x0000001c69200000)]
  0x0000014fd3f9b800 JavaThread "JdkHttpClient-0-1" daemon [_thread_blocked, id=26760, stack(0x0000001c69200000,0x0000001c69300000)]
  0x0000014fd3fa2000 JavaThread "JdkHttpClient-0-2" daemon [_thread_blocked, id=3668, stack(0x0000001c69300000,0x0000001c69400000)]
  0x0000014fd3f9c800 JavaThread "JdkHttpClient-0-3" daemon [_thread_blocked, id=20412, stack(0x0000001c69400000,0x0000001c69500000)]
  0x0000014fd10a4800 JavaThread "C2 CompilerThread1" daemon [_thread_in_native, id=21532, stack(0x0000001c68200000,0x0000001c68300000)]
  0x0000014fd3f9f800 JavaThread "HttpClient-2-SelectorManager" daemon [_thread_in_native, id=14948, stack(0x0000001c69500000,0x0000001c69600000)]
  0x0000014fd3f9e000 JavaThread "JdkHttpClient-1-0" daemon [_thread_blocked, id=8792, stack(0x0000001c69600000,0x0000001c69700000)]
  0x0000014fd3f9f000 JavaThread "JdkHttpClient-1-1" daemon [_thread_blocked, id=10756, stack(0x0000001c69700000,0x0000001c69800000)]
  0x0000014fd3fa0800 JavaThread "JdkHttpClient-1-2" daemon [_thread_blocked, id=13192, stack(0x0000001c69800000,0x0000001c69900000)]
  0x0000014fd3fa1800 JavaThread "JdkHttpClient-1-3" daemon [_thread_blocked, id=1204, stack(0x0000001c69900000,0x0000001c69a00000)]

Other Threads:
  0x0000014fd062c000 VMThread "VM Thread" [stack: 0x0000001c67800000,0x0000001c67900000] [id=13004]
  0x0000014fd1b40000 WatcherThread [stack: 0x0000001c68600000,0x0000001c68700000] [id=8512]
  0x0000014faff7b000 GCTaskThread "GC Thread#0" [stack: 0x0000001c67300000,0x0000001c67400000] [id=21288]
  0x0000014fd1b4e000 GCTaskThread "GC Thread#1" [stack: 0x0000001c68300000,0x0000001c68400000] [id=28156]
  0x0000014fd1a1c800 GCTaskThread "GC Thread#2" [stack: 0x0000001c68400000,0x0000001c68500000] [id=25096]
  0x0000014faffab800 ConcurrentGCThread "G1 Main Marker" [stack: 0x0000001c67400000,0x0000001c67500000] [id=28380]
  0x0000014faffae000 ConcurrentGCThread "G1 Conc#0" [stack: 0x0000001c67500000,0x0000001c67600000] [id=24732]
  0x0000014fb003d000 ConcurrentGCThread "G1 Refine#0" [stack: 0x0000001c67600000,0x0000001c67700000] [id=27800]
  0x0000014fd2af4800 ConcurrentGCThread "G1 Refine#1" [stack: 0x0000001c68700000,0x0000001c68800000] [id=15184]
  0x0000014fb003e000 ConcurrentGCThread "G1 Young RemSet Sampling" [stack: 0x0000001c67700000,0x0000001c67800000] [id=28184]

Threads with active compile tasks:
C2 CompilerThread0     7325 3255 %     4       org.aspectj.apache.bcel.generic.MethodGen::<init> @ 680 (998 bytes)
C1 CompilerThread0     7325 3495       2       sun.util.resources.Bundles::cleanupCache (33 bytes)
C2 CompilerThread1     7325 3490 % !   4       java.util.concurrent.ConcurrentHashMap::transfer @ 96 (828 bytes)

VM state:not at safepoint (normal execution)

VM Mutex/Monitor currently owned by a thread: None

Heap address: 0x0000000082400000, size: 2012 MB, Compressed Oops mode: 32-bit
Narrow klass base: 0x0000000000000000, Narrow klass shift: 3
Compressed class space size: 1073741824 Address: 0x0000000100000000

Heap:
 garbage-first heap   total 155648K, used 52662K [0x0000000082400000, 0x0000000100000000)
  region size 1024K, 32 young (32768K), 8 survivors (8192K)
 Metaspace       used 34036K, capacity 35376K, committed 35456K, reserved 1081344K
  class space    used 3609K, capacity 4157K, committed 4224K, reserved 1048576K
Heap Regions: E=young(eden), S=young(survivor), O=old, HS=humongous(starts), HC=humongous(continues), CS=collection set, F=free, A=archive, TAMS=top-at-mark-start (previous, next)
|   0|0x0000000082400000, 0x0000000082500000, 0x0000000082500000|100%|HS|  |TAMS 0x0000000082500000, 0x0000000082400000| Complete 
|   1|0x0000000082500000, 0x0000000082600000, 0x0000000082600000|100%| O|  |TAMS 0x0000000082600000, 0x0000000082500000| Untracked 
|   2|0x0000000082600000, 0x0000000082700000, 0x0000000082700000|100%| O|  |TAMS 0x0000000082700000, 0x0000000082600000| Untracked 
|   3|0x0000000082700000, 0x0000000082800000, 0x0000000082800000|100%| O|  |TAMS 0x0000000082800000, 0x0000000082700000| Untracked 
|   4|0x0000000082800000, 0x0000000082900000, 0x0000000082900000|100%| O|  |TAMS 0x0000000082900000, 0x0000000082800000| Untracked 
|   5|0x0000000082900000, 0x0000000082a00000, 0x0000000082a00000|100%| O|  |TAMS 0x0000000082a00000, 0x0000000082900000| Untracked 
|   6|0x0000000082a00000, 0x0000000082b00000, 0x0000000082b00000|100%| O|  |TAMS 0x0000000082b00000, 0x0000000082a00000| Untracked 
|   7|0x0000000082b00000, 0x0000000082c00000, 0x0000000082c00000|100%| O|  |TAMS 0x0000000082c00000, 0x0000000082b00000| Untracked 
|   8|0x0000000082c00000, 0x0000000082d00000, 0x0000000082d00000|100%| O|  |TAMS 0x0000000082d00000, 0x0000000082c00000| Untracked 
|   9|0x0000000082d00000, 0x0000000082e00000, 0x0000000082e00000|100%| O|  |TAMS 0x0000000082e00000, 0x0000000082d00000| Untracked 
|  10|0x0000000082e00000, 0x0000000082f00000, 0x0000000082f00000|100%| O|  |TAMS 0x0000000082f00000, 0x0000000082e00000| Untracked 
|  11|0x0000000082f00000, 0x0000000083000000, 0x0000000083000000|100%| O|  |TAMS 0x0000000083000000, 0x0000000082f00000| Untracked 
|  12|0x0000000083000000, 0x0000000083100000, 0x0000000083100000|100%| O|  |TAMS 0x0000000083100000, 0x0000000083000000| Untracked 
|  13|0x0000000083100000, 0x0000000083200000, 0x0000000083200000|100%| O|  |TAMS 0x0000000083200000, 0x0000000083100000| Untracked 
|  14|0x0000000083200000, 0x0000000083300000, 0x0000000083300000|100%| O|  |TAMS 0x0000000083300000, 0x0000000083200000| Untracked 
|  15|0x0000000083300000, 0x0000000083400000, 0x0000000083400000|100%| O|  |TAMS 0x0000000083400000, 0x0000000083300000| Untracked 
|  16|0x0000000083400000, 0x0000000083500000, 0x0000000083500000|100%| O|  |TAMS 0x00000000834bb000, 0x0000000083400000| Untracked 
|  17|0x0000000083500000, 0x0000000083600000, 0x0000000083600000|100%| O|  |TAMS 0x0000000083500000, 0x0000000083500000| Untracked 
|  18|0x0000000083600000, 0x0000000083700000, 0x0000000083700000|100%| O|  |TAMS 0x0000000083600000, 0x0000000083600000| Untracked 
|  19|0x0000000083700000, 0x0000000083800000, 0x0000000083800000|100%| O|  |TAMS 0x0000000083700000, 0x0000000083700000| Untracked 
|  20|0x0000000083800000, 0x000000008386da00, 0x0000000083900000| 42%| O|  |TAMS 0x0000000083800000, 0x0000000083800000| Untracked 
|  21|0x0000000083900000, 0x0000000083900000, 0x0000000083a00000|  0%| F|  |TAMS 0x0000000083900000, 0x0000000083900000| Untracked 
|  22|0x0000000083a00000, 0x0000000083a00000, 0x0000000083b00000|  0%| F|  |TAMS 0x0000000083a00000, 0x0000000083a00000| Untracked 
|  23|0x0000000083b00000, 0x0000000083b00000, 0x0000000083c00000|  0%| F|  |TAMS 0x0000000083b00000, 0x0000000083b00000| Untracked 
|  24|0x0000000083c00000, 0x0000000083c00000, 0x0000000083d00000|  0%| F|  |TAMS 0x0000000083c00000, 0x0000000083c00000| Untracked 
|  25|0x0000000083d00000, 0x0000000083d00000, 0x0000000083e00000|  0%| F|  |TAMS 0x0000000083d00000, 0x0000000083d00000| Untracked 
|  26|0x0000000083e00000, 0x0000000083e00000, 0x0000000083f00000|  0%| F|  |TAMS 0x0000000083e00000, 0x0000000083e00000| Untracked 
|  27|0x0000000083f00000, 0x0000000083f00000, 0x0000000084000000|  0%| F|  |TAMS 0x0000000083f00000, 0x0000000083f00000| Untracked 
|  28|0x0000000084000000, 0x0000000084000000, 0x0000000084100000|  0%| F|  |TAMS 0x0000000084000000, 0x0000000084000000| Untracked 
|  29|0x0000000084100000, 0x0000000084100000, 0x0000000084200000|  0%| F|  |TAMS 0x0000000084100000, 0x0000000084100000| Untracked 
|  30|0x0000000084200000, 0x0000000084200000, 0x0000000084300000|  0%| F|  |TAMS 0x0000000084200000, 0x0000000084200000| Untracked 
|  31|0x0000000084300000, 0x0000000084300000, 0x0000000084400000|  0%| F|  |TAMS 0x0000000084300000, 0x0000000084300000| Untracked 
|  32|0x0000000084400000, 0x0000000084400000, 0x0000000084500000|  0%| F|  |TAMS 0x0000000084400000, 0x0000000084400000| Untracked 
|  33|0x0000000084500000, 0x0000000084500000, 0x0000000084600000|  0%| F|  |TAMS 0x0000000084500000, 0x0000000084500000| Untracked 
|  34|0x0000000084600000, 0x0000000084600000, 0x0000000084700000|  0%| F|  |TAMS 0x0000000084600000, 0x0000000084600000| Untracked 
|  35|0x0000000084700000, 0x0000000084700000, 0x0000000084800000|  0%| F|  |TAMS 0x0000000084700000, 0x0000000084700000| Untracked 
|  36|0x0000000084800000, 0x0000000084800000, 0x0000000084900000|  0%| F|  |TAMS 0x0000000084800000, 0x0000000084800000| Untracked 
|  37|0x0000000084900000, 0x0000000084900000, 0x0000000084a00000|  0%| F|  |TAMS 0x0000000084900000, 0x0000000084900000| Untracked 
|  38|0x0000000084a00000, 0x0000000084a00000, 0x0000000084b00000|  0%| F|  |TAMS 0x0000000084a00000, 0x0000000084a00000| Untracked 
|  39|0x0000000084b00000, 0x0000000084b00000, 0x0000000084c00000|  0%| F|  |TAMS 0x0000000084b00000, 0x0000000084b00000| Untracked 
|  40|0x0000000084c00000, 0x0000000084c00000, 0x0000000084d00000|  0%| F|  |TAMS 0x0000000084c00000, 0x0000000084c00000| Untracked 
|  41|0x0000000084d00000, 0x0000000084d00000, 0x0000000084e00000|  0%| F|  |TAMS 0x0000000084d00000, 0x0000000084d00000| Untracked 
|  42|0x0000000084e00000, 0x0000000084e00000, 0x0000000084f00000|  0%| F|  |TAMS 0x0000000084e00000, 0x0000000084e00000| Untracked 
|  43|0x0000000084f00000, 0x0000000084f00000, 0x0000000085000000|  0%| F|  |TAMS 0x0000000084f00000, 0x0000000084f00000| Untracked 
|  44|0x0000000085000000, 0x0000000085000000, 0x0000000085100000|  0%| F|  |TAMS 0x0000000085000000, 0x0000000085000000| Untracked 
|  45|0x0000000085100000, 0x0000000085100000, 0x0000000085200000|  0%| F|  |TAMS 0x0000000085100000, 0x0000000085100000| Untracked 
|  46|0x0000000085200000, 0x0000000085200000, 0x0000000085300000|  0%| F|  |TAMS 0x0000000085200000, 0x0000000085200000| Untracked 
|  47|0x0000000085300000, 0x0000000085300000, 0x0000000085400000|  0%| F|  |TAMS 0x0000000085300000, 0x0000000085300000| Untracked 
|  48|0x0000000085400000, 0x0000000085400000, 0x0000000085500000|  0%| F|  |TAMS 0x0000000085400000, 0x0000000085400000| Untracked 
|  49|0x0000000085500000, 0x0000000085500000, 0x0000000085600000|  0%| F|  |TAMS 0x0000000085500000, 0x0000000085500000| Untracked 
|  50|0x0000000085600000, 0x0000000085600000, 0x0000000085700000|  0%| F|  |TAMS 0x0000000085600000, 0x0000000085600000| Untracked 
|  51|0x0000000085700000, 0x0000000085700000, 0x0000000085800000|  0%| F|  |TAMS 0x0000000085700000, 0x0000000085700000| Untracked 
|  52|0x0000000085800000, 0x0000000085800000, 0x0000000085900000|  0%| F|  |TAMS 0x0000000085800000, 0x0000000085800000| Untracked 
|  53|0x0000000085900000, 0x0000000085900000, 0x0000000085a00000|  0%| F|  |TAMS 0x0000000085900000, 0x0000000085900000| Untracked 
|  54|0x0000000085a00000, 0x0000000085a00000, 0x0000000085b00000|  0%| F|  |TAMS 0x0000000085a00000, 0x0000000085a00000| Untracked 
|  55|0x0000000085b00000, 0x0000000085b00000, 0x0000000085c00000|  0%| F|  |TAMS 0x0000000085b00000, 0x0000000085b00000| Untracked 
|  56|0x0000000085c00000, 0x0000000085c00000, 0x0000000085d00000|  0%| F|  |TAMS 0x0000000085c00000, 0x0000000085c00000| Untracked 
|  57|0x0000000085d00000, 0x0000000085e00000, 0x0000000085e00000|100%| S|CS|TAMS 0x0000000085d00000, 0x0000000085d00000| Complete 
|  58|0x0000000085e00000, 0x0000000085f00000, 0x0000000085f00000|100%| S|CS|TAMS 0x0000000085e00000, 0x0000000085e00000| Complete 
|  59|0x0000000085f00000, 0x0000000086000000, 0x0000000086000000|100%| S|CS|TAMS 0x0000000085f00000, 0x0000000085f00000| Complete 
|  60|0x0000000086000000, 0x0000000086100000, 0x0000000086100000|100%| S|CS|TAMS 0x0000000086000000, 0x0000000086000000| Complete 
|  61|0x0000000086100000, 0x0000000086200000, 0x0000000086200000|100%| S|CS|TAMS 0x0000000086100000, 0x0000000086100000| Complete 
|  62|0x0000000086200000, 0x0000000086300000, 0x0000000086300000|100%| S|CS|TAMS 0x0000000086200000, 0x0000000086200000| Complete 
|  63|0x0000000086300000, 0x0000000086400000, 0x0000000086400000|100%| S|CS|TAMS 0x0000000086300000, 0x0000000086300000| Complete 
|  64|0x0000000086400000, 0x0000000086400000, 0x0000000086500000|  0%| F|  |TAMS 0x0000000086400000, 0x0000000086400000| Untracked 
|  65|0x0000000086500000, 0x0000000086500000, 0x0000000086600000|  0%| F|  |TAMS 0x0000000086500000, 0x0000000086500000| Untracked 
|  66|0x0000000086600000, 0x0000000086600000, 0x0000000086700000|  0%| F|  |TAMS 0x0000000086600000, 0x0000000086600000| Untracked 
|  67|0x0000000086700000, 0x0000000086700000, 0x0000000086800000|  0%| F|  |TAMS 0x0000000086700000, 0x0000000086700000| Untracked 
|  68|0x0000000086800000, 0x0000000086800000, 0x0000000086900000|  0%| F|  |TAMS 0x0000000086800000, 0x0000000086800000| Untracked 
|  69|0x0000000086900000, 0x0000000086900000, 0x0000000086a00000|  0%| F|  |TAMS 0x0000000086900000, 0x0000000086900000| Untracked 
|  70|0x0000000086a00000, 0x0000000086a00000, 0x0000000086b00000|  0%| F|  |TAMS 0x0000000086a00000, 0x0000000086a00000| Untracked 
|  71|0x0000000086b00000, 0x0000000086c00000, 0x0000000086c00000|100%| S|CS|TAMS 0x0000000086b00000, 0x0000000086b00000| Complete 
|  72|0x0000000086c00000, 0x0000000086c00000, 0x0000000086d00000|  0%| F|  |TAMS 0x0000000086c00000, 0x0000000086c00000| Untracked 
|  73|0x0000000086d00000, 0x0000000086d00000, 0x0000000086e00000|  0%| F|  |TAMS 0x0000000086d00000, 0x0000000086d00000| Untracked 
|  74|0x0000000086e00000, 0x0000000086e00000, 0x0000000086f00000|  0%| F|  |TAMS 0x0000000086e00000, 0x0000000086e00000| Untracked 
|  75|0x0000000086f00000, 0x0000000086f00000, 0x0000000087000000|  0%| F|  |TAMS 0x0000000086f00000, 0x0000000086f00000| Untracked 
|  76|0x0000000087000000, 0x0000000087000000, 0x0000000087100000|  0%| F|  |TAMS 0x0000000087000000, 0x0000000087000000| Untracked 
|  77|0x0000000087100000, 0x0000000087100000, 0x0000000087200000|  0%| F|  |TAMS 0x0000000087100000, 0x0000000087100000| Untracked 
|  78|0x0000000087200000, 0x0000000087200000, 0x0000000087300000|  0%| F|  |TAMS 0x0000000087200000, 0x0000000087200000| Untracked 
|  79|0x0000000087300000, 0x0000000087300000, 0x0000000087400000|  0%| F|  |TAMS 0x0000000087300000, 0x0000000087300000| Untracked 
|  80|0x0000000087400000, 0x0000000087400000, 0x0000000087500000|  0%| F|  |TAMS 0x0000000087400000, 0x0000000087400000| Untracked 
|  81|0x0000000087500000, 0x0000000087500000, 0x0000000087600000|  0%| F|  |TAMS 0x0000000087500000, 0x0000000087500000| Untracked 
|  82|0x0000000087600000, 0x0000000087600000, 0x0000000087700000|  0%| F|  |TAMS 0x0000000087600000, 0x0000000087600000| Untracked 
|  83|0x0000000087700000, 0x0000000087700000, 0x0000000087800000|  0%| F|  |TAMS 0x0000000087700000, 0x0000000087700000| Untracked 
|  84|0x0000000087800000, 0x0000000087800000, 0x0000000087900000|  0%| F|  |TAMS 0x0000000087800000, 0x0000000087800000| Untracked 
|  85|0x0000000087900000, 0x0000000087900000, 0x0000000087a00000|  0%| F|  |TAMS 0x0000000087900000, 0x0000000087900000| Untracked 
|  86|0x0000000087a00000, 0x0000000087a00000, 0x0000000087b00000|  0%| F|  |TAMS 0x0000000087a00000, 0x0000000087a00000| Untracked 
|  87|0x0000000087b00000, 0x0000000087b00000, 0x0000000087c00000|  0%| F|  |TAMS 0x0000000087b00000, 0x0000000087b00000| Untracked 
|  88|0x0000000087c00000, 0x0000000087c00000, 0x0000000087d00000|  0%| F|  |TAMS 0x0000000087c00000, 0x0000000087c00000| Untracked 
|  89|0x0000000087d00000, 0x0000000087d00000, 0x0000000087e00000|  0%| F|  |TAMS 0x0000000087d00000, 0x0000000087d00000| Untracked 
|  90|0x0000000087e00000, 0x0000000087e00000, 0x0000000087f00000|  0%| F|  |TAMS 0x0000000087e00000, 0x0000000087e00000| Untracked 
|  91|0x0000000087f00000, 0x0000000087f00000, 0x0000000088000000|  0%| F|  |TAMS 0x0000000087f00000, 0x0000000087f00000| Untracked 
|  92|0x0000000088000000, 0x0000000088000000, 0x0000000088100000|  0%| F|  |TAMS 0x0000000088000000, 0x0000000088000000| Untracked 
|  93|0x0000000088100000, 0x0000000088100000, 0x0000000088200000|  0%| F|  |TAMS 0x0000000088100000, 0x0000000088100000| Untracked 
|  94|0x0000000088200000, 0x0000000088200000, 0x0000000088300000|  0%| F|  |TAMS 0x0000000088200000, 0x0000000088200000| Untracked 
|  95|0x0000000088300000, 0x0000000088300000, 0x0000000088400000|  0%| F|  |TAMS 0x0000000088300000, 0x0000000088300000| Untracked 
|  96|0x0000000088400000, 0x0000000088400000, 0x0000000088500000|  0%| F|  |TAMS 0x0000000088400000, 0x0000000088400000| Untracked 
|  97|0x0000000088500000, 0x0000000088500000, 0x0000000088600000|  0%| F|  |TAMS 0x0000000088500000, 0x0000000088500000| Untracked 
|  98|0x0000000088600000, 0x0000000088600000, 0x0000000088700000|  0%| F|  |TAMS 0x0000000088600000, 0x0000000088600000| Untracked 
|  99|0x0000000088700000, 0x0000000088700000, 0x0000000088800000|  0%| F|  |TAMS 0x0000000088700000, 0x0000000088700000| Untracked 
| 100|0x0000000088800000, 0x0000000088800000, 0x0000000088900000|  0%| F|  |TAMS 0x0000000088800000, 0x0000000088800000| Untracked 
| 101|0x0000000088900000, 0x0000000088900000, 0x0000000088a00000|  0%| F|  |TAMS 0x0000000088900000, 0x0000000088900000| Untracked 
| 102|0x0000000088a00000, 0x0000000088a00000, 0x0000000088b00000|  0%| F|  |TAMS 0x0000000088a00000, 0x0000000088a00000| Untracked 
| 103|0x0000000088b00000, 0x0000000088b00000, 0x0000000088c00000|  0%| F|  |TAMS 0x0000000088b00000, 0x0000000088b00000| Untracked 
| 104|0x0000000088c00000, 0x0000000088c00000, 0x0000000088d00000|  0%| F|  |TAMS 0x0000000088c00000, 0x0000000088c00000| Untracked 
| 105|0x0000000088d00000, 0x0000000088d00000, 0x0000000088e00000|  0%| F|  |TAMS 0x0000000088d00000, 0x0000000088d00000| Untracked 
| 106|0x0000000088e00000, 0x0000000088e00000, 0x0000000088f00000|  0%| F|  |TAMS 0x0000000088e00000, 0x0000000088e00000| Untracked 
| 107|0x0000000088f00000, 0x0000000088f00000, 0x0000000089000000|  0%| F|  |TAMS 0x0000000088f00000, 0x0000000088f00000| Untracked 
| 108|0x0000000089000000, 0x0000000089000000, 0x0000000089100000|  0%| F|  |TAMS 0x0000000089000000, 0x0000000089000000| Untracked 
| 109|0x0000000089100000, 0x0000000089100000, 0x0000000089200000|  0%| F|  |TAMS 0x0000000089100000, 0x0000000089100000| Untracked 
| 110|0x0000000089200000, 0x0000000089200000, 0x0000000089300000|  0%| F|  |TAMS 0x0000000089200000, 0x0000000089200000| Untracked 
| 111|0x0000000089300000, 0x0000000089300000, 0x0000000089400000|  0%| F|  |TAMS 0x0000000089300000, 0x0000000089300000| Untracked 
| 112|0x0000000089400000, 0x0000000089400000, 0x0000000089500000|  0%| F|  |TAMS 0x0000000089400000, 0x0000000089400000| Untracked 
| 113|0x0000000089500000, 0x0000000089500000, 0x0000000089600000|  0%| F|  |TAMS 0x0000000089500000, 0x0000000089500000| Untracked 
| 114|0x0000000089600000, 0x0000000089600000, 0x0000000089700000|  0%| F|  |TAMS 0x0000000089600000, 0x0000000089600000| Untracked 
| 115|0x0000000089700000, 0x0000000089700000, 0x0000000089800000|  0%| F|  |TAMS 0x0000000089700000, 0x0000000089700000| Untracked 
| 116|0x0000000089800000, 0x0000000089800000, 0x0000000089900000|  0%| F|  |TAMS 0x0000000089800000, 0x0000000089800000| Untracked 
| 117|0x0000000089900000, 0x0000000089900000, 0x0000000089a00000|  0%| F|  |TAMS 0x0000000089900000, 0x0000000089900000| Untracked 
| 118|0x0000000089a00000, 0x0000000089a00000, 0x0000000089b00000|  0%| F|  |TAMS 0x0000000089a00000, 0x0000000089a00000| Untracked 
| 119|0x0000000089b00000, 0x0000000089b00000, 0x0000000089c00000|  0%| F|  |TAMS 0x0000000089b00000, 0x0000000089b00000| Untracked 
| 120|0x0000000089c00000, 0x0000000089c00000, 0x0000000089d00000|  0%| F|  |TAMS 0x0000000089c00000, 0x0000000089c00000| Untracked 
| 121|0x0000000089d00000, 0x0000000089d00000, 0x0000000089e00000|  0%| F|  |TAMS 0x0000000089d00000, 0x0000000089d00000| Untracked 
| 122|0x0000000089e00000, 0x0000000089e00000, 0x0000000089f00000|  0%| F|  |TAMS 0x0000000089e00000, 0x0000000089e00000| Untracked 
| 123|0x0000000089f00000, 0x0000000089f00000, 0x000000008a000000|  0%| F|  |TAMS 0x0000000089f00000, 0x0000000089f00000| Untracked 
| 124|0x000000008a000000, 0x000000008a000000, 0x000000008a100000|  0%| F|  |TAMS 0x000000008a000000, 0x000000008a000000| Untracked 
| 125|0x000000008a100000, 0x000000008a100000, 0x000000008a200000|  0%| F|  |TAMS 0x000000008a100000, 0x000000008a100000| Untracked 
| 126|0x000000008a200000, 0x000000008a200000, 0x000000008a300000|  0%| F|  |TAMS 0x000000008a200000, 0x000000008a200000| Untracked 
| 127|0x000000008a300000, 0x000000008a300000, 0x000000008a400000|  0%| F|  |TAMS 0x000000008a300000, 0x000000008a300000| Untracked 
| 128|0x000000008a400000, 0x000000008a500000, 0x000000008a500000|100%| E|  |TAMS 0x000000008a400000, 0x000000008a400000| Complete 
| 129|0x000000008a500000, 0x000000008a600000, 0x000000008a600000|100%| E|CS|TAMS 0x000000008a500000, 0x000000008a500000| Complete 
| 130|0x000000008a600000, 0x000000008a700000, 0x000000008a700000|100%| E|CS|TAMS 0x000000008a600000, 0x000000008a600000| Complete 
| 131|0x000000008a700000, 0x000000008a800000, 0x000000008a800000|100%| E|CS|TAMS 0x000000008a700000, 0x000000008a700000| Complete 
| 132|0x000000008a800000, 0x000000008a900000, 0x000000008a900000|100%| E|CS|TAMS 0x000000008a800000, 0x000000008a800000| Complete 
| 133|0x000000008a900000, 0x000000008aa00000, 0x000000008aa00000|100%| E|CS|TAMS 0x000000008a900000, 0x000000008a900000| Complete 
| 134|0x000000008aa00000, 0x000000008ab00000, 0x000000008ab00000|100%| E|CS|TAMS 0x000000008aa00000, 0x000000008aa00000| Complete 
| 135|0x000000008ab00000, 0x000000008ac00000, 0x000000008ac00000|100%| E|CS|TAMS 0x000000008ab00000, 0x000000008ab00000| Complete 
| 136|0x000000008ac00000, 0x000000008ad00000, 0x000000008ad00000|100%| E|CS|TAMS 0x000000008ac00000, 0x000000008ac00000| Complete 
| 137|0x000000008ad00000, 0x000000008ae00000, 0x000000008ae00000|100%| E|CS|TAMS 0x000000008ad00000, 0x000000008ad00000| Complete 
| 138|0x000000008ae00000, 0x000000008af00000, 0x000000008af00000|100%| E|CS|TAMS 0x000000008ae00000, 0x000000008ae00000| Complete 
| 139|0x000000008af00000, 0x000000008b000000, 0x000000008b000000|100%| E|CS|TAMS 0x000000008af00000, 0x000000008af00000| Complete 
| 140|0x000000008b000000, 0x000000008b100000, 0x000000008b100000|100%| E|CS|TAMS 0x000000008b000000, 0x000000008b000000| Complete 
| 141|0x000000008b100000, 0x000000008b200000, 0x000000008b200000|100%| E|CS|TAMS 0x000000008b100000, 0x000000008b100000| Complete 
| 142|0x000000008b200000, 0x000000008b300000, 0x000000008b300000|100%| E|CS|TAMS 0x000000008b200000, 0x000000008b200000| Complete 
| 143|0x000000008b300000, 0x000000008b400000, 0x000000008b400000|100%| E|CS|TAMS 0x000000008b300000, 0x000000008b300000| Complete 
| 144|0x000000008b400000, 0x000000008b500000, 0x000000008b500000|100%| E|CS|TAMS 0x000000008b400000, 0x000000008b400000| Complete 
| 145|0x000000008b500000, 0x000000008b600000, 0x000000008b600000|100%| E|CS|TAMS 0x000000008b500000, 0x000000008b500000| Complete 
| 146|0x000000008b600000, 0x000000008b700000, 0x000000008b700000|100%| E|CS|TAMS 0x000000008b600000, 0x000000008b600000| Complete 
| 147|0x000000008b700000, 0x000000008b800000, 0x000000008b800000|100%| E|CS|TAMS 0x000000008b700000, 0x000000008b700000| Complete 
| 148|0x000000008b800000, 0x000000008b900000, 0x000000008b900000|100%| E|CS|TAMS 0x000000008b800000, 0x000000008b800000| Complete 
| 149|0x000000008b900000, 0x000000008ba00000, 0x000000008ba00000|100%| E|CS|TAMS 0x000000008b900000, 0x000000008b900000| Complete 
| 150|0x000000008ba00000, 0x000000008bb00000, 0x000000008bb00000|100%| E|CS|TAMS 0x000000008ba00000, 0x000000008ba00000| Complete 
| 151|0x000000008bb00000, 0x000000008bc00000, 0x000000008bc00000|100%| E|CS|TAMS 0x000000008bb00000, 0x000000008bb00000| Complete 

Card table byte_map: [0x0000014fc9940000,0x0000014fc9d30000] _byte_map_base: 0x0000014fc952e000

Marking Bits (Prev, Next): (CMBitMap*) 0x0000014faffa3120, (CMBitMap*) 0x0000014faffa30e8
 Prev Bits: [0x0000014fcc090000, 0x0000014fce000000)
 Next Bits: [0x0000014fca120000, 0x0000014fcc090000)

Polling page: 0x0000014fb0040000

Metaspace:

Usage:
  Non-class:     30.49 MB capacity,    29.72 MB ( 97%) used,   638.20 KB (  2%) free+waste,   151.94 KB ( <1%) overhead. 
      Class:      4.06 MB capacity,     3.52 MB ( 87%) used,   473.48 KB ( 11%) free+waste,    74.31 KB (  2%) overhead. 
       Both:     34.55 MB capacity,    33.24 MB ( 96%) used,     1.09 MB (  3%) free+waste,   226.25 KB ( <1%) overhead. 

Virtual space:
  Non-class space:       32.00 MB reserved,      30.50 MB ( 95%) committed 
      Class space:        1.00 GB reserved,       4.12 MB ( <1%) committed 
             Both:        1.03 GB reserved,      34.62 MB (  3%) committed 

Chunk freelists:
   Non-Class:  13.00 KB
       Class:  3.00 KB
        Both:  16.00 KB

MaxMetaspaceSize: 17179869184.00 GB
CompressedClassSpaceSize: 1.00 GB
Initial GC threshold: 20.80 MB
Current GC threshold: 35.00 MB
CDS: off

CodeHeap 'non-profiled nmethods': size=120064Kb used=1947Kb max_used=1947Kb free=118116Kb
 bounds [0x0000014fc19e0000, 0x0000014fc1c50000, 0x0000014fc8f20000]
CodeHeap 'profiled nmethods': size=120000Kb used=7726Kb max_used=7726Kb free=112273Kb
 bounds [0x0000014fba4b0000, 0x0000014fbac40000, 0x0000014fc19e0000]
CodeHeap 'non-nmethods': size=5696Kb used=1278Kb max_used=1307Kb free=4417Kb
 bounds [0x0000014fb9f20000, 0x0000014fba190000, 0x0000014fba4b0000]
 total_blobs=4007 nmethods=3439 adapters=479
 compilation: enabled
              stopped_count=0, restarted_count=0
 full_count=0

Compilation events (20 events):
Event: 7.276 Thread 0x0000014fd067e000 nmethod 3456 0x0000014fbac12d90 code [0x0000014fbac12f80, 0x0000014fbac132e8]
Event: 7.276 Thread 0x0000014fd067e000 3461       2       sun.util.calendar.ZoneInfoFile$ZoneOffsetTransitionRule::adjust (87 bytes)
Event: 7.276 Thread 0x0000014fd067e000 nmethod 3461 0x0000014fbac13510 code [0x0000014fbac136c0, 0x0000014fbac13958]
Event: 7.276 Thread 0x0000014fd067e000 3460       2       java.util.Objects::isNull (10 bytes)
Event: 7.276 Thread 0x0000014fd067e000 nmethod 3460 0x0000014fbac13a90 code [0x0000014fbac13c40, 0x0000014fbac13d38]
Event: 7.276 Thread 0x0000014fd067e000 3463       2       java.util.zip.CRC32::getValue (10 bytes)
Event: 7.276 Thread 0x0000014fd067e000 nmethod 3463 0x0000014fbac13e10 code [0x0000014fbac13fc0, 0x0000014fbac140d8]
Event: 7.277 Thread 0x0000014fd067e000 3459       2       java.util.LinkedHashMap$LinkedKeySet::contains (9 bytes)
Event: 7.277 Thread 0x0000014fd067e000 nmethod 3459 0x0000014fbac14190 code [0x0000014fbac14360, 0x0000014fbac144f8]
Event: 7.277 Thread 0x0000014fd067e000 3465       2       java.util.zip.CRC32::<init> (5 bytes)
Event: 7.277 Thread 0x0000014fd067e000 nmethod 3465 0x0000014fbac14610 code [0x0000014fbac147c0, 0x0000014fbac148b8]
Event: 7.278 Thread 0x0000014fd067e000 3466       2       sun.util.cldr.CLDRTimeZoneNameProviderImpl::deriveFallbackName (563 bytes)
Event: 7.282 Thread 0x0000014fd067e000 nmethod 3466 0x0000014fbac14990 code [0x0000014fbac14dc0, 0x0000014fbac16338]
Event: 7.282 Thread 0x0000014fd067e000 3467       2       sun.util.locale.provider.JRELocaleProviderAdapter::getLocaleResources (51 bytes)
Event: 7.282 Thread 0x0000014fd067e000 nmethod 3467 0x0000014fbac16f90 code [0x0000014fbac17160, 0x0000014fbac173e8]
Event: 7.282 Thread 0x0000014fd067e000 3468       2       sun.util.locale.provider.LocaleResources::removeEmptyReferences (33 bytes)
Event: 7.283 Thread 0x0000014fd067e000 nmethod 3468 0x0000014fbac17510 code [0x0000014fbac176e0, 0x0000014fbac17a98]
Event: 7.283 Thread 0x0000014fd067e000 3469   !   2       sun.util.resources.Bundles$CacheKey::equals (62 bytes)
Event: 7.283 Thread 0x0000014fd067e000 nmethod 3469 0x0000014fbac17c90 code [0x0000014fbac17e60, 0x0000014fbac18098]
Event: 7.283 Thread 0x0000014fd067e000 3471       2       sun.util.cldr.CLDRLocaleProviderAdapter::getParentLocale (122 bytes)

GC Heap History (14 events):
Event: 0.784 GC heap before
{Heap before GC invocations=0 (full 0):
 garbage-first heap   total 129024K, used 15360K [0x0000000082400000, 0x0000000100000000)
  region size 1024K, 14 young (14336K), 0 survivors (0K)
 Metaspace       used 10096K, capacity 10340K, committed 10496K, reserved 1058816K
  class space    used 931K, capacity 1022K, committed 1024K, reserved 1048576K
}
Event: 0.791 GC heap after
{Heap after GC invocations=1 (full 0):
 garbage-first heap   total 129024K, used 4131K [0x0000000082400000, 0x0000000100000000)
  region size 1024K, 2 young (2048K), 2 survivors (2048K)
 Metaspace       used 10096K, capacity 10340K, committed 10496K, reserved 1058816K
  class space    used 931K, capacity 1022K, committed 1024K, reserved 1048576K
}
Event: 2.660 GC heap before
{Heap before GC invocations=1 (full 0):
 garbage-first heap   total 129024K, used 78883K [0x0000000082400000, 0x0000000100000000)
  region size 1024K, 75 young (76800K), 2 survivors (2048K)
 Metaspace       used 18237K, capacity 18500K, committed 18816K, reserved 1067008K
  class space    used 1671K, capacity 1802K, committed 1920K, reserved 1048576K
}
Event: 2.681 GC heap after
{Heap after GC invocations=2 (full 0):
 garbage-first heap   total 129024K, used 16252K [0x0000000082400000, 0x0000000100000000)
  region size 1024K, 10 young (10240K), 10 survivors (10240K)
 Metaspace       used 18237K, capacity 18500K, committed 18816K, reserved 1067008K
  class space    used 1671K, capacity 1802K, committed 1920K, reserved 1048576K
}
Event: 2.814 GC heap before
{Heap before GC invocations=2 (full 0):
 garbage-first heap   total 129024K, used 26492K [0x0000000082400000, 0x0000000100000000)
  region size 1024K, 20 young (20480K), 10 survivors (10240K)
 Metaspace       used 18730K, capacity 18980K, committed 19072K, reserved 1067008K
  class space    used 1707K, capacity 1834K, committed 1920K, reserved 1048576K
}
Event: 2.830 GC heap after
{Heap after GC invocations=3 (full 0):
 garbage-first heap   total 129024K, used 17440K [0x0000000082400000, 0x0000000100000000)
  region size 1024K, 2 young (2048K), 2 survivors (2048K)
 Metaspace       used 18730K, capacity 18980K, committed 19072K, reserved 1067008K
  class space    used 1707K, capacity 1834K, committed 1920K, reserved 1048576K
}
Event: 3.199 GC heap before
{Heap before GC invocations=3 (full 0):
 garbage-first heap   total 129024K, used 46112K [0x0000000082400000, 0x0000000100000000)
  region size 1024K, 30 young (30720K), 2 survivors (2048K)
 Metaspace       used 20391K, capacity 20691K, committed 20992K, reserved 1069056K
  class space    used 1832K, capacity 1935K, committed 2048K, reserved 1048576K
}
Event: 3.204 GC heap after
{Heap after GC invocations=4 (full 0):
 garbage-first heap   total 129024K, used 19349K [0x0000000082400000, 0x0000000100000000)
  region size 1024K, 4 young (4096K), 4 survivors (4096K)
 Metaspace       used 20391K, capacity 20691K, committed 20992K, reserved 1069056K
  class space    used 1832K, capacity 1935K, committed 2048K, reserved 1048576K
}
Event: 3.389 GC heap before
{Heap before GC invocations=4 (full 0):
 garbage-first heap   total 129024K, used 32661K [0x0000000082400000, 0x0000000100000000)
  region size 1024K, 18 young (18432K), 4 survivors (4096K)
 Metaspace       used 20885K, capacity 21139K, committed 21248K, reserved 1069056K
  class space    used 1901K, capacity 1999K, committed 2048K, reserved 1048576K
}
Event: 3.394 GC heap after
{Heap after GC invocations=5 (full 0):
 garbage-first heap   total 129024K, used 20396K [0x0000000082400000, 0x0000000100000000)
  region size 1024K, 4 young (4096K), 4 survivors (4096K)
 Metaspace       used 20885K, capacity 21139K, committed 21248K, reserved 1069056K
  class space    used 1901K, capacity 1999K, committed 2048K, reserved 1048576K
}
Event: 4.294 GC heap before
{Heap before GC invocations=6 (full 0):
 garbage-first heap   total 129024K, used 72620K [0x0000000082400000, 0x0000000100000000)
  region size 1024K, 55 young (56320K), 4 survivors (4096K)
 Metaspace       used 24562K, capacity 25244K, committed 25600K, reserved 1073152K
  class space    used 2408K, capacity 2704K, committed 2816K, reserved 1048576K
}
Event: 4.305 GC heap after
{Heap after GC invocations=7 (full 0):
 garbage-first heap   total 129024K, used 23663K [0x0000000082400000, 0x0000000100000000)
  region size 1024K, 7 young (7168K), 7 survivors (7168K)
 Metaspace       used 24562K, capacity 25244K, committed 25600K, reserved 1073152K
  class space    used 2408K, capacity 2704K, committed 2816K, reserved 1048576K
}
Event: 6.781 GC heap before
{Heap before GC invocations=7 (full 0):
 garbage-first heap   total 129024K, used 78959K [0x0000000082400000, 0x0000000100000000)
  region size 1024K, 61 young (62464K), 7 survivors (7168K)
 Metaspace       used 32613K, capacity 33847K, committed 33920K, reserved 1079296K
  class space    used 3437K, capacity 3922K, committed 3968K, reserved 1048576K
}
Event: 6.801 GC heap after
{Heap after GC invocations=8 (full 0):
 garbage-first heap   total 155648K, used 29110K [0x0000000082400000, 0x0000000100000000)
  region size 1024K, 8 young (8192K), 8 survivors (8192K)
 Metaspace       used 32613K, capacity 33847K, committed 33920K, reserved 1079296K
  class space    used 3437K, capacity 3922K, committed 3968K, reserved 1048576K
}

Deoptimization events (20 events):
Event: 7.214 Thread 0x0000014faff62800 Uncommon trap: trap_request=0xffffff4d fr.pc=0x0000014fc1adfe80 relative=0x0000000000000300
Event: 7.214 Thread 0x0000014faff62800 Uncommon trap: reason=unstable_if action=reinterpret pc=0x0000014fc1adfe80 method=org.aspectj.weaver.bcel.AtAjAttributes.readAj5ClassAttributes(Lorg/aspectj/asm/AsmManager;Lorg/aspectj/apache/bcel/classfile/JavaClass;Lorg/aspectj/weaver/ReferenceType;Lorg
Event: 7.214 Thread 0x0000014faff62800 DEOPT PACKING pc=0x0000014fc1adfe80 sp=0x0000001c672f9960
Event: 7.214 Thread 0x0000014faff62800 DEOPT UNPACKING pc=0x0000014fb9f6a1af sp=0x0000001c672f9868 mode 2
Event: 7.214 Thread 0x0000014faff62800 Uncommon trap: trap_request=0xffffffde fr.pc=0x0000014fc1b073dc relative=0x000000000000021c
Event: 7.214 Thread 0x0000014faff62800 Uncommon trap: reason=class_check action=maybe_recompile pc=0x0000014fc1b073dc method=org.aspectj.weaver.ShadowMunger.match(Lorg/aspectj/weaver/Shadow;Lorg/aspectj/weaver/World;)Z @ 284 c2
Event: 7.214 Thread 0x0000014faff62800 DEOPT PACKING pc=0x0000014fc1b073dc sp=0x0000001c672fa270
Event: 7.214 Thread 0x0000014faff62800 DEOPT UNPACKING pc=0x0000014fb9f6a1af sp=0x0000001c672fa188 mode 2
Event: 7.215 Thread 0x0000014faff62800 Uncommon trap: trap_request=0xffffffde fr.pc=0x0000014fc1b073dc relative=0x000000000000021c
Event: 7.215 Thread 0x0000014faff62800 Uncommon trap: reason=class_check action=maybe_recompile pc=0x0000014fc1b073dc method=org.aspectj.weaver.ShadowMunger.match(Lorg/aspectj/weaver/Shadow;Lorg/aspectj/weaver/World;)Z @ 284 c2
Event: 7.215 Thread 0x0000014faff62800 DEOPT PACKING pc=0x0000014fc1b073dc sp=0x0000001c672fa270
Event: 7.215 Thread 0x0000014faff62800 DEOPT UNPACKING pc=0x0000014fb9f6a1af sp=0x0000001c672fa188 mode 2
Event: 7.228 Thread 0x0000014faff62800 Uncommon trap: trap_request=0xffffff4d fr.pc=0x0000014fc1b0e080 relative=0x0000000000000060
Event: 7.228 Thread 0x0000014faff62800 Uncommon trap: reason=unstable_if action=reinterpret pc=0x0000014fc1b0e080 method=org.aspectj.weaver.bcel.BcelMethod.getKind()Lorg/aspectj/weaver/MemberKind; @ 4 c2
Event: 7.228 Thread 0x0000014faff62800 DEOPT PACKING pc=0x0000014fc1b0e080 sp=0x0000001c672fa2d0
Event: 7.229 Thread 0x0000014faff62800 DEOPT UNPACKING pc=0x0000014fb9f6a1af sp=0x0000001c672fa270 mode 2
Event: 7.252 Thread 0x0000014faff62800 Uncommon trap: trap_request=0xffffff4d fr.pc=0x0000014fc19ea928 relative=0x0000000000000188
Event: 7.252 Thread 0x0000014faff62800 Uncommon trap: reason=unstable_if action=reinterpret pc=0x0000014fc19ea928 method=java.lang.String.equals(Ljava/lang/Object;)Z @ 27 c2
Event: 7.252 Thread 0x0000014faff62800 DEOPT PACKING pc=0x0000014fc19ea928 sp=0x0000001c672fa110
Event: 7.252 Thread 0x0000014faff62800 DEOPT UNPACKING pc=0x0000014fb9f6a1af sp=0x0000001c672fa0b0 mode 2

Classes redefined (0 events):
No events

Internal exceptions (20 events):
Event: 5.094 Thread 0x0000014faff62800 Exception <a 'sun/nio/fs/WindowsException'{0x00000000881067e0}> (0x00000000881067e0) thrown at [s\src\hotspot\share\prims\jni.cpp, line 617]
Event: 5.103 Thread 0x0000014faff62800 Exception <a 'java/lang/NoSuchMethodError'{0x000000008813bd10}: 'int java.lang.invoke.DirectMethodHandle$Holder.invokeStaticInit(java.lang.Object, java.lang.Object, java.lang.Object, java.lang.Object)'> (0x000000008813bd10) thrown at [s\src\hotspot\share\interpreter\linkResolver.cpp, line 773]
Event: 5.104 Thread 0x0000014faff62800 Exception <a 'java/lang/NoSuchMethodError'{0x0000000088147218}: 'void java.lang.invoke.DirectMethodHandle$Holder.invokeStaticInit(java.lang.Object, java.lang.Object)'> (0x0000000088147218) thrown at [s\src\hotspot\share\interpreter\linkResolver.cpp, line 773]
Event: 5.372 Thread 0x0000014faff62800 Exception <a 'java/lang/NoSuchMethodError'{0x00000000875a4bf8}: 'java.lang.Object java.lang.invoke.DirectMethodHandle$Holder.invokeInterface(java.lang.Object, java.lang.Object, java.lang.Object)'> (0x00000000875a4bf8) thrown at [s\src\hotspot\share\interpreter\linkResolver.cpp, line 773]
Event: 5.372 Thread 0x0000014faff62800 Exception <a 'java/lang/IncompatibleClassChangeError'{0x00000000875a7b80}: Found class java.lang.Object, but interface was expected> (0x00000000875a7b80) thrown at [s\src\hotspot\share\interpreter\linkResolver.cpp, line 839]
Event: 5.374 Thread 0x0000014faff62800 Exception <a 'java/lang/NoSuchMethodError'{0x00000000875b0930}: 'int java.lang.invoke.DirectMethodHandle$Holder.invokeSpecialIFC(java.lang.Object, java.lang.Object, java.lang.Object, java.lang.Object)'> (0x00000000875b0930) thrown at [s\src\hotspot\share\interpreter\linkResolver.cpp, line 773]
Event: 5.384 Thread 0x0000014faff62800 Exception <a 'java/lang/NoSuchMethodError'{0x00000000874670c8}: 'java.lang.Object java.lang.invoke.DirectMethodHandle$Holder.invokeVirtual(java.lang.Object, java.lang.Object, java.lang.Object, java.lang.Object)'> (0x00000000874670c8) thrown at [s\src\hotspot\share\interpreter\linkResolver.cpp, line 773]
Event: 5.417 Thread 0x0000014fd2b54000 Exception <a 'java/net/ConnectException'{0x00000000873e4ac8}: Connection refused: connect> (0x00000000873e4ac8) thrown at [s\src\hotspot\share\prims\jni.cpp, line 638]
Event: 5.431 Thread 0x0000014fd2b54000 Exception <a 'java/net/ConnectException'{0x00000000873e62a8}: Connection refused: connect> (0x00000000873e62a8) thrown at [s\src\hotspot\share\prims\jni.cpp, line 638]
Event: 5.466 Thread 0x0000014fd2b54000 Exception <a 'java/net/ConnectException'{0x00000000873e71e8}: Connection refused: connect> (0x00000000873e71e8) thrown at [s\src\hotspot\share\prims\jni.cpp, line 638]
Event: 5.565 Thread 0x0000014faff62800 Exception <a 'java/lang/NoSuchMethodError'{0x000000008705a668}: 'java.lang.Object java.lang.invoke.Invokers$Holder.linkToTargetMethod(java.lang.Object, int, int, java.lang.Object)'> (0x000000008705a668) thrown at [s\src\hotspot\share\interpreter\linkResolver.cpp, line 773]
Event: 5.567 Thread 0x0000014faff62800 Exception <a 'java/lang/NoSuchMethodError'{0x0000000087065e80}: 'void java.lang.invoke.DirectMethodHandle$Holder.invokeStatic(java.lang.Object, java.lang.Object, int)'> (0x0000000087065e80) thrown at [s\src\hotspot\share\interpreter\linkResolver.cpp, line 773]
Event: 5.640 Thread 0x0000014fd5673000 Exception <a 'java/lang/NoSuchMethodError'{0x0000000086ec3f08}: 'java.lang.Object java.lang.invoke.DirectMethodHandle$Holder.invokeSpecial(java.lang.Object, java.lang.Object, int, int, java.lang.Object, java.lang.Object, int)'> (0x0000000086ec3f08) thrown at [s\src\hotspot\share\interpreter\linkResolver.cpp, line 773]
Event: 5.640 Thread 0x0000014fd5673000 Exception <a 'java/lang/NoSuchMethodError'{0x0000000086ec7398}: 'java.lang.Object java.lang.invoke.DelegatingMethodHandle$Holder.reinvoke_L(java.lang.Object, int, int, java.lang.Object, java.lang.Object, int)'> (0x0000000086ec7398) thrown at [s\src\hotspot\share\interpreter\linkResolver.cpp, line 773]
Event: 5.641 Thread 0x0000014fd5673000 Exception <a 'java/lang/NoSuchMethodError'{0x0000000086ed80f0}: 'java.lang.Object java.lang.invoke.DirectMethodHandle$Holder.invokeSpecial(java.lang.Object, java.lang.Object, java.lang.Object, java.lang.Object, int)'> (0x0000000086ed80f0) thrown at [s\src\hotspot\share\interpreter\linkResolver.cpp, line 773]
Event: 5.641 Thread 0x0000014fd5673000 Exception <a 'java/lang/NoSuchMethodError'{0x0000000086edb158}: 'java.lang.Object java.lang.invoke.Invokers$Holder.linkToTargetMethod(java.lang.Object, java.lang.Object, int, java.lang.Object)'> (0x0000000086edb158) thrown at [s\src\hotspot\share\interpreter\linkResolver.cpp, line 773]
Event: 5.673 Thread 0x0000014fd5673000 Exception <a 'java/lang/NoSuchMethodError'{0x0000000086d6de78}: 'void java.lang.invoke.DirectMethodHandle$Holder.invokeSpecial(java.lang.Object, java.lang.Object, java.lang.Object, java.lang.Object, java.lang.Object)'> (0x0000000086d6de78) thrown at [s\src\hotspot\share\interpreter\linkResolver.cpp, line 773]
Event: 5.683 Thread 0x0000014fd5673000 Exception <a 'java/lang/NoSuchMethodError'{0x0000000086da47b0}: 'long java.lang.invoke.DirectMethodHandle$Holder.invokeStatic(java.lang.Object, long, long)'> (0x0000000086da47b0) thrown at [s\src\hotspot\share\interpreter\linkResolver.cpp, line 773]
Event: 6.817 Thread 0x0000014fd3f9b800 Exception <a 'java/lang/NoSuchMethodError'{0x000000008bb80b00}: 'void java.lang.invoke.DirectMethodHandle$Holder.invokeSpecial(java.lang.Object, java.lang.Object, java.lang.Object, java.lang.Object, java.lang.Object, java.lang.Object, java.lang.Object)'> (0x000000008bb80b00) thrown at [s\src\hotspot\share\interpreter\linkResolver.cpp, line 773]
Event: 6.837 Thread 0x0000014faff62800 Exception <a 'java/lang/NoSuchMethodError'{0x000000008babb830}: 'java.lang.Object java.lang.invoke.DirectMethodHandle$Holder.invokeSpecialIFC(java.lang.Object, java.lang.Object, java.lang.Object)'> (0x000000008babb830) thrown at [s\src\hotspot\share\interpreter\linkResolver.cpp, line 773]

Events (20 events):
Event: 7.244 loading class java/time/zone/ZoneRulesProvider$1
Event: 7.245 loading class java/time/zone/ZoneRulesProvider$1 done
Event: 7.245 loading class java/time/zone/TzdbZoneRulesProvider
Event: 7.246 loading class java/time/zone/TzdbZoneRulesProvider done
Event: 7.249 loading class java/time/zone/Ser
Event: 7.249 loading class java/io/Externalizable
Event: 7.249 loading class java/io/Externalizable done
Event: 7.249 loading class java/time/zone/Ser done
Event: 7.249 loading class java/time/Month
Event: 7.250 loading class java/time/Month done
Event: 7.250 loading class java/time/DayOfWeek
Event: 7.250 loading class java/time/DayOfWeek done
Event: 7.251 loading class java/time/zone/ZoneOffsetTransitionRule$TimeDefinition
Event: 7.251 loading class java/time/zone/ZoneOffsetTransitionRule$TimeDefinition done
Event: 7.254 loading class java/time/chrono/IsoChronology
Event: 7.254 loading class java/time/chrono/AbstractChronology
Event: 7.255 loading class java/time/chrono/Chronology
Event: 7.256 loading class java/time/chrono/Chronology done
Event: 7.256 loading class java/time/chrono/AbstractChronology done
Event: 7.256 loading class java/time/chrono/IsoChronology done


Dynamic libraries:
0x00007ff6ed3b0000 - 0x00007ff6ed3be000 	C:\Users\Admin\.jdks\corretto-11.0.26\bin\java.exe
0x00007ff86fbf0000 - 0x00007ff86fde8000 	C:\Windows\SYSTEM32\ntdll.dll
0x00007ff86f6e0000 - 0x00007ff86f79d000 	C:\Windows\System32\KERNEL32.DLL
0x00007ff86d310000 - 0x00007ff86d5de000 	C:\Windows\System32\KERNELBASE.dll
0x00007ff86d610000 - 0x00007ff86d710000 	C:\Windows\System32\ucrtbase.dll
0x00007ff866450000 - 0x00007ff866467000 	C:\Users\Admin\.jdks\corretto-11.0.26\bin\jli.dll
0x00007ff866fe0000 - 0x00007ff866ffb000 	C:\Users\Admin\.jdks\corretto-11.0.26\bin\VCRUNTIME140.dll
0x00007ff86f340000 - 0x00007ff86f4e0000 	C:\Windows\System32\USER32.dll
0x00007ff86dc20000 - 0x00007ff86dc42000 	C:\Windows\System32\win32u.dll
0x00007ff86f6b0000 - 0x00007ff86f6da000 	C:\Windows\System32\GDI32.dll
0x00007ff86c720000 - 0x00007ff86c9ba000 	C:\Windows\WinSxS\amd64_microsoft.windows.common-controls_6595b64144ccf1df_6.0.19041.1110_none_60b5254171f9507e\COMCTL32.dll
0x00007ff86f7a0000 - 0x00007ff86f83e000 	C:\Windows\System32\msvcrt.dll
0x00007ff86d910000 - 0x00007ff86da1b000 	C:\Windows\System32\gdi32full.dll
0x00007ff86da20000 - 0x00007ff86dabd000 	C:\Windows\System32\msvcp_win.dll
0x00007ff86f9f0000 - 0x00007ff86fa20000 	C:\Windows\System32\IMM32.DLL
0x00007ff86b080000 - 0x00007ff86b08c000 	C:\Users\Admin\.jdks\corretto-11.0.26\bin\vcruntime140_1.dll
0x00007ff864e30000 - 0x00007ff864ebd000 	C:\Users\Admin\.jdks\corretto-11.0.26\bin\msvcp140.dll
0x00007ff83b1e0000 - 0x00007ff83bda5000 	C:\Users\Admin\.jdks\corretto-11.0.26\bin\server\jvm.dll
0x00007ff86e3a0000 - 0x00007ff86e44e000 	C:\Windows\System32\ADVAPI32.dll
0x00007ff86f080000 - 0x00007ff86f11c000 	C:\Windows\System32\sechost.dll
0x00007ff86fa80000 - 0x00007ff86fba5000 	C:\Windows\System32\RPCRT4.dll
0x00007ff86f970000 - 0x00007ff86f9db000 	C:\Windows\System32\WS2_32.dll
0x00007ff86f9e0000 - 0x00007ff86f9e8000 	C:\Windows\System32\PSAPI.DLL
0x00007ff857fe0000 - 0x00007ff858007000 	C:\Windows\SYSTEM32\WINMM.dll
0x00007ff8697c0000 - 0x00007ff8697ca000 	C:\Windows\SYSTEM32\VERSION.dll
0x00007ff86aec0000 - 0x00007ff86aed2000 	C:\Windows\SYSTEM32\kernel.appcore.dll
0x00007ff866d00000 - 0x00007ff866d10000 	C:\Users\Admin\.jdks\corretto-11.0.26\bin\verify.dll
0x00007ff86cd40000 - 0x00007ff86cf24000 	C:\Windows\SYSTEM32\DBGHELP.DLL
0x00007ff86caf0000 - 0x00007ff86cb1c000 	C:\Windows\SYSTEM32\dbgcore.DLL
0x00007ff86d760000 - 0x00007ff86d7e2000 	C:\Windows\System32\bcryptPrimitives.dll
0x00007ff8660c0000 - 0x00007ff8660e8000 	C:\Users\Admin\.jdks\corretto-11.0.26\bin\java.dll
0x00007ff866af0000 - 0x00007ff866afa000 	C:\Users\Admin\.jdks\corretto-11.0.26\bin\jimage.dll
0x00007ff8663d0000 - 0x00007ff8663de000 	C:\Users\Admin\.jdks\corretto-11.0.26\bin\instrument.dll
0x00007ff866120000 - 0x00007ff866138000 	C:\Users\Admin\.jdks\corretto-11.0.26\bin\zip.dll
0x00007ff86dc50000 - 0x00007ff86e394000 	C:\Windows\System32\SHELL32.dll
0x00007ff86a610000 - 0x00007ff86ada4000 	C:\Windows\SYSTEM32\windows.storage.dll
0x00007ff86ed20000 - 0x00007ff86f074000 	C:\Windows\System32\combase.dll
0x00007ff86c680000 - 0x00007ff86c6b0000 	C:\Windows\SYSTEM32\Wldp.dll
0x00007ff86ead0000 - 0x00007ff86eb7d000 	C:\Windows\System32\SHCORE.dll
0x00007ff86e5e0000 - 0x00007ff86e635000 	C:\Windows\System32\shlwapi.dll
0x00007ff86d250000 - 0x00007ff86d26f000 	C:\Windows\SYSTEM32\profapi.dll
0x00007ff8660a0000 - 0x00007ff8660b9000 	C:\Users\Admin\.jdks\corretto-11.0.26\bin\net.dll
0x00007ff869f60000 - 0x00007ff86a06a000 	C:\Windows\SYSTEM32\WINHTTP.dll
0x00007ff86c370000 - 0x00007ff86c3da000 	C:\Windows\system32\mswsock.dll
0x00007ff864860000 - 0x00007ff864872000 	C:\Users\Admin\.jdks\corretto-11.0.26\bin\nio.dll
0x00007ff8647d0000 - 0x00007ff8647ea000 	F:\Java\InteliJi IDEA\IntelliJ IDEA Community Edition 2022.3\bin\breakgen64.dll
0x00007ff86d0a0000 - 0x00007ff86d0b8000 	C:\Windows\SYSTEM32\CRYPTSP.dll
0x00007ff86bd80000 - 0x00007ff86bdb4000 	C:\Windows\system32\rsaenh.dll
0x00007ff86d5e0000 - 0x00007ff86d607000 	C:\Windows\System32\bcrypt.dll
0x00007ff86d210000 - 0x00007ff86d23e000 	C:\Windows\SYSTEM32\USERENV.dll
0x00007ff86c670000 - 0x00007ff86c67c000 	C:\Windows\SYSTEM32\CRYPTBASE.dll
0x00007ff86c0a0000 - 0x00007ff86c0db000 	C:\Windows\SYSTEM32\IPHLPAPI.DLL
0x00007ff86f6a0000 - 0x00007ff86f6a8000 	C:\Windows\System32\NSI.dll
0x00007ff861d30000 - 0x00007ff861d47000 	C:\Windows\SYSTEM32\dhcpcsvc6.DLL
0x00007ff862c60000 - 0x00007ff862c7d000 	C:\Windows\SYSTEM32\dhcpcsvc.DLL
0x00007ff86c0e0000 - 0x00007ff86c1ab000 	C:\Windows\SYSTEM32\DNSAPI.dll
0x00007ff85bbe0000 - 0x00007ff85bbea000 	C:\Windows\System32\rasadhlp.dll
0x00007ff85b2b0000 - 0x00007ff85b330000 	C:\Windows\System32\fwpuclnt.dll
0x00007ff866040000 - 0x00007ff866049000 	C:\Users\Admin\.jdks\corretto-11.0.26\bin\management.dll
0x00007ff864f00000 - 0x00007ff864f0b000 	C:\Users\Admin\.jdks\corretto-11.0.26\bin\management_ext.dll
0x00007ff857090000 - 0x00007ff8570b7000 	C:\Users\Admin\.jdks\corretto-11.0.26\bin\sunec.dll

dbghelp: loaded successfully - version: 4.0.5 - missing functions: none
symbol engine: initialized successfully - sym options: 0x614 - pdb path: .;C:\Users\Admin\.jdks\corretto-11.0.26\bin;C:\Windows\SYSTEM32;C:\Windows\WinSxS\amd64_microsoft.windows.common-controls_6595b64144ccf1df_6.0.19041.1110_none_60b5254171f9507e;C:\Users\Admin\.jdks\corretto-11.0.26\bin\server;F:\Java\InteliJi IDEA\IntelliJ IDEA Community Edition 2022.3\bin

VM Arguments:
jvm_args: -ea -javaagent:C:\Users\Admin\.m2\repository/org/aspectj/aspectjweaver/1.9.20.1/aspectjweaver-1.9.20.1.jar -Didea.test.cyclic.buffer.size=1048576 -javaagent:F:\Java\InteliJi IDEA\IntelliJ IDEA Community Edition 2022.3\lib\idea_rt.jar=52590:F:\Java\InteliJi IDEA\IntelliJ IDEA Community Edition 2022.3\bin -Dfile.encoding=UTF-8 
java_command: com.intellij.rt.testng.RemoteTestNGStarter -usedefaultlisteners false -socket52589 @w@C:\Users\Admin\AppData\Local\Temp\idea_working_dirs_testng.tmp -temp C:\Users\Admin\AppData\Local\Temp\idea_testng.tmp
java_class_path (initial): F:\Java\InteliJi IDEA\IntelliJ IDEA Community Edition 2022.3\lib\idea_rt.jar;F:\Java\InteliJi IDEA\IntelliJ IDEA Community Edition 2022.3\plugins\testng\lib\testng-rt.jar;C:\Users\Admin\IdeaProjects\iviettech-AT03-EBanking\target\test-classes;C:\Users\Admin\IdeaProjects\iviettech-AT03-EBanking\target\classes;C:\Users\Admin\.m2\repository\org\testng\testng\7.11.0\testng-7.11.0.jar;C:\Users\Admin\.m2\repository\org\slf4j\slf4j-api\2.0.16\slf4j-api-2.0.16.jar;C:\Users\Admin\.m2\repository\org\jcommander\jcommander\1.83\jcommander-1.83.jar;C:\Users\Admin\.m2\repository\org\webjars\jquery\3.7.1\jquery-3.7.1.jar;C:\Users\Admin\.m2\repository\org\seleniumhq\selenium\selenium-java\4.33.0\selenium-java-4.33.0.jar;C:\Users\Admin\.m2\repository\org\seleniumhq\selenium\selenium-api\4.33.0\selenium-api-4.33.0.jar;C:\Users\Admin\.m2\repository\org\jspecify\jspecify\1.0.0\jspecify-1.0.0.jar;C:\Users\Admin\.m2\repository\org\seleniumhq\selenium\selenium-chrome-driver\4.33.0\selenium-chrome-driver-4.33.0.jar;C:\Users\Admin\.m2\repository\com\google\auto\service\auto-service-annotations\1.1.1\auto-service-annotations-1.1.1.jar;C:\Users\Admin\.m2\repository\org\seleniumhq\selenium\selenium-chromium-driver\4.33.0\selenium-chromium-driver-4.33.0.jar;C:\Users\Admin\.m2\repository\org\seleniumhq\selenium\selenium-json\4.33.0\selenium-json-4.33.0.jar;C:\Users\Admin\.m2\repository\org\seleniumhq\selenium\selenium-manager\4.33.0\selenium-manager-4.33.0.jar;C:\Users\Admin\.m2\repository\org\seleniumhq\selenium\selenium-devtools-v135\4.33.0\selenium-devtools-v135-4.33.0.jar;C:\Users\Admin\.m2\repository\org\seleniumhq\selenium\selenium-devtools-v136\4.33.0\selenium-devtools-v136-4.33.0.jar;C:\Users\Admin\.m2\repository\org\seleniumhq\selenium\selenium-devtools-v137\4.33.0\selenium-devtools-v137-4.33.0.jar;C:\Users\Admin\.m2\repository\org\seleniumhq\selenium\selenium-edge-driver\4.33.0\selenium-edge-driver-4.33.0.jar;C:\Users\Admin\.m2\repository\org\seleniumhq\sel
Launcher Type: SUN_STANDARD

[Global flags]
     intx CICompilerCount                          = 3                                         {product} {ergonomic}
     uint ConcGCThreads                            = 1                                         {product} {ergonomic}
     uint G1ConcRefinementThreads                  = 4                                         {product} {ergonomic}
   size_t G1HeapRegionSize                         = 1048576                                   {product} {ergonomic}
    uintx GCDrainStackTargetSize                   = 64                                        {product} {ergonomic}
   size_t InitialHeapSize                          = 132120576                                 {product} {ergonomic}
   size_t MarkStackSize                            = 4194304                                   {product} {ergonomic}
   size_t MaxHeapSize                              = 2109734912                                {product} {ergonomic}
   size_t MaxNewSize                               = 1265631232                                {product} {ergonomic}
   size_t MinHeapDeltaBytes                        = 1048576                                   {product} {ergonomic}
    uintx NonNMethodCodeHeapSize                   = 5830732                                {pd product} {ergonomic}
    uintx NonProfiledCodeHeapSize                  = 122913754                              {pd product} {ergonomic}
    uintx ProfiledCodeHeapSize                     = 122913754                              {pd product} {ergonomic}
    uintx ReservedCodeCacheSize                    = 251658240                              {pd product} {ergonomic}
     bool SegmentedCodeCache                       = true                                      {product} {ergonomic}
     bool UseCompressedClassPointers               = true                                 {lp64_product} {ergonomic}
     bool UseCompressedOops                        = true                                 {lp64_product} {ergonomic}
     bool UseG1GC                                  = true                                      {product} {ergonomic}
     bool UseLargePagesIndividualAllocation        = false                                  {pd product} {ergonomic}

Logging:
Log output configuration:
 #0: stdout all=warning uptime,level,tags
 #1: stderr all=off uptime,level,tags

Environment Variables:
JAVA_HOME=C:\Users\Admin\.jdks\corretto-11.0.26
PATH=C:\Program Files\Common Files\Oracle\Java\javapath;C:\Program Files (x86)\Common Files\Oracle\Java\javapath;C:\Windows\system32;C:\Windows;C:\Windows\System32\Wbem;C:\Windows\System32\WindowsPowerShell\v1.0\;C:\Windows\System32\OpenSSH\;C:\Program Files (x86)\Common Files\GTK\2.0\bin;C:\Users\Admin\dà n?ng Dropbox\huy phan\PC\Downloads\apache-jmeter-5.6\apache-jmeter-5.6\bin;C:\Program Files (x86)\Windows Kits\10\Windows Performance Toolkit\;C:\Program Files\Cloudflare\Cloudflare WARP\;C:\Users\Admin\AppData\Local\Microsoft\WindowsApps;F:\Java\InteliJi IDEA\IntelliJ IDEA Community Edition 2022.3\bin;;F:\Microsoft VS Code\bin;C:\Users\Admin\.jdks\corretto-11.0.26\bin;F:\setup allure\allure-2.34.0\allure-2.34.0\bin;
USERNAME=Admin
OS=Windows_NT
PROCESSOR_IDENTIFIER=Intel64 Family 6 Model 78 Stepping 3, GenuineIntel
TMP=C:\Users\Admin\AppData\Local\Temp
TEMP=C:\Users\Admin\AppData\Local\Temp



---------------  S Y S T E M  ---------------

OS: Windows 10 , 64 bit Build 19041 (10.0.19041.1806)
OS uptime: 100 days 23:58 hours

CPU:total 4 (initial active 4) (2 cores per cpu, 2 threads per core) family 6 model 78 stepping 3 microcode 0xcc, cmov, cx8, fxsr, mmx, sse, sse2, sse3, ssse3, sse4.1, sse4.2, popcnt, avx, avx2, aes, clmul, erms, 3dnowpref, lzcnt, ht, tsc, tscinvbit, bmi1, bmi2, adx, fma

Memory: 4k page, system-wide physical 8047M (486M free)
TotalPageFile size 13757M (AvailPageFile size 4M)
current process WorkingSet (physical memory assigned to process): 249M, peak: 249M
current process commit charge ("private bytes"): 300M, peak: 301M

vm_info: OpenJDK 64-Bit Server VM (11.0.26+4-LTS) for windows-amd64 JRE (11.0.26+4-LTS), built on Jan 13 2025 17:23:34 by "Administrator" with MS VC++ 16.10 / 16.11 (VS2019)

END.
