#
# There is insufficient memory for the Java Runtime Environment to continue.
# Native memory allocation (malloc) failed to allocate 193952 bytes for Chunk::new
# Possible reasons:
#   The system is out of physical RAM or swap space
#   The process is running with CompressedOops enabled, and the Java Heap may be blocking the growth of the native heap
# Possible solutions:
#   Reduce memory load on the system
#   Increase physical memory or swap space
#   Check if swap backing store is full
#   Decrease Java heap size (-Xmx/-Xms)
#   Decrease number of Java threads
#   Decrease Java thread stack sizes (-Xss)
#   Set larger code cache with -XX:ReservedCodeCacheSize=
#   JVM is running with Unscaled Compressed Oops mode in which the Java heap is
#     placed in the first 4GB address space. The Java Heap base address is the
#     maximum limit for the native heap growth. Please use -XX:HeapBaseMinAddress
#     to set the Java Heap base and to place the Java Heap above 4GB virtual address.
# This output file may be truncated or incomplete.
#
#  Out of Memory Error (arena.cpp:197), pid=14172, tid=12240
#
# JRE version: OpenJDK Runtime Environment Corretto-11.0.26.4.1 (11.0.26+4) (build 11.0.26+4-LTS)
# Java VM: OpenJDK 64-Bit Server VM Corretto-11.0.26.4.1 (11.0.26+4-LTS, mixed mode, tiered, compressed oops, g1 gc, windows-amd64)
# No core dump will be written. Minidumps are not enabled by default on client versions of Windows
#

---------------  S U M M A R Y ------------

Command Line: -ea -javaagent:C:\Users\Admin\.m2\repository/org/aspectj/aspectjweaver/1.9.20.1/aspectjweaver-1.9.20.1.jar -Didea.test.cyclic.buffer.size=1048576 -javaagent:F:\Java\InteliJi IDEA\IntelliJ IDEA Community Edition 2022.3\lib\idea_rt.jar=49855:F:\Java\InteliJi IDEA\IntelliJ IDEA Community Edition 2022.3\bin -Dfile.encoding=UTF-8 com.intellij.rt.testng.RemoteTestNGStarter -usedefaultlisteners false -socket49854 @w@C:\Users\Admin\AppData\Local\Temp\idea_working_dirs_testng.tmp -temp C:\Users\Admin\AppData\Local\Temp\idea_testng.tmp

Host: Intel(R) Core(TM) i5-6200U CPU @ 2.30GHz, 4 cores, 7G,  Windows 10 , 64 bit Build 19041 (10.0.19041.1806)
Time: Sat Jul 26 17:38:39 2025 SE Asia Standard Time elapsed time: 14.941978 seconds (0d 0h 0m 14s)

---------------  T H R E A D  ---------------

Current thread (0x000001d8d00fe000):  JavaThread "C2 CompilerThread0" daemon [_thread_in_native, id=12240, stack(0x0000000336500000,0x0000000336600000)]


Current CompileTask:
C2:  14942 3986   !   4       org.aspectj.weaver.World::resolve (297 bytes)

Stack: [0x0000000336500000,0x0000000336600000]
Native frames: (J=compiled Java code, j=interpreted, Vv=VM code, C=native code)
V  [jvm.dll+0x64644a]
V  [jvm.dll+0x7dac99]
V  [jvm.dll+0x7dc399]
V  [jvm.dll+0x7dca83]
V  [jvm.dll+0x269da5]
V  [jvm.dll+0xc217c]
V  [jvm.dll+0xc272c]
V  [jvm.dll+0xc228b]
V  [jvm.dll+0x6a6b6c]
V  [jvm.dll+0x559a94]
V  [jvm.dll+0x5423f3]
V  [jvm.dll+0x544bf2]
V  [jvm.dll+0x54dc94]
V  [jvm.dll+0x54755a]
V  [jvm.dll+0x54afa7]
V  [jvm.dll+0x54a70d]
V  [jvm.dll+0x54a5f0]
V  [jvm.dll+0x54a779]
V  [jvm.dll+0x551b2e]
V  [jvm.dll+0x22a7e1]
V  [jvm.dll+0x224179]
V  [jvm.dll+0x220cf4]
V  [jvm.dll+0x19ea01]
V  [jvm.dll+0x230cb9]
V  [jvm.dll+0x22ee2f]
V  [jvm.dll+0x79bec1]
V  [jvm.dll+0x794b94]
V  [jvm.dll+0x645205]
C  [ucrtbase.dll+0x21bb2]
C  [KERNEL32.DLL+0x17034]
C  [ntdll.dll+0x52651]


---------------  P R O C E S S  ---------------

Threads class SMR info:
_java_thread_list=0x000001d8d2664a20, length=28, elements={
0x000001d8b19a4800, 0x000001d8d0100000, 0x000001d8d0109800, 0x000001d8d0a72800,
0x000001d8d00f9800, 0x000001d8d00fb000, 0x000001d8d00fe000, 0x000001d8d0115800,
0x000001d8d0122800, 0x000001d8d0bdb800, 0x000001d8d0bd6800, 0x000001d8d0bd7800,
0x000001d8d0bd9000, 0x000001d8d0bd8000, 0x000001d8d0bda000, 0x000001d8d0bda800,
0x000001d8d0bd6000, 0x000001d8d45d0800, 0x000001d8d45cf800, 0x000001d8d45cc000,
0x000001d8d45ce000, 0x000001d8d45ce800, 0x000001d8d45d1000, 0x000001d8d45d2000,
0x000001d8d45d2800, 0x000001d8d45cd000, 0x000001d8d45d3800, 0x000001d8d43f9800
}

Java Threads: ( => current thread )
  0x000001d8b19a4800 JavaThread "Forwarding sendKeysToElement on session 71d7954d7eea42fdb8588eb4c1f1fd68 to remote" [_thread_blocked, id=17076, stack(0x0000000335900000,0x0000000335a00000)]
  0x000001d8d0100000 JavaThread "Reference Handler" daemon [_thread_blocked, id=24252, stack(0x0000000336000000,0x0000000336100000)]
  0x000001d8d0109800 JavaThread "Finalizer" daemon [_thread_blocked, id=6016, stack(0x0000000336100000,0x0000000336200000)]
  0x000001d8d0a72800 JavaThread "Signal Dispatcher" daemon [_thread_blocked, id=13700, stack(0x0000000336200000,0x0000000336300000)]
  0x000001d8d00f9800 JavaThread "Attach Listener" daemon [_thread_blocked, id=3728, stack(0x0000000336300000,0x0000000336400000)]
  0x000001d8d00fb000 JavaThread "Service Thread" daemon [_thread_blocked, id=18272, stack(0x0000000336400000,0x0000000336500000)]
=>0x000001d8d00fe000 JavaThread "C2 CompilerThread0" daemon [_thread_in_native, id=12240, stack(0x0000000336500000,0x0000000336600000)]
  0x000001d8d0115800 JavaThread "C1 CompilerThread0" daemon [_thread_blocked, id=2600, stack(0x0000000336600000,0x0000000336700000)]
  0x000001d8d0122800 JavaThread "Sweeper thread" daemon [_thread_blocked, id=28016, stack(0x0000000336700000,0x0000000336800000)]
  0x000001d8d0bdb800 JavaThread "Common-Cleaner" daemon [_thread_blocked, id=28528, stack(0x0000000336800000,0x0000000336900000)]
  0x000001d8d0bd6800 JavaThread "Monitor Ctrl-Break" daemon [_thread_in_native, id=17416, stack(0x0000000336c00000,0x0000000336d00000)]
  0x000001d8d0bd7800 JavaThread "ForkJoinPool.commonPool-worker-3" daemon [_thread_blocked, id=21824, stack(0x0000000336f00000,0x0000000337000000)]
  0x000001d8d0bd9000 JavaThread "HttpClient-1-SelectorManager" daemon [_thread_in_native, id=10416, stack(0x0000000337000000,0x0000000337100000)]
  0x000001d8d0bd8000 JavaThread "External Process Output Forwarder - C:\Users\Admin\.cache\selenium\chromedriver\win64\137.0.7151.119\chromedriver.exe" daemon [_thread_in_native, id=6840, stack(0x0000000337100000,0x0000000337200000)]
  0x000001d8d0bda000 JavaThread "Driver Service Executor" daemon [_thread_blocked, id=25136, stack(0x0000000337200000,0x0000000337300000)]
  0x000001d8d0bda800 JavaThread "Driver Service Executor" daemon [_thread_in_native, id=1888, stack(0x0000000337300000,0x0000000337400000)]
  0x000001d8d0bd6000 JavaThread "UrlChecker-2" daemon [_thread_blocked, id=18384, stack(0x0000000337400000,0x0000000337500000)]
  0x000001d8d45d0800 JavaThread "JdkHttpClient-0-0" daemon [_thread_blocked, id=22396, stack(0x0000000337700000,0x0000000337800000)]
  0x000001d8d45cf800 JavaThread "CompletableFutureDelayScheduler" daemon [_thread_blocked, id=20064, stack(0x0000000337800000,0x0000000337900000)]
  0x000001d8d45cc000 JavaThread "JdkHttpClient-0-1" daemon [_thread_blocked, id=4264, stack(0x0000000337900000,0x0000000337a00000)]
  0x000001d8d45ce000 JavaThread "JdkHttpClient-0-2" daemon [_thread_blocked, id=9808, stack(0x0000000337a00000,0x0000000337b00000)]
  0x000001d8d45ce800 JavaThread "JdkHttpClient-0-3" daemon [_thread_blocked, id=14824, stack(0x0000000337b00000,0x0000000337c00000)]
  0x000001d8d45d1000 JavaThread "HttpClient-2-SelectorManager" daemon [_thread_in_native, id=13152, stack(0x0000000336900000,0x0000000336a00000)]
  0x000001d8d45d2000 JavaThread "JdkHttpClient-1-0" daemon [_thread_blocked, id=23712, stack(0x0000000337c00000,0x0000000337d00000)]
  0x000001d8d45d2800 JavaThread "JdkHttpClient-1-1" daemon [_thread_blocked, id=18760, stack(0x0000000337d00000,0x0000000337e00000)]
  0x000001d8d45cd000 JavaThread "JdkHttpClient-1-2" daemon [_thread_blocked, id=2940, stack(0x0000000337e00000,0x0000000337f00000)]
  0x000001d8d45d3800 JavaThread "JdkHttpClient-1-3" daemon [_thread_blocked, id=28552, stack(0x0000000337f00000,0x0000000338000000)]
  0x000001d8d43f9800 JavaThread "C2 CompilerThread1" daemon [_thread_blocked, id=18096, stack(0x0000000338000000,0x0000000338100000)]

Other Threads:
  0x000001d8d00ec000 VMThread "VM Thread" [stack: 0x0000000335f00000,0x0000000336000000] [id=25688]
  0x000001d8d13e1800 WatcherThread [stack: 0x0000000336d00000,0x0000000336e00000] [id=19692]
  0x000001d8b19bb800 GCTaskThread "GC Thread#0" [stack: 0x0000000335a00000,0x0000000335b00000] [id=11144]
  0x000001d8d13e5000 GCTaskThread "GC Thread#1" [stack: 0x0000000336a00000,0x0000000336b00000] [id=19324]
  0x000001d8d13e7800 GCTaskThread "GC Thread#2" [stack: 0x0000000336b00000,0x0000000336c00000] [id=23228]
  0x000001d8b19eb800 ConcurrentGCThread "G1 Main Marker" [stack: 0x0000000335b00000,0x0000000335c00000] [id=27700]
  0x000001d8b19ee800 ConcurrentGCThread "G1 Conc#0" [stack: 0x0000000335c00000,0x0000000335d00000] [id=20844]
  0x000001d8cff40800 ConcurrentGCThread "G1 Refine#0" [stack: 0x0000000335d00000,0x0000000335e00000] [id=22044]
  0x000001d8d23d9000 ConcurrentGCThread "G1 Refine#1" [stack: 0x0000000336e00000,0x0000000336f00000] [id=21008]
  0x000001d8cff41800 ConcurrentGCThread "G1 Young RemSet Sampling" [stack: 0x0000000335e00000,0x0000000335f00000] [id=26264]

Threads with active compile tasks:
C2 CompilerThread0    15046 3986   !   4       org.aspectj.weaver.World::resolve (297 bytes)

VM state:not at safepoint (normal execution)

VM Mutex/Monitor currently owned by a thread: None

Heap address: 0x0000000082400000, size: 2012 MB, Compressed Oops mode: 32-bit
Narrow klass base: 0x0000000000000000, Narrow klass shift: 3
Compressed class space size: 1073741824 Address: 0x0000000100000000

Heap:
 garbage-first heap   total 155648K, used 63127K [0x0000000082400000, 0x0000000100000000)
  region size 1024K, 34 young (34816K), 7 survivors (7168K)
 Metaspace       used 35967K, capacity 37423K, committed 37504K, reserved 1083392K
  class space    used 3841K, capacity 4436K, committed 4480K, reserved 1048576K
Heap Regions: E=young(eden), S=young(survivor), O=old, HS=humongous(starts), HC=humongous(continues), CS=collection set, F=free, A=archive, TAMS=top-at-mark-start (previous, next)
|   0|0x0000000082400000, 0x0000000082500000, 0x0000000082500000|100%|HS|  |TAMS 0x0000000082500000, 0x0000000082400000| Complete 
|   1|0x0000000082500000, 0x0000000082600000, 0x0000000082600000|100%| O|  |TAMS 0x0000000082600000, 0x0000000082500000| Untracked 
|   2|0x0000000082600000, 0x0000000082700000, 0x0000000082700000|100%| O|  |TAMS 0x0000000082700000, 0x0000000082600000| Untracked 
|   3|0x0000000082700000, 0x0000000082800000, 0x0000000082800000|100%| O|  |TAMS 0x0000000082800000, 0x0000000082700000| Untracked 
|   4|0x0000000082800000, 0x0000000082900000, 0x0000000082900000|100%| O|  |TAMS 0x0000000082900000, 0x0000000082800000| Untracked 
|   5|0x0000000082900000, 0x0000000082a00000, 0x0000000082a00000|100%| O|  |TAMS 0x0000000082a00000, 0x0000000082900000| Untracked 
|   6|0x0000000082a00000, 0x0000000082b00000, 0x0000000082b00000|100%| O|  |TAMS 0x0000000082b00000, 0x0000000082a00000| Untracked 
|   7|0x0000000082b00000, 0x0000000082c00000, 0x0000000082c00000|100%| O|  |TAMS 0x0000000082c00000, 0x0000000082b00000| Untracked 
|   8|0x0000000082c00000, 0x0000000082d00000, 0x0000000082d00000|100%| O|  |TAMS 0x0000000082d00000, 0x0000000082c00000| Untracked 
|   9|0x0000000082d00000, 0x0000000082e00000, 0x0000000082e00000|100%| O|  |TAMS 0x0000000082e00000, 0x0000000082d00000| Untracked 
|  10|0x0000000082e00000, 0x0000000082f00000, 0x0000000082f00000|100%| O|  |TAMS 0x0000000082f00000, 0x0000000082e00000| Untracked 
|  11|0x0000000082f00000, 0x0000000083000000, 0x0000000083000000|100%| O|  |TAMS 0x0000000083000000, 0x0000000082f00000| Untracked 
|  12|0x0000000083000000, 0x0000000083100000, 0x0000000083100000|100%| O|  |TAMS 0x0000000083100000, 0x0000000083000000| Untracked 
|  13|0x0000000083100000, 0x0000000083200000, 0x0000000083200000|100%| O|  |TAMS 0x0000000083200000, 0x0000000083100000| Untracked 
|  14|0x0000000083200000, 0x0000000083300000, 0x0000000083300000|100%| O|  |TAMS 0x0000000083300000, 0x0000000083200000| Untracked 
|  15|0x0000000083300000, 0x0000000083400000, 0x0000000083400000|100%| O|  |TAMS 0x0000000083400000, 0x0000000083300000| Untracked 
|  16|0x0000000083400000, 0x0000000083500000, 0x0000000083500000|100%| O|  |TAMS 0x0000000083500000, 0x0000000083400000| Untracked 
|  17|0x0000000083500000, 0x0000000083600000, 0x0000000083600000|100%| O|  |TAMS 0x0000000083600000, 0x0000000083500000| Untracked 
|  18|0x0000000083600000, 0x0000000083700000, 0x0000000083700000|100%| O|  |TAMS 0x0000000083700000, 0x0000000083600000| Untracked 
|  19|0x0000000083700000, 0x0000000083800000, 0x0000000083800000|100%| O|  |TAMS 0x0000000083800000, 0x0000000083700000| Untracked 
|  20|0x0000000083800000, 0x0000000083900000, 0x0000000083900000|100%| O|  |TAMS 0x0000000083900000, 0x0000000083800000| Untracked 
|  21|0x0000000083900000, 0x0000000083a00000, 0x0000000083a00000|100%| O|  |TAMS 0x0000000083a00000, 0x0000000083900000| Untracked 
|  22|0x0000000083a00000, 0x0000000083b00000, 0x0000000083b00000|100%| O|  |TAMS 0x0000000083b00000, 0x0000000083a00000| Untracked 
|  23|0x0000000083b00000, 0x0000000083c00000, 0x0000000083c00000|100%| O|  |TAMS 0x0000000083c00000, 0x0000000083b00000| Untracked 
|  24|0x0000000083c00000, 0x0000000083d00000, 0x0000000083d00000|100%| O|  |TAMS 0x0000000083d00000, 0x0000000083c00000| Untracked 
|  25|0x0000000083d00000, 0x0000000083e00000, 0x0000000083e00000|100%| O|  |TAMS 0x0000000083e00000, 0x0000000083d00000| Untracked 
|  26|0x0000000083e00000, 0x0000000083f00000, 0x0000000083f00000|100%| O|  |TAMS 0x0000000083f00000, 0x0000000083e00000| Untracked 
|  27|0x0000000083f00000, 0x0000000084000000, 0x0000000084000000|100%| O|  |TAMS 0x0000000084000000, 0x0000000083f00000| Untracked 
|  28|0x0000000084000000, 0x0000000084100000, 0x0000000084100000|100%| O|  |TAMS 0x0000000084100000, 0x0000000084000000| Untracked 
|  29|0x0000000084100000, 0x0000000084125e00, 0x0000000084200000| 14%| O|  |TAMS 0x0000000084125e00, 0x0000000084100000| Untracked 
|  30|0x0000000084200000, 0x0000000084200000, 0x0000000084300000|  0%| F|  |TAMS 0x0000000084200000, 0x0000000084200000| Untracked 
|  31|0x0000000084300000, 0x0000000084300000, 0x0000000084400000|  0%| F|  |TAMS 0x0000000084300000, 0x0000000084300000| Untracked 
|  32|0x0000000084400000, 0x0000000084400000, 0x0000000084500000|  0%| F|  |TAMS 0x0000000084400000, 0x0000000084400000| Untracked 
|  33|0x0000000084500000, 0x0000000084500000, 0x0000000084600000|  0%| F|  |TAMS 0x0000000084500000, 0x0000000084500000| Untracked 
|  34|0x0000000084600000, 0x0000000084600000, 0x0000000084700000|  0%| F|  |TAMS 0x0000000084600000, 0x0000000084600000| Untracked 
|  35|0x0000000084700000, 0x0000000084700000, 0x0000000084800000|  0%| F|  |TAMS 0x0000000084700000, 0x0000000084700000| Untracked 
|  36|0x0000000084800000, 0x0000000084800000, 0x0000000084900000|  0%| F|  |TAMS 0x0000000084800000, 0x0000000084800000| Untracked 
|  37|0x0000000084900000, 0x0000000084900000, 0x0000000084a00000|  0%| F|  |TAMS 0x0000000084900000, 0x0000000084900000| Untracked 
|  38|0x0000000084a00000, 0x0000000084a00000, 0x0000000084b00000|  0%| F|  |TAMS 0x0000000084a00000, 0x0000000084a00000| Untracked 
|  39|0x0000000084b00000, 0x0000000084b00000, 0x0000000084c00000|  0%| F|  |TAMS 0x0000000084b00000, 0x0000000084b00000| Untracked 
|  40|0x0000000084c00000, 0x0000000084c00000, 0x0000000084d00000|  0%| F|  |TAMS 0x0000000084c00000, 0x0000000084c00000| Untracked 
|  41|0x0000000084d00000, 0x0000000084d00000, 0x0000000084e00000|  0%| F|  |TAMS 0x0000000084d00000, 0x0000000084d00000| Untracked 
|  42|0x0000000084e00000, 0x0000000084e00000, 0x0000000084f00000|  0%| F|  |TAMS 0x0000000084e00000, 0x0000000084e00000| Untracked 
|  43|0x0000000084f00000, 0x0000000084f00000, 0x0000000085000000|  0%| F|  |TAMS 0x0000000084f00000, 0x0000000084f00000| Untracked 
|  44|0x0000000085000000, 0x0000000085000000, 0x0000000085100000|  0%| F|  |TAMS 0x0000000085000000, 0x0000000085000000| Untracked 
|  45|0x0000000085100000, 0x0000000085100000, 0x0000000085200000|  0%| F|  |TAMS 0x0000000085100000, 0x0000000085100000| Untracked 
|  46|0x0000000085200000, 0x0000000085200000, 0x0000000085300000|  0%| F|  |TAMS 0x0000000085200000, 0x0000000085200000| Untracked 
|  47|0x0000000085300000, 0x0000000085300000, 0x0000000085400000|  0%| F|  |TAMS 0x0000000085300000, 0x0000000085300000| Untracked 
|  48|0x0000000085400000, 0x0000000085400000, 0x0000000085500000|  0%| F|  |TAMS 0x0000000085400000, 0x0000000085400000| Untracked 
|  49|0x0000000085500000, 0x0000000085500000, 0x0000000085600000|  0%| F|  |TAMS 0x0000000085500000, 0x0000000085500000| Untracked 
|  50|0x0000000085600000, 0x0000000085600000, 0x0000000085700000|  0%| F|  |TAMS 0x0000000085600000, 0x0000000085600000| Untracked 
|  51|0x0000000085700000, 0x0000000085700000, 0x0000000085800000|  0%| F|  |TAMS 0x0000000085700000, 0x0000000085700000| Untracked 
|  52|0x0000000085800000, 0x0000000085800000, 0x0000000085900000|  0%| F|  |TAMS 0x0000000085800000, 0x0000000085800000| Untracked 
|  53|0x0000000085900000, 0x0000000085900000, 0x0000000085a00000|  0%| F|  |TAMS 0x0000000085900000, 0x0000000085900000| Untracked 
|  54|0x0000000085a00000, 0x0000000085a00000, 0x0000000085b00000|  0%| F|  |TAMS 0x0000000085a00000, 0x0000000085a00000| Untracked 
|  55|0x0000000085b00000, 0x0000000085b00000, 0x0000000085c00000|  0%| F|  |TAMS 0x0000000085b00000, 0x0000000085b00000| Untracked 
|  56|0x0000000085c00000, 0x0000000085c00000, 0x0000000085d00000|  0%| F|  |TAMS 0x0000000085c00000, 0x0000000085c00000| Untracked 
|  57|0x0000000085d00000, 0x0000000085d00000, 0x0000000085e00000|  0%| F|  |TAMS 0x0000000085d00000, 0x0000000085d00000| Untracked 
|  58|0x0000000085e00000, 0x0000000085e00000, 0x0000000085f00000|  0%| F|  |TAMS 0x0000000085e00000, 0x0000000085e00000| Untracked 
|  59|0x0000000085f00000, 0x0000000085f00000, 0x0000000086000000|  0%| F|  |TAMS 0x0000000085f00000, 0x0000000085f00000| Untracked 
|  60|0x0000000086000000, 0x0000000086000000, 0x0000000086100000|  0%| F|  |TAMS 0x0000000086000000, 0x0000000086000000| Untracked 
|  61|0x0000000086100000, 0x0000000086100000, 0x0000000086200000|  0%| F|  |TAMS 0x0000000086100000, 0x0000000086100000| Untracked 
|  62|0x0000000086200000, 0x0000000086200000, 0x0000000086300000|  0%| F|  |TAMS 0x0000000086200000, 0x0000000086200000| Untracked 
|  63|0x0000000086300000, 0x0000000086300000, 0x0000000086400000|  0%| F|  |TAMS 0x0000000086300000, 0x0000000086300000| Untracked 
|  64|0x0000000086400000, 0x0000000086400000, 0x0000000086500000|  0%| F|  |TAMS 0x0000000086400000, 0x0000000086400000| Untracked 
|  65|0x0000000086500000, 0x0000000086500000, 0x0000000086600000|  0%| F|  |TAMS 0x0000000086500000, 0x0000000086500000| Untracked 
|  66|0x0000000086600000, 0x0000000086600000, 0x0000000086700000|  0%| F|  |TAMS 0x0000000086600000, 0x0000000086600000| Untracked 
|  67|0x0000000086700000, 0x0000000086700000, 0x0000000086800000|  0%| F|  |TAMS 0x0000000086700000, 0x0000000086700000| Untracked 
|  68|0x0000000086800000, 0x0000000086800000, 0x0000000086900000|  0%| F|  |TAMS 0x0000000086800000, 0x0000000086800000| Untracked 
|  69|0x0000000086900000, 0x0000000086900000, 0x0000000086a00000|  0%| F|  |TAMS 0x0000000086900000, 0x0000000086900000| Untracked 
|  70|0x0000000086a00000, 0x0000000086a00000, 0x0000000086b00000|  0%| F|  |TAMS 0x0000000086a00000, 0x0000000086a00000| Untracked 
|  71|0x0000000086b00000, 0x0000000086b00000, 0x0000000086c00000|  0%| F|  |TAMS 0x0000000086b00000, 0x0000000086b00000| Untracked 
|  72|0x0000000086c00000, 0x0000000086c00000, 0x0000000086d00000|  0%| F|  |TAMS 0x0000000086c00000, 0x0000000086c00000| Untracked 
|  73|0x0000000086d00000, 0x0000000086d00000, 0x0000000086e00000|  0%| F|  |TAMS 0x0000000086d00000, 0x0000000086d00000| Untracked 
|  74|0x0000000086e00000, 0x0000000086e00000, 0x0000000086f00000|  0%| F|  |TAMS 0x0000000086e00000, 0x0000000086e00000| Untracked 
|  75|0x0000000086f00000, 0x0000000086f00000, 0x0000000087000000|  0%| F|  |TAMS 0x0000000086f00000, 0x0000000086f00000| Untracked 
|  76|0x0000000087000000, 0x0000000087000000, 0x0000000087100000|  0%| F|  |TAMS 0x0000000087000000, 0x0000000087000000| Untracked 
|  77|0x0000000087100000, 0x0000000087100000, 0x0000000087200000|  0%| F|  |TAMS 0x0000000087100000, 0x0000000087100000| Untracked 
|  78|0x0000000087200000, 0x0000000087200000, 0x0000000087300000|  0%| F|  |TAMS 0x0000000087200000, 0x0000000087200000| Untracked 
|  79|0x0000000087300000, 0x0000000087300000, 0x0000000087400000|  0%| F|  |TAMS 0x0000000087300000, 0x0000000087300000| Untracked 
|  80|0x0000000087400000, 0x0000000087400000, 0x0000000087500000|  0%| F|  |TAMS 0x0000000087400000, 0x0000000087400000| Untracked 
|  81|0x0000000087500000, 0x0000000087500000, 0x0000000087600000|  0%| F|  |TAMS 0x0000000087500000, 0x0000000087500000| Untracked 
|  82|0x0000000087600000, 0x0000000087600000, 0x0000000087700000|  0%| F|  |TAMS 0x0000000087600000, 0x0000000087600000| Untracked 
|  83|0x0000000087700000, 0x0000000087700000, 0x0000000087800000|  0%| F|  |TAMS 0x0000000087700000, 0x0000000087700000| Untracked 
|  84|0x0000000087800000, 0x0000000087800000, 0x0000000087900000|  0%| F|  |TAMS 0x0000000087800000, 0x0000000087800000| Untracked 
|  85|0x0000000087900000, 0x0000000087900000, 0x0000000087a00000|  0%| F|  |TAMS 0x0000000087900000, 0x0000000087900000| Untracked 
|  86|0x0000000087a00000, 0x0000000087a00000, 0x0000000087b00000|  0%| F|  |TAMS 0x0000000087a00000, 0x0000000087a00000| Untracked 
|  87|0x0000000087b00000, 0x0000000087b00000, 0x0000000087c00000|  0%| F|  |TAMS 0x0000000087b00000, 0x0000000087b00000| Untracked 
|  88|0x0000000087c00000, 0x0000000087c00000, 0x0000000087d00000|  0%| F|  |TAMS 0x0000000087c00000, 0x0000000087c00000| Untracked 
|  89|0x0000000087d00000, 0x0000000087d00000, 0x0000000087e00000|  0%| F|  |TAMS 0x0000000087d00000, 0x0000000087d00000| Untracked 
|  90|0x0000000087e00000, 0x0000000087e00000, 0x0000000087f00000|  0%| F|  |TAMS 0x0000000087e00000, 0x0000000087e00000| Untracked 
|  91|0x0000000087f00000, 0x0000000087f00000, 0x0000000088000000|  0%| F|  |TAMS 0x0000000087f00000, 0x0000000087f00000| Untracked 
|  92|0x0000000088000000, 0x0000000088000000, 0x0000000088100000|  0%| F|  |TAMS 0x0000000088000000, 0x0000000088000000| Untracked 
|  93|0x0000000088100000, 0x0000000088100000, 0x0000000088200000|  0%| F|  |TAMS 0x0000000088100000, 0x0000000088100000| Untracked 
|  94|0x0000000088200000, 0x0000000088200000, 0x0000000088300000|  0%| F|  |TAMS 0x0000000088200000, 0x0000000088200000| Untracked 
|  95|0x0000000088300000, 0x0000000088300000, 0x0000000088400000|  0%| F|  |TAMS 0x0000000088300000, 0x0000000088300000| Untracked 
|  96|0x0000000088400000, 0x0000000088400000, 0x0000000088500000|  0%| F|  |TAMS 0x0000000088400000, 0x0000000088400000| Untracked 
|  97|0x0000000088500000, 0x0000000088500000, 0x0000000088600000|  0%| F|  |TAMS 0x0000000088500000, 0x0000000088500000| Untracked 
|  98|0x0000000088600000, 0x0000000088600000, 0x0000000088700000|  0%| F|  |TAMS 0x0000000088600000, 0x0000000088600000| Untracked 
|  99|0x0000000088700000, 0x0000000088700000, 0x0000000088800000|  0%| F|  |TAMS 0x0000000088700000, 0x0000000088700000| Untracked 
| 100|0x0000000088800000, 0x0000000088800000, 0x0000000088900000|  0%| F|  |TAMS 0x0000000088800000, 0x0000000088800000| Untracked 
| 101|0x0000000088900000, 0x0000000088900000, 0x0000000088a00000|  0%| F|  |TAMS 0x0000000088900000, 0x0000000088900000| Untracked 
| 102|0x0000000088a00000, 0x0000000088a00000, 0x0000000088b00000|  0%| F|  |TAMS 0x0000000088a00000, 0x0000000088a00000| Untracked 
| 103|0x0000000088b00000, 0x0000000088b00000, 0x0000000088c00000|  0%| F|  |TAMS 0x0000000088b00000, 0x0000000088b00000| Untracked 
| 104|0x0000000088c00000, 0x0000000088c00000, 0x0000000088d00000|  0%| F|  |TAMS 0x0000000088c00000, 0x0000000088c00000| Untracked 
| 105|0x0000000088d00000, 0x0000000088d00000, 0x0000000088e00000|  0%| F|  |TAMS 0x0000000088d00000, 0x0000000088d00000| Untracked 
| 106|0x0000000088e00000, 0x0000000088e00000, 0x0000000088f00000|  0%| F|  |TAMS 0x0000000088e00000, 0x0000000088e00000| Untracked 
| 107|0x0000000088f00000, 0x0000000088f00000, 0x0000000089000000|  0%| F|  |TAMS 0x0000000088f00000, 0x0000000088f00000| Untracked 
| 108|0x0000000089000000, 0x0000000089000000, 0x0000000089100000|  0%| F|  |TAMS 0x0000000089000000, 0x0000000089000000| Untracked 
| 109|0x0000000089100000, 0x0000000089180000, 0x0000000089200000| 50%| S|CS|TAMS 0x0000000089100000, 0x0000000089100000| Complete 
| 110|0x0000000089200000, 0x0000000089300000, 0x0000000089300000|100%| S|CS|TAMS 0x0000000089200000, 0x0000000089200000| Complete 
| 111|0x0000000089300000, 0x0000000089400000, 0x0000000089400000|100%| S|CS|TAMS 0x0000000089300000, 0x0000000089300000| Complete 
| 112|0x0000000089400000, 0x0000000089500000, 0x0000000089500000|100%| S|CS|TAMS 0x0000000089400000, 0x0000000089400000| Complete 
| 113|0x0000000089500000, 0x0000000089600000, 0x0000000089600000|100%| S|CS|TAMS 0x0000000089500000, 0x0000000089500000| Complete 
| 114|0x0000000089600000, 0x0000000089700000, 0x0000000089700000|100%| S|CS|TAMS 0x0000000089600000, 0x0000000089600000| Complete 
| 115|0x0000000089700000, 0x0000000089800000, 0x0000000089800000|100%| S|CS|TAMS 0x0000000089700000, 0x0000000089700000| Complete 
| 116|0x0000000089800000, 0x0000000089800000, 0x0000000089900000|  0%| F|  |TAMS 0x0000000089800000, 0x0000000089800000| Untracked 
| 117|0x0000000089900000, 0x0000000089900000, 0x0000000089a00000|  0%| F|  |TAMS 0x0000000089900000, 0x0000000089900000| Untracked 
| 118|0x0000000089a00000, 0x0000000089a00000, 0x0000000089b00000|  0%| F|  |TAMS 0x0000000089a00000, 0x0000000089a00000| Untracked 
| 119|0x0000000089b00000, 0x0000000089b00000, 0x0000000089c00000|  0%| F|  |TAMS 0x0000000089b00000, 0x0000000089b00000| Untracked 
| 120|0x0000000089c00000, 0x0000000089c00000, 0x0000000089d00000|  0%| F|  |TAMS 0x0000000089c00000, 0x0000000089c00000| Untracked 
| 121|0x0000000089d00000, 0x0000000089d00000, 0x0000000089e00000|  0%| F|  |TAMS 0x0000000089d00000, 0x0000000089d00000| Untracked 
| 122|0x0000000089e00000, 0x0000000089e00000, 0x0000000089f00000|  0%| F|  |TAMS 0x0000000089e00000, 0x0000000089e00000| Untracked 
| 123|0x0000000089f00000, 0x0000000089f00000, 0x000000008a000000|  0%| F|  |TAMS 0x0000000089f00000, 0x0000000089f00000| Untracked 
| 124|0x000000008a000000, 0x000000008a000000, 0x000000008a100000|  0%| F|  |TAMS 0x000000008a000000, 0x000000008a000000| Untracked 
| 125|0x000000008a100000, 0x000000008a180800, 0x000000008a200000| 50%| E|  |TAMS 0x000000008a100000, 0x000000008a100000| Complete 
| 126|0x000000008a200000, 0x000000008a300000, 0x000000008a300000|100%| E|CS|TAMS 0x000000008a200000, 0x000000008a200000| Complete 
| 127|0x000000008a300000, 0x000000008a400000, 0x000000008a400000|100%| E|CS|TAMS 0x000000008a300000, 0x000000008a300000| Complete 
| 128|0x000000008a400000, 0x000000008a500000, 0x000000008a500000|100%| E|CS|TAMS 0x000000008a400000, 0x000000008a400000| Complete 
| 129|0x000000008a500000, 0x000000008a600000, 0x000000008a600000|100%| E|CS|TAMS 0x000000008a500000, 0x000000008a500000| Complete 
| 130|0x000000008a600000, 0x000000008a700000, 0x000000008a700000|100%| E|CS|TAMS 0x000000008a600000, 0x000000008a600000| Complete 
| 131|0x000000008a700000, 0x000000008a800000, 0x000000008a800000|100%| E|CS|TAMS 0x000000008a700000, 0x000000008a700000| Complete 
| 132|0x000000008a800000, 0x000000008a900000, 0x000000008a900000|100%| E|CS|TAMS 0x000000008a800000, 0x000000008a800000| Complete 
| 133|0x000000008a900000, 0x000000008aa00000, 0x000000008aa00000|100%| E|CS|TAMS 0x000000008a900000, 0x000000008a900000| Complete 
| 134|0x000000008aa00000, 0x000000008ab00000, 0x000000008ab00000|100%| E|CS|TAMS 0x000000008aa00000, 0x000000008aa00000| Complete 
| 135|0x000000008ab00000, 0x000000008ac00000, 0x000000008ac00000|100%| E|CS|TAMS 0x000000008ab00000, 0x000000008ab00000| Complete 
| 136|0x000000008ac00000, 0x000000008ad00000, 0x000000008ad00000|100%| E|CS|TAMS 0x000000008ac00000, 0x000000008ac00000| Complete 
| 137|0x000000008ad00000, 0x000000008ae00000, 0x000000008ae00000|100%| E|CS|TAMS 0x000000008ad00000, 0x000000008ad00000| Complete 
| 138|0x000000008ae00000, 0x000000008af00000, 0x000000008af00000|100%| E|CS|TAMS 0x000000008ae00000, 0x000000008ae00000| Complete 
| 139|0x000000008af00000, 0x000000008b000000, 0x000000008b000000|100%| E|CS|TAMS 0x000000008af00000, 0x000000008af00000| Complete 
| 140|0x000000008b000000, 0x000000008b100000, 0x000000008b100000|100%| E|CS|TAMS 0x000000008b000000, 0x000000008b000000| Complete 
| 141|0x000000008b100000, 0x000000008b200000, 0x000000008b200000|100%| E|CS|TAMS 0x000000008b100000, 0x000000008b100000| Complete 
| 142|0x000000008b200000, 0x000000008b300000, 0x000000008b300000|100%| E|CS|TAMS 0x000000008b200000, 0x000000008b200000| Complete 
| 143|0x000000008b300000, 0x000000008b400000, 0x000000008b400000|100%| E|CS|TAMS 0x000000008b300000, 0x000000008b300000| Complete 
| 144|0x000000008b400000, 0x000000008b500000, 0x000000008b500000|100%| E|CS|TAMS 0x000000008b400000, 0x000000008b400000| Complete 
| 145|0x000000008b500000, 0x000000008b600000, 0x000000008b600000|100%| E|CS|TAMS 0x000000008b500000, 0x000000008b500000| Complete 
| 146|0x000000008b600000, 0x000000008b700000, 0x000000008b700000|100%| E|CS|TAMS 0x000000008b600000, 0x000000008b600000| Complete 
| 147|0x000000008b700000, 0x000000008b800000, 0x000000008b800000|100%| E|CS|TAMS 0x000000008b700000, 0x000000008b700000| Complete 
| 148|0x000000008b800000, 0x000000008b900000, 0x000000008b900000|100%| E|CS|TAMS 0x000000008b800000, 0x000000008b800000| Complete 
| 149|0x000000008b900000, 0x000000008ba00000, 0x000000008ba00000|100%| E|CS|TAMS 0x000000008b900000, 0x000000008b900000| Complete 
| 150|0x000000008ba00000, 0x000000008bb00000, 0x000000008bb00000|100%| E|CS|TAMS 0x000000008ba00000, 0x000000008ba00000| Complete 
| 151|0x000000008bb00000, 0x000000008bc00000, 0x000000008bc00000|100%| E|CS|TAMS 0x000000008bb00000, 0x000000008bb00000| Complete 

Card table byte_map: [0x000001d8c9540000,0x000001d8c9930000] _byte_map_base: 0x000001d8c912e000

Marking Bits (Prev, Next): (CMBitMap*) 0x000001d8b19e2d68, (CMBitMap*) 0x000001d8b19e2da0
 Prev Bits: [0x000001d8c9d20000, 0x000001d8cbc90000)
 Next Bits: [0x000001d8cbc90000, 0x000001d8cdc00000)

Polling page: 0x000001d8af910000

Metaspace:

Usage:
  Non-class:     32.21 MB capacity,    31.37 MB ( 97%) used,   692.95 KB (  2%) free+waste,   167.75 KB ( <1%) overhead. 
      Class:      4.33 MB capacity,     3.75 MB ( 87%) used,   512.50 KB ( 12%) free+waste,    82.06 KB (  2%) overhead. 
       Both:     36.55 MB capacity,    35.12 MB ( 96%) used,     1.18 MB (  3%) free+waste,   249.81 KB ( <1%) overhead. 

Virtual space:
  Non-class space:       34.00 MB reserved,      32.25 MB ( 95%) committed 
      Class space:        1.00 GB reserved,       4.38 MB ( <1%) committed 
             Both:        1.03 GB reserved,      36.62 MB (  3%) committed 

Chunk freelists:
   Non-Class:  0 bytes
       Class:  0 bytes
        Both:  0 bytes

MaxMetaspaceSize: 17179869184.00 GB
CompressedClassSpaceSize: 1.00 GB
Initial GC threshold: 20.80 MB
Current GC threshold: 58.75 MB
CDS: off

CodeHeap 'non-profiled nmethods': size=120064Kb used=2603Kb max_used=2603Kb free=117460Kb
 bounds [0x000001d8c1c10000, 0x000001d8c1ea0000, 0x000001d8c9150000]
CodeHeap 'profiled nmethods': size=120000Kb used=8963Kb max_used=8963Kb free=111036Kb
 bounds [0x000001d8ba6e0000, 0x000001d8bafb0000, 0x000001d8c1c10000]
CodeHeap 'non-nmethods': size=5696Kb used=1282Kb max_used=1327Kb free=4413Kb
 bounds [0x000001d8ba150000, 0x000001d8ba3c0000, 0x000001d8ba6e0000]
 total_blobs=4505 nmethods=3928 adapters=489
 compilation: enabled
              stopped_count=0, restarted_count=0
 full_count=0

Compilation events (20 events):
Event: 14.837 Thread 0x000001d8d43f9800 3995       4       java.io.DataOutputStream::writeUTF (435 bytes)
Event: 14.850 Thread 0x000001d8d0115800 4022       3       java.util.concurrent.locks.AbstractQueuedSynchronizer::release (33 bytes)
Event: 14.850 Thread 0x000001d8d0115800 nmethod 4022 0x000001d8baf98e90 code [0x000001d8baf99060, 0x000001d8baf99338]
Event: 14.854 Thread 0x000001d8d0115800 4023       3       java.util.concurrent.ForkJoinTask::<init> (5 bytes)
Event: 14.854 Thread 0x000001d8d0115800 nmethod 4023 0x000001d8baf99410 code [0x000001d8baf995c0, 0x000001d8baf99718]
Event: 14.855 Thread 0x000001d8d0115800 4024       3       java.util.concurrent.locks.AbstractQueuedSynchronizer::compareAndSetState (10 bytes)
Event: 14.855 Thread 0x000001d8d0115800 nmethod 4024 0x000001d8baf99810 code [0x000001d8baf99a20, 0x000001d8baf9a038]
Event: 14.856 Thread 0x000001d8d0115800 4025       1       java.nio.channels.spi.AbstractSelector::cancelledKeys (5 bytes)
Event: 14.856 Thread 0x000001d8d0115800 nmethod 4025 0x000001d8c1e96390 code [0x000001d8c1e96540, 0x000001d8c1e965f8]
Event: 14.858 Thread 0x000001d8d0115800 4026       3       java.lang.Math::multiplyExact (74 bytes)
Event: 14.859 Thread 0x000001d8d0115800 nmethod 4026 0x000001d8baf9a290 code [0x000001d8baf9a480, 0x000001d8baf9a988]
Event: 14.859 Thread 0x000001d8d0115800 4027       1       java.net.http.HttpHeaders::map (5 bytes)
Event: 14.859 Thread 0x000001d8d0115800 nmethod 4027 0x000001d8c1e96690 code [0x000001d8c1e96840, 0x000001d8c1e968f8]
Event: 14.866 Thread 0x000001d8d43f9800 nmethod 3995 0x000001d8c1e96990 code [0x000001d8c1e96b80, 0x000001d8c1e97948]
Event: 14.866 Thread 0x000001d8d43f9800 3988 %     4       org.aspectj.apache.bcel.classfile.ConstantPool::lookupUtf8 @ 25 (95 bytes)
Event: 14.889 Thread 0x000001d8d43f9800 nmethod 3988% 0x000001d8c1e98110 code [0x000001d8c1e98300, 0x000001d8c1e98cd8]
Event: 14.889 Thread 0x000001d8d43f9800 4014       4       java.util.ArrayList::toArray (57 bytes)
Event: 14.897 Thread 0x000001d8d43f9800 nmethod 4014 0x000001d8c1e99190 code [0x000001d8c1e99340, 0x000001d8c1e998d8]
Event: 14.897 Thread 0x000001d8d43f9800 3983       4       org.aspectj.weaver.UnresolvedType::getClassName (69 bytes)
Event: 14.920 Thread 0x000001d8d43f9800 nmethod 3983 0x000001d8c1e99a90 code [0x000001d8c1e99c60, 0x000001d8c1e9a488]

GC Heap History (16 events):
Event: 0.867 GC heap before
{Heap before GC invocations=0 (full 0):
 garbage-first heap   total 129024K, used 15360K [0x0000000082400000, 0x0000000100000000)
  region size 1024K, 14 young (14336K), 0 survivors (0K)
 Metaspace       used 10119K, capacity 10340K, committed 10496K, reserved 1058816K
  class space    used 933K, capacity 1022K, committed 1024K, reserved 1048576K
}
Event: 0.877 GC heap after
{Heap after GC invocations=1 (full 0):
 garbage-first heap   total 129024K, used 4041K [0x0000000082400000, 0x0000000100000000)
  region size 1024K, 2 young (2048K), 2 survivors (2048K)
 Metaspace       used 10119K, capacity 10340K, committed 10496K, reserved 1058816K
  class space    used 933K, capacity 1022K, committed 1024K, reserved 1048576K
}
Event: 2.892 GC heap before
{Heap before GC invocations=1 (full 0):
 garbage-first heap   total 129024K, used 78793K [0x0000000082400000, 0x0000000100000000)
  region size 1024K, 75 young (76800K), 2 survivors (2048K)
 Metaspace       used 18260K, capacity 18563K, committed 18816K, reserved 1067008K
  class space    used 1672K, capacity 1802K, committed 1920K, reserved 1048576K
}
Event: 2.913 GC heap after
{Heap after GC invocations=2 (full 0):
 garbage-first heap   total 129024K, used 16228K [0x0000000082400000, 0x0000000100000000)
  region size 1024K, 10 young (10240K), 10 survivors (10240K)
 Metaspace       used 18260K, capacity 18563K, committed 18816K, reserved 1067008K
  class space    used 1672K, capacity 1802K, committed 1920K, reserved 1048576K
}
Event: 3.151 GC heap before
{Heap before GC invocations=2 (full 0):
 garbage-first heap   total 129024K, used 33636K [0x0000000082400000, 0x0000000100000000)
  region size 1024K, 27 young (27648K), 10 survivors (10240K)
 Metaspace       used 19062K, capacity 19332K, committed 19584K, reserved 1067008K
  class space    used 1735K, capacity 1866K, committed 1920K, reserved 1048576K
}
Event: 3.170 GC heap after
{Heap after GC invocations=3 (full 0):
 garbage-first heap   total 129024K, used 18030K [0x0000000082400000, 0x0000000100000000)
  region size 1024K, 2 young (2048K), 2 survivors (2048K)
 Metaspace       used 19062K, capacity 19332K, committed 19584K, reserved 1067008K
  class space    used 1735K, capacity 1866K, committed 1920K, reserved 1048576K
}
Event: 3.592 GC heap before
{Heap before GC invocations=3 (full 0):
 garbage-first heap   total 129024K, used 49774K [0x0000000082400000, 0x0000000100000000)
  region size 1024K, 33 young (33792K), 2 survivors (2048K)
 Metaspace       used 20858K, capacity 21139K, committed 21248K, reserved 1069056K
  class space    used 1901K, capacity 1999K, committed 2048K, reserved 1048576K
}
Event: 3.599 GC heap after
{Heap after GC invocations=4 (full 0):
 garbage-first heap   total 129024K, used 20684K [0x0000000082400000, 0x0000000100000000)
  region size 1024K, 5 young (5120K), 5 survivors (5120K)
 Metaspace       used 20858K, capacity 21139K, committed 21248K, reserved 1069056K
  class space    used 1901K, capacity 1999K, committed 2048K, reserved 1048576K
}
Event: 3.613 GC heap before
{Heap before GC invocations=4 (full 0):
 garbage-first heap   total 129024K, used 21708K [0x0000000082400000, 0x0000000100000000)
  region size 1024K, 7 young (7168K), 5 survivors (5120K)
 Metaspace       used 20885K, capacity 21139K, committed 21248K, reserved 1069056K
  class space    used 1902K, capacity 1999K, committed 2048K, reserved 1048576K
}
Event: 3.620 GC heap after
{Heap after GC invocations=5 (full 0):
 garbage-first heap   total 129024K, used 21131K [0x0000000082400000, 0x0000000100000000)
  region size 1024K, 4 young (4096K), 4 survivors (4096K)
 Metaspace       used 20885K, capacity 21139K, committed 21248K, reserved 1069056K
  class space    used 1902K, capacity 1999K, committed 2048K, reserved 1048576K
}
Event: 4.430 GC heap before
{Heap before GC invocations=6 (full 0):
 garbage-first heap   total 129024K, used 68235K [0x0000000082400000, 0x0000000100000000)
  region size 1024K, 50 young (51200K), 4 survivors (4096K)
 Metaspace       used 23842K, capacity 24371K, committed 24576K, reserved 1071104K
  class space    used 2286K, capacity 2491K, committed 2560K, reserved 1048576K
}
Event: 4.442 GC heap after
{Heap after GC invocations=7 (full 0):
 garbage-first heap   total 155648K, used 23931K [0x0000000082400000, 0x0000000100000000)
  region size 1024K, 6 young (6144K), 6 survivors (6144K)
 Metaspace       used 23842K, capacity 24371K, committed 24576K, reserved 1071104K
  class space    used 2286K, capacity 2491K, committed 2560K, reserved 1048576K
}
Event: 8.824 GC heap before
{Heap before GC invocations=7 (full 0):
 garbage-first heap   total 155648K, used 85371K [0x0000000082400000, 0x0000000100000000)
  region size 1024K, 66 young (67584K), 6 survivors (6144K)
 Metaspace       used 31985K, capacity 33127K, committed 33280K, reserved 1079296K
  class space    used 3348K, capacity 3809K, committed 3840K, reserved 1048576K
}
Event: 8.844 GC heap after
{Heap after GC invocations=8 (full 0):
 garbage-first heap   total 155648K, used 29921K [0x0000000082400000, 0x0000000100000000)
  region size 1024K, 9 young (9216K), 9 survivors (9216K)
 Metaspace       used 31985K, capacity 33127K, committed 33280K, reserved 1079296K
  class space    used 3348K, capacity 3809K, committed 3840K, reserved 1048576K
}
Event: 11.131 GC heap before
{Heap before GC invocations=8 (full 0):
 garbage-first heap   total 155648K, used 65761K [0x0000000082400000, 0x0000000100000000)
  region size 1024K, 45 young (46080K), 9 survivors (9216K)
 Metaspace       used 34472K, capacity 35791K, committed 35840K, reserved 1081344K
  class space    used 3643K, capacity 4189K, committed 4224K, reserved 1048576K
}
Event: 11.159 GC heap after
{Heap after GC invocations=9 (full 0):
 garbage-first heap   total 155648K, used 36503K [0x0000000082400000, 0x0000000100000000)
  region size 1024K, 7 young (7168K), 7 survivors (7168K)
 Metaspace       used 34472K, capacity 35791K, committed 35840K, reserved 1081344K
  class space    used 3643K, capacity 4189K, committed 4224K, reserved 1048576K
}

Deoptimization events (20 events):
Event: 14.760 Thread 0x000001d8b19a4800 Uncommon trap: trap_request=0xffffff4d fr.pc=0x000001d8c1e4ba48 relative=0x0000000000005228
Event: 14.760 Thread 0x000001d8b19a4800 Uncommon trap: reason=unstable_if action=reinterpret pc=0x000001d8c1e4ba48 method=org.aspectj.weaver.bcel.BcelObjectType.isAspect()Z @ 4 c2
Event: 14.760 Thread 0x000001d8b19a4800 DEOPT PACKING pc=0x000001d8c1e4ba48 sp=0x00000003359fa340
Event: 14.760 Thread 0x000001d8b19a4800 DEOPT UNPACKING pc=0x000001d8ba19a1af sp=0x00000003359fa2b0 mode 2
Event: 14.769 Thread 0x000001d8b19a4800 Uncommon trap: trap_request=0xffffff4d fr.pc=0x000001d8c1e3a574 relative=0x00000000000001b4
Event: 14.769 Thread 0x000001d8b19a4800 Uncommon trap: reason=unstable_if action=reinterpret pc=0x000001d8c1e3a574 method=org.aspectj.weaver.bcel.Utility.readAjAttributes(Ljava/lang/String;[Lorg/aspectj/apache/bcel/classfile/Attribute;Lorg/aspectj/weaver/ISourceContext;Lorg/aspectj/weaver/World
Event: 14.769 Thread 0x000001d8b19a4800 DEOPT PACKING pc=0x000001d8c1e3a574 sp=0x00000003359fa0e0
Event: 14.769 Thread 0x000001d8b19a4800 DEOPT UNPACKING pc=0x000001d8ba19a1af sp=0x00000003359fa070 mode 2
Event: 14.804 Thread 0x000001d8b19a4800 Uncommon trap: trap_request=0xffffff4d fr.pc=0x000001d8c1e2a488 relative=0x0000000000000068
Event: 14.806 Thread 0x000001d8b19a4800 Uncommon trap: reason=unstable_if action=reinterpret pc=0x000001d8c1e2a488 method=org.aspectj.weaver.ResolvedType.ensureAnnotationBitsInitialized()V @ 8 c2
Event: 14.806 Thread 0x000001d8b19a4800 DEOPT PACKING pc=0x000001d8c1e2a488 sp=0x00000003359f8e20
Event: 14.806 Thread 0x000001d8b19a4800 DEOPT UNPACKING pc=0x000001d8ba19a1af sp=0x00000003359f8db8 mode 2
Event: 14.830 Thread 0x000001d8b19a4800 Uncommon trap: trap_request=0xffffffc6 fr.pc=0x000001d8c1e17250 relative=0x0000000000000450
Event: 14.830 Thread 0x000001d8b19a4800 Uncommon trap: reason=bimorphic_or_optimized_type_check action=maybe_recompile pc=0x000001d8c1e17250 method=java.util.regex.Matcher.search(I)Z @ 121 c2
Event: 14.830 Thread 0x000001d8b19a4800 DEOPT PACKING pc=0x000001d8c1e17250 sp=0x00000003359fd710
Event: 14.830 Thread 0x000001d8b19a4800 DEOPT UNPACKING pc=0x000001d8ba19a1af sp=0x00000003359fd6a0 mode 2
Event: 14.852 Thread 0x000001d8b19a4800 Uncommon trap: trap_request=0xffffffc6 fr.pc=0x000001d8c1e17250 relative=0x0000000000000450
Event: 14.852 Thread 0x000001d8b19a4800 Uncommon trap: reason=bimorphic_or_optimized_type_check action=maybe_recompile pc=0x000001d8c1e17250 method=java.util.regex.Matcher.search(I)Z @ 121 c2
Event: 14.852 Thread 0x000001d8b19a4800 DEOPT PACKING pc=0x000001d8c1e17250 sp=0x00000003359fd690
Event: 14.852 Thread 0x000001d8b19a4800 DEOPT UNPACKING pc=0x000001d8ba19a1af sp=0x00000003359fd620 mode 2

Classes redefined (0 events):
No events

Internal exceptions (20 events):
Event: 14.398 Thread 0x000001d8b19a4800 Exception <a 'java/lang/IncompatibleClassChangeError'{0x000000008a395000}: Found class java.lang.Object, but interface was expected> (0x000000008a395000) thrown at [s\src\hotspot\share\interpreter\linkResolver.cpp, line 839]
Event: 14.398 Thread 0x000001d8b19a4800 Exception <a 'java/lang/IncompatibleClassChangeError'{0x000000008a397fb8}: Found class java.lang.Object, but interface was expected> (0x000000008a397fb8) thrown at [s\src\hotspot\share\interpreter\linkResolver.cpp, line 839]
Event: 14.402 Thread 0x000001d8b19a4800 Exception <a 'java/lang/IncompatibleClassChangeError'{0x000000008a3a56f0}: Found class java.lang.Object, but interface was expected> (0x000000008a3a56f0) thrown at [s\src\hotspot\share\interpreter\linkResolver.cpp, line 839]
Event: 14.757 Thread 0x000001d8b19a4800 Exception <a 'java/lang/ArrayIndexOutOfBoundsException'{0x000000008a3d4198}> (0x000000008a3d4198) thrown at [s\src\hotspot\share\runtime\sharedRuntime.cpp, line 606]
Event: 14.757 Thread 0x000001d8b19a4800 Exception <a 'java/lang/ArrayIndexOutOfBoundsException'{0x000000008a3d4760}> (0x000000008a3d4760) thrown at [s\src\hotspot\share\runtime\sharedRuntime.cpp, line 606]
Event: 14.757 Thread 0x000001d8b19a4800 Exception <a 'java/lang/ArrayIndexOutOfBoundsException'{0x000000008a3d4d28}: Index 11 out of bounds for length 11> (0x000000008a3d4d28) thrown at [s\src\hotspot\share\interpreter\interpreterRuntime.cpp, line 444]
Event: 14.757 Thread 0x000001d8b19a4800 Exception <a 'java/lang/ArrayIndexOutOfBoundsException'{0x000000008a3d61c0}> (0x000000008a3d61c0) thrown at [s\src\hotspot\share\runtime\sharedRuntime.cpp, line 606]
Event: 14.757 Thread 0x000001d8b19a4800 Exception <a 'java/lang/ArrayIndexOutOfBoundsException'{0x000000008a3d6788}> (0x000000008a3d6788) thrown at [s\src\hotspot\share\runtime\sharedRuntime.cpp, line 606]
Event: 14.757 Thread 0x000001d8b19a4800 Exception <a 'java/lang/ArrayIndexOutOfBoundsException'{0x000000008a3d6d50}: Index 9 out of bounds for length 9> (0x000000008a3d6d50) thrown at [s\src\hotspot\share\interpreter\interpreterRuntime.cpp, line 444]
Event: 14.758 Thread 0x000001d8b19a4800 Exception <a 'java/lang/ArrayIndexOutOfBoundsException'{0x000000008a3dd5f8}> (0x000000008a3dd5f8) thrown at [s\src\hotspot\share\runtime\sharedRuntime.cpp, line 606]
Event: 14.758 Thread 0x000001d8b19a4800 Exception <a 'java/lang/ArrayIndexOutOfBoundsException'{0x000000008a3ddbc0}> (0x000000008a3ddbc0) thrown at [s\src\hotspot\share\runtime\sharedRuntime.cpp, line 606]
Event: 14.758 Thread 0x000001d8b19a4800 Exception <a 'java/lang/ArrayIndexOutOfBoundsException'{0x000000008a3de188}: Index 7 out of bounds for length 7> (0x000000008a3de188) thrown at [s\src\hotspot\share\interpreter\interpreterRuntime.cpp, line 444]
Event: 14.759 Thread 0x000001d8b19a4800 Exception <a 'java/lang/ArrayIndexOutOfBoundsException'{0x000000008a3e1290}> (0x000000008a3e1290) thrown at [s\src\hotspot\share\runtime\sharedRuntime.cpp, line 606]
Event: 14.759 Thread 0x000001d8b19a4800 Exception <a 'java/lang/ArrayIndexOutOfBoundsException'{0x000000008a3e1858}> (0x000000008a3e1858) thrown at [s\src\hotspot\share\runtime\sharedRuntime.cpp, line 606]
Event: 14.759 Thread 0x000001d8b19a4800 Exception <a 'java/lang/ArrayIndexOutOfBoundsException'{0x000000008a3e1e20}: Index 7 out of bounds for length 7> (0x000000008a3e1e20) thrown at [s\src\hotspot\share\interpreter\interpreterRuntime.cpp, line 444]
Event: 14.760 Thread 0x000001d8b19a4800 Exception <a 'java/lang/ArrayIndexOutOfBoundsException'{0x000000008a3e53f8}> (0x000000008a3e53f8) thrown at [s\src\hotspot\share\runtime\sharedRuntime.cpp, line 606]
Event: 14.760 Thread 0x000001d8b19a4800 Exception <a 'java/lang/ArrayIndexOutOfBoundsException'{0x000000008a3e59c0}> (0x000000008a3e59c0) thrown at [s\src\hotspot\share\runtime\sharedRuntime.cpp, line 606]
Event: 14.760 Thread 0x000001d8b19a4800 Exception <a 'java/lang/ArrayIndexOutOfBoundsException'{0x000000008a3e5f88}: Index 7 out of bounds for length 7> (0x000000008a3e5f88) thrown at [s\src\hotspot\share\interpreter\interpreterRuntime.cpp, line 444]
Event: 14.849 Thread 0x000001d8b19a4800 Exception <a 'java/lang/IncompatibleClassChangeError'{0x000000008a118d58}: Found class java.lang.Object, but interface was expected> (0x000000008a118d58) thrown at [s\src\hotspot\share\interpreter\linkResolver.cpp, line 839]
Event: 14.851 Thread 0x000001d8b19a4800 Exception <a 'java/lang/IncompatibleClassChangeError'{0x000000008a11f828}: Found class java.lang.Object, but interface was expected> (0x000000008a11f828) thrown at [s\src\hotspot\share\interpreter\linkResolver.cpp, line 839]

Events (20 events):
Event: 14.851 loading class io/qameta/allure/model/WithSteps
Event: 14.851 loading class io/qameta/allure/model/WithSteps done
Event: 14.851 loading class io/qameta/allure/AllureLifecycle
Event: 14.851 loading class io/qameta/allure/AllureLifecycle done
Event: 14.851 loading class io/qameta/allure/model/StepResult
Event: 14.851 loading class io/qameta/allure/model/StepResult done
Event: 14.852 loading class org/openqa/selenium/remote/CommandPayload
Event: 14.852 loading class org/openqa/selenium/remote/CommandPayload done
Event: 14.852 loading class org/openqa/selenium/remote/CommandPayload
Event: 14.852 loading class org/openqa/selenium/remote/CommandPayload done
Event: 14.857 Executing VM operation: RevokeBias
Event: 14.857 Executing VM operation: RevokeBias done
Event: 14.857 Executing VM operation: RevokeBias
Event: 14.857 Executing VM operation: RevokeBias done
Event: 14.860 Executing VM operation: RevokeBias
Event: 14.860 Executing VM operation: RevokeBias done
Event: 14.860 Executing VM operation: RevokeBias
Event: 14.861 Executing VM operation: RevokeBias done
Event: 14.861 Executing VM operation: RevokeBias
Event: 14.861 Executing VM operation: RevokeBias done


Dynamic libraries:
0x00007ff6ed3b0000 - 0x00007ff6ed3be000 	C:\Users\Admin\.jdks\corretto-11.0.26\bin\java.exe
0x00007ff86fbf0000 - 0x00007ff86fde8000 	C:\Windows\SYSTEM32\ntdll.dll
0x00007ff86f6e0000 - 0x00007ff86f79d000 	C:\Windows\System32\KERNEL32.DLL
0x00007ff86d310000 - 0x00007ff86d5de000 	C:\Windows\System32\KERNELBASE.dll
0x00007ff86d610000 - 0x00007ff86d710000 	C:\Windows\System32\ucrtbase.dll
0x00007ff866fe0000 - 0x00007ff866ff7000 	C:\Users\Admin\.jdks\corretto-11.0.26\bin\jli.dll
0x00007ff866450000 - 0x00007ff86646b000 	C:\Users\Admin\.jdks\corretto-11.0.26\bin\VCRUNTIME140.dll
0x00007ff86f340000 - 0x00007ff86f4e0000 	C:\Windows\System32\USER32.dll
0x00007ff86dc20000 - 0x00007ff86dc42000 	C:\Windows\System32\win32u.dll
0x00007ff86f6b0000 - 0x00007ff86f6da000 	C:\Windows\System32\GDI32.dll
0x00007ff86d910000 - 0x00007ff86da1b000 	C:\Windows\System32\gdi32full.dll
0x00007ff86da20000 - 0x00007ff86dabd000 	C:\Windows\System32\msvcp_win.dll
0x00007ff86c720000 - 0x00007ff86c9ba000 	C:\Windows\WinSxS\amd64_microsoft.windows.common-controls_6595b64144ccf1df_6.0.19041.1110_none_60b5254171f9507e\COMCTL32.dll
0x00007ff86f7a0000 - 0x00007ff86f83e000 	C:\Windows\System32\msvcrt.dll
0x00007ff86f9f0000 - 0x00007ff86fa20000 	C:\Windows\System32\IMM32.DLL
0x00007ff86b0e0000 - 0x00007ff86b0ec000 	C:\Users\Admin\.jdks\corretto-11.0.26\bin\vcruntime140_1.dll
0x00007ff864e30000 - 0x00007ff864ebd000 	C:\Users\Admin\.jdks\corretto-11.0.26\bin\msvcp140.dll
0x00007ff83b1e0000 - 0x00007ff83bda5000 	C:\Users\Admin\.jdks\corretto-11.0.26\bin\server\jvm.dll
0x00007ff86e3a0000 - 0x00007ff86e44e000 	C:\Windows\System32\ADVAPI32.dll
0x00007ff86f080000 - 0x00007ff86f11c000 	C:\Windows\System32\sechost.dll
0x00007ff86fa80000 - 0x00007ff86fba5000 	C:\Windows\System32\RPCRT4.dll
0x00007ff86f970000 - 0x00007ff86f9db000 	C:\Windows\System32\WS2_32.dll
0x00007ff86f9e0000 - 0x00007ff86f9e8000 	C:\Windows\System32\PSAPI.DLL
0x00007ff8697c0000 - 0x00007ff8697ca000 	C:\Windows\SYSTEM32\VERSION.dll
0x00007ff857fe0000 - 0x00007ff858007000 	C:\Windows\SYSTEM32\WINMM.dll
0x00007ff86aec0000 - 0x00007ff86aed2000 	C:\Windows\SYSTEM32\kernel.appcore.dll
0x00007ff86b080000 - 0x00007ff86b090000 	C:\Users\Admin\.jdks\corretto-11.0.26\bin\verify.dll
0x00007ff86cd40000 - 0x00007ff86cf24000 	C:\Windows\SYSTEM32\DBGHELP.DLL
0x00007ff86caf0000 - 0x00007ff86cb1c000 	C:\Windows\SYSTEM32\dbgcore.DLL
0x00007ff86d760000 - 0x00007ff86d7e2000 	C:\Windows\System32\bcryptPrimitives.dll
0x00007ff8660a0000 - 0x00007ff8660c8000 	C:\Users\Admin\.jdks\corretto-11.0.26\bin\java.dll
0x00007ff866d00000 - 0x00007ff866d0a000 	C:\Users\Admin\.jdks\corretto-11.0.26\bin\jimage.dll
0x00007ff866af0000 - 0x00007ff866afe000 	C:\Users\Admin\.jdks\corretto-11.0.26\bin\instrument.dll
0x00007ff866120000 - 0x00007ff866138000 	C:\Users\Admin\.jdks\corretto-11.0.26\bin\zip.dll
0x00007ff86dc50000 - 0x00007ff86e394000 	C:\Windows\System32\SHELL32.dll
0x00007ff86a610000 - 0x00007ff86ada4000 	C:\Windows\SYSTEM32\windows.storage.dll
0x00007ff86ed20000 - 0x00007ff86f074000 	C:\Windows\System32\combase.dll
0x00007ff86c680000 - 0x00007ff86c6b0000 	C:\Windows\SYSTEM32\Wldp.dll
0x00007ff86ead0000 - 0x00007ff86eb7d000 	C:\Windows\System32\SHCORE.dll
0x00007ff86e5e0000 - 0x00007ff86e635000 	C:\Windows\System32\shlwapi.dll
0x00007ff86d250000 - 0x00007ff86d26f000 	C:\Windows\SYSTEM32\profapi.dll
0x00007ff864860000 - 0x00007ff864879000 	C:\Users\Admin\.jdks\corretto-11.0.26\bin\net.dll
0x00007ff869f60000 - 0x00007ff86a06a000 	C:\Windows\SYSTEM32\WINHTTP.dll
0x00007ff86c370000 - 0x00007ff86c3da000 	C:\Windows\system32\mswsock.dll
0x00007ff864840000 - 0x00007ff864852000 	C:\Users\Admin\.jdks\corretto-11.0.26\bin\nio.dll
0x00007ff864520000 - 0x00007ff86453a000 	F:\Java\InteliJi IDEA\IntelliJ IDEA Community Edition 2022.3\bin\breakgen64.dll
0x00007ff86d0a0000 - 0x00007ff86d0b8000 	C:\Windows\SYSTEM32\CRYPTSP.dll
0x00007ff86bd80000 - 0x00007ff86bdb4000 	C:\Windows\system32\rsaenh.dll
0x00007ff86d5e0000 - 0x00007ff86d607000 	C:\Windows\System32\bcrypt.dll
0x00007ff86d210000 - 0x00007ff86d23e000 	C:\Windows\SYSTEM32\USERENV.dll
0x00007ff86c670000 - 0x00007ff86c67c000 	C:\Windows\SYSTEM32\CRYPTBASE.dll
0x00007ff86c0a0000 - 0x00007ff86c0db000 	C:\Windows\SYSTEM32\IPHLPAPI.DLL
0x00007ff86f6a0000 - 0x00007ff86f6a8000 	C:\Windows\System32\NSI.dll
0x00007ff861d30000 - 0x00007ff861d47000 	C:\Windows\SYSTEM32\dhcpcsvc6.DLL
0x00007ff862c60000 - 0x00007ff862c7d000 	C:\Windows\SYSTEM32\dhcpcsvc.DLL
0x00007ff86c0e0000 - 0x00007ff86c1ab000 	C:\Windows\SYSTEM32\DNSAPI.dll
0x00007ff85bbe0000 - 0x00007ff85bbea000 	C:\Windows\System32\rasadhlp.dll
0x00007ff85b2b0000 - 0x00007ff85b330000 	C:\Windows\System32\fwpuclnt.dll
0x00007ff866ad0000 - 0x00007ff866ad9000 	C:\Users\Admin\.jdks\corretto-11.0.26\bin\management.dll
0x00007ff866430000 - 0x00007ff86643b000 	C:\Users\Admin\.jdks\corretto-11.0.26\bin\management_ext.dll
0x00007ff8663d0000 - 0x00007ff8663de000 	C:\Users\Admin\.jdks\corretto-11.0.26\bin\sunmscapi.dll
0x00007ff86dac0000 - 0x00007ff86dc16000 	C:\Windows\System32\CRYPT32.dll
0x00007ff86c6f0000 - 0x00007ff86c717000 	C:\Windows\SYSTEM32\ncrypt.dll
0x00007ff86c6b0000 - 0x00007ff86c6eb000 	C:\Windows\SYSTEM32\NTASN1.dll
0x00007ff85aeb0000 - 0x00007ff85aed7000 	C:\Users\Admin\.jdks\corretto-11.0.26\bin\sunec.dll
0x00007ff864370000 - 0x00007ff864387000 	C:\Windows\system32\napinsp.dll
0x00007ff864350000 - 0x00007ff86436b000 	C:\Windows\system32\pnrpnsp.dll
0x00007ff866d60000 - 0x00007ff866d75000 	C:\Windows\system32\wshbth.dll
0x00007ff867ae0000 - 0x00007ff867afd000 	C:\Windows\system32\NLAapi.dll
0x00007ff85bdd0000 - 0x00007ff85bde2000 	C:\Windows\System32\winrnr.dll

dbghelp: loaded successfully - version: 4.0.5 - missing functions: none
symbol engine: initialized successfully - sym options: 0x614 - pdb path: .;C:\Users\Admin\.jdks\corretto-11.0.26\bin;C:\Windows\SYSTEM32;C:\Windows\WinSxS\amd64_microsoft.windows.common-controls_6595b64144ccf1df_6.0.19041.1110_none_60b5254171f9507e;C:\Users\Admin\.jdks\corretto-11.0.26\bin\server;F:\Java\InteliJi IDEA\IntelliJ IDEA Community Edition 2022.3\bin

VM Arguments:
jvm_args: -ea -javaagent:C:\Users\Admin\.m2\repository/org/aspectj/aspectjweaver/1.9.20.1/aspectjweaver-1.9.20.1.jar -Didea.test.cyclic.buffer.size=1048576 -javaagent:F:\Java\InteliJi IDEA\IntelliJ IDEA Community Edition 2022.3\lib\idea_rt.jar=49855:F:\Java\InteliJi IDEA\IntelliJ IDEA Community Edition 2022.3\bin -Dfile.encoding=UTF-8 
java_command: com.intellij.rt.testng.RemoteTestNGStarter -usedefaultlisteners false -socket49854 @w@C:\Users\Admin\AppData\Local\Temp\idea_working_dirs_testng.tmp -temp C:\Users\Admin\AppData\Local\Temp\idea_testng.tmp
java_class_path (initial): F:\Java\InteliJi IDEA\IntelliJ IDEA Community Edition 2022.3\lib\idea_rt.jar;F:\Java\InteliJi IDEA\IntelliJ IDEA Community Edition 2022.3\plugins\testng\lib\testng-rt.jar;C:\Users\Admin\IdeaProjects\iviettech-AT03-EBanking\target\test-classes;C:\Users\Admin\IdeaProjects\iviettech-AT03-EBanking\target\classes;C:\Users\Admin\.m2\repository\org\testng\testng\7.11.0\testng-7.11.0.jar;C:\Users\Admin\.m2\repository\org\slf4j\slf4j-api\2.0.16\slf4j-api-2.0.16.jar;C:\Users\Admin\.m2\repository\org\jcommander\jcommander\1.83\jcommander-1.83.jar;C:\Users\Admin\.m2\repository\org\webjars\jquery\3.7.1\jquery-3.7.1.jar;C:\Users\Admin\.m2\repository\org\seleniumhq\selenium\selenium-java\4.33.0\selenium-java-4.33.0.jar;C:\Users\Admin\.m2\repository\org\seleniumhq\selenium\selenium-api\4.33.0\selenium-api-4.33.0.jar;C:\Users\Admin\.m2\repository\org\jspecify\jspecify\1.0.0\jspecify-1.0.0.jar;C:\Users\Admin\.m2\repository\org\seleniumhq\selenium\selenium-chrome-driver\4.33.0\selenium-chrome-driver-4.33.0.jar;C:\Users\Admin\.m2\repository\com\google\auto\service\auto-service-annotations\1.1.1\auto-service-annotations-1.1.1.jar;C:\Users\Admin\.m2\repository\org\seleniumhq\selenium\selenium-chromium-driver\4.33.0\selenium-chromium-driver-4.33.0.jar;C:\Users\Admin\.m2\repository\org\seleniumhq\selenium\selenium-json\4.33.0\selenium-json-4.33.0.jar;C:\Users\Admin\.m2\repository\org\seleniumhq\selenium\selenium-manager\4.33.0\selenium-manager-4.33.0.jar;C:\Users\Admin\.m2\repository\org\seleniumhq\selenium\selenium-devtools-v135\4.33.0\selenium-devtools-v135-4.33.0.jar;C:\Users\Admin\.m2\repository\org\seleniumhq\selenium\selenium-devtools-v136\4.33.0\selenium-devtools-v136-4.33.0.jar;C:\Users\Admin\.m2\repository\org\seleniumhq\selenium\selenium-devtools-v137\4.33.0\selenium-devtools-v137-4.33.0.jar;C:\Users\Admin\.m2\repository\org\seleniumhq\selenium\selenium-edge-driver\4.33.0\selenium-edge-driver-4.33.0.jar;C:\Users\Admin\.m2\repository\org\seleniumhq\sel
Launcher Type: SUN_STANDARD

[Global flags]
     intx CICompilerCount                          = 3                                         {product} {ergonomic}
     uint ConcGCThreads                            = 1                                         {product} {ergonomic}
     uint G1ConcRefinementThreads                  = 4                                         {product} {ergonomic}
   size_t G1HeapRegionSize                         = 1048576                                   {product} {ergonomic}
    uintx GCDrainStackTargetSize                   = 64                                        {product} {ergonomic}
   size_t InitialHeapSize                          = 132120576                                 {product} {ergonomic}
   size_t MarkStackSize                            = 4194304                                   {product} {ergonomic}
   size_t MaxHeapSize                              = 2109734912                                {product} {ergonomic}
   size_t MaxNewSize                               = 1265631232                                {product} {ergonomic}
   size_t MinHeapDeltaBytes                        = 1048576                                   {product} {ergonomic}
    uintx NonNMethodCodeHeapSize                   = 5830732                                {pd product} {ergonomic}
    uintx NonProfiledCodeHeapSize                  = 122913754                              {pd product} {ergonomic}
    uintx ProfiledCodeHeapSize                     = 122913754                              {pd product} {ergonomic}
    uintx ReservedCodeCacheSize                    = 251658240                              {pd product} {ergonomic}
     bool SegmentedCodeCache                       = true                                      {product} {ergonomic}
     bool UseCompressedClassPointers               = true                                 {lp64_product} {ergonomic}
     bool UseCompressedOops                        = true                                 {lp64_product} {ergonomic}
     bool UseG1GC                                  = true                                      {product} {ergonomic}
     bool UseLargePagesIndividualAllocation        = false                                  {pd product} {ergonomic}

Logging:
Log output configuration:
 #0: stdout all=warning uptime,level,tags
 #1: stderr all=off uptime,level,tags

Environment Variables:
JAVA_HOME=C:\Users\Admin\.jdks\corretto-11.0.26
PATH=C:\Program Files\Common Files\Oracle\Java\javapath;C:\Program Files (x86)\Common Files\Oracle\Java\javapath;C:\Windows\system32;C:\Windows;C:\Windows\System32\Wbem;C:\Windows\System32\WindowsPowerShell\v1.0\;C:\Windows\System32\OpenSSH\;C:\Program Files (x86)\Common Files\GTK\2.0\bin;C:\Users\Admin\dà n?ng Dropbox\huy phan\PC\Downloads\apache-jmeter-5.6\apache-jmeter-5.6\bin;C:\Program Files (x86)\Windows Kits\10\Windows Performance Toolkit\;C:\Program Files\Cloudflare\Cloudflare WARP\;C:\Users\Admin\AppData\Local\Microsoft\WindowsApps;F:\Java\InteliJi IDEA\IntelliJ IDEA Community Edition 2022.3\bin;;F:\Microsoft VS Code\bin;C:\Users\Admin\.jdks\corretto-11.0.26\bin;F:\setup allure\allure-2.34.0\allure-2.34.0\bin;
USERNAME=Admin
OS=Windows_NT
PROCESSOR_IDENTIFIER=Intel64 Family 6 Model 78 Stepping 3, GenuineIntel
TMP=C:\Users\Admin\AppData\Local\Temp
TEMP=C:\Users\Admin\AppData\Local\Temp



---------------  S Y S T E M  ---------------

OS: Windows 10 , 64 bit Build 19041 (10.0.19041.1806)
OS uptime: 100 days 22:55 hours

CPU:total 4 (initial active 4) (2 cores per cpu, 2 threads per core) family 6 model 78 stepping 3 microcode 0xcc, cmov, cx8, fxsr, mmx, sse, sse2, sse3, ssse3, sse4.1, sse4.2, popcnt, avx, avx2, aes, clmul, erms, 3dnowpref, lzcnt, ht, tsc, tscinvbit, bmi1, bmi2, adx, fma

Memory: 4k page, system-wide physical 8047M (555M free)
TotalPageFile size 13757M (AvailPageFile size 28M)
current process WorkingSet (physical memory assigned to process): 277M, peak: 282M
current process commit charge ("private bytes"): 317M, peak: 324M

vm_info: OpenJDK 64-Bit Server VM (11.0.26+4-LTS) for windows-amd64 JRE (11.0.26+4-LTS), built on Jan 13 2025 17:23:34 by "Administrator" with MS VC++ 16.10 / 16.11 (VS2019)

END.
