#
# There is insufficient memory for the Java Runtime Environment to continue.
# Native memory allocation (malloc) failed to allocate 32744 bytes for ChunkPool::allocate
# Possible reasons:
#   The system is out of physical RAM or swap space
#   The process is running with CompressedOops enabled, and the Java Heap may be blocking the growth of the native heap
# Possible solutions:
#   Reduce memory load on the system
#   Increase physical memory or swap space
#   Check if swap backing store is full
#   Decrease Java heap size (-Xmx/-Xms)
#   Decrease number of Java threads
#   Decrease Java thread stack sizes (-Xss)
#   Set larger code cache with -XX:ReservedCodeCacheSize=
#   JVM is running with Unscaled Compressed Oops mode in which the Java heap is
#     placed in the first 4GB address space. The Java Heap base address is the
#     maximum limit for the native heap growth. Please use -XX:HeapBaseMinAddress
#     to set the Java Heap base and to place the Java Heap above 4GB virtual address.
# This output file may be truncated or incomplete.
#
#  Out of Memory Error (arena.cpp:81), pid=17404, tid=15868
#
# JRE version: OpenJDK Runtime Environment Corretto-11.0.26.4.1 (11.0.26+4) (build 11.0.26+4-LTS)
# Java VM: OpenJDK 64-Bit Server VM Corretto-11.0.26.4.1 (11.0.26+4-LTS, mixed mode, tiered, compressed oops, g1 gc, windows-amd64)
# No core dump will be written. Minidumps are not enabled by default on client versions of Windows
#

---------------  S U M M A R Y ------------

Command Line: -ea -javaagent:C:\Users\Admin\.m2\repository/org/aspectj/aspectjweaver/1.9.20.1/aspectjweaver-1.9.20.1.jar -Didea.test.cyclic.buffer.size=1048576 -javaagent:F:\Java\InteliJi IDEA\IntelliJ IDEA Community Edition 2022.3\lib\idea_rt.jar=51489:F:\Java\InteliJi IDEA\IntelliJ IDEA Community Edition 2022.3\bin -Dfile.encoding=UTF-8 com.intellij.rt.testng.RemoteTestNGStarter -usedefaultlisteners false -socket51488 @w@C:\Users\Admin\AppData\Local\Temp\idea_working_dirs_testng.tmp -temp C:\Users\Admin\AppData\Local\Temp\idea_testng.tmp

Host: Intel(R) Core(TM) i5-6200U CPU @ 2.30GHz, 4 cores, 7G,  Windows 10 , 64 bit Build 19041 (10.0.19041.1806)
Time: Sat Jul 26 18:25:12 2025 SE Asia Standard Time elapsed time: 29.036538 seconds (0d 0h 0m 29s)

---------------  T H R E A D  ---------------

Current thread (0x0000023fbc7cf800):  JavaThread "C2 CompilerThread0" daemon [_thread_in_native, id=15868, stack(0x0000008cf2500000,0x0000008cf2600000)]


Current CompileTask:
C2:  29036 4669       4       java.lang.invoke.MethodType::makeImpl (108 bytes)

Stack: [0x0000008cf2500000,0x0000008cf2600000]
Native frames: (J=compiled Java code, j=interpreted, Vv=VM code, C=native code)
V  [jvm.dll+0x64644a]
V  [jvm.dll+0x7dac99]
V  [jvm.dll+0x7dc399]
V  [jvm.dll+0x7dca83]
V  [jvm.dll+0x269da5]
V  [jvm.dll+0xc23df]
V  [jvm.dll+0xc272c]
V  [jvm.dll+0x621ef5]
V  [jvm.dll+0x3574c0]
V  [jvm.dll+0x35f502]
V  [jvm.dll+0x65b5ae]
V  [jvm.dll+0x65be63]
V  [jvm.dll+0x65b489]
V  [jvm.dll+0x65926d]
V  [jvm.dll+0x1a14bc]
V  [jvm.dll+0x2db10f]
V  [jvm.dll+0x6644d6]
V  [jvm.dll+0x65be5b]
V  [jvm.dll+0x65b489]
V  [jvm.dll+0x65926d]
V  [jvm.dll+0x1a14bc]
V  [jvm.dll+0x2db10f]
V  [jvm.dll+0x6644d6]
V  [jvm.dll+0x65be5b]
V  [jvm.dll+0x65b489]
V  [jvm.dll+0x65926d]
V  [jvm.dll+0x1a14bc]
V  [jvm.dll+0x2db10f]
V  [jvm.dll+0x6644d6]
V  [jvm.dll+0x65be5b]
V  [jvm.dll+0x65b489]
V  [jvm.dll+0x65926d]
V  [jvm.dll+0x1a14bc]
V  [jvm.dll+0x2db10f]
V  [jvm.dll+0x6644d6]
V  [jvm.dll+0x65be5b]
V  [jvm.dll+0x65b489]
V  [jvm.dll+0x65926d]
V  [jvm.dll+0x1a14bc]
V  [jvm.dll+0x220a5f]
V  [jvm.dll+0x19ea01]
V  [jvm.dll+0x230cb9]
V  [jvm.dll+0x22ee2f]
V  [jvm.dll+0x79bec1]
V  [jvm.dll+0x794b94]
V  [jvm.dll+0x645205]
C  [ucrtbase.dll+0x21bb2]
C  [KERNEL32.DLL+0x17034]
C  [ntdll.dll+0x52651]


---------------  P R O C E S S  ---------------

Threads class SMR info:
_java_thread_list=0x0000023fbe396fb0, length=27, elements={
0x0000023f9e065000, 0x0000023fbc7bd000, 0x0000023fbc7be800, 0x0000023fbd132800,
0x0000023fbc7b9800, 0x0000023fbc7c8800, 0x0000023fbc7cf800, 0x0000023fbc7d7800,
0x0000023fbc7e5800, 0x0000023fbd292000, 0x0000023fbdde9000, 0x0000023fbfe02800,
0x0000023fbfc71800, 0x0000023fc0c1a800, 0x0000023fbf743000, 0x0000023fc0d0b000,
0x0000023fbe66b000, 0x0000023fc141e800, 0x0000023fc141f800, 0x0000023fc1420800,
0x0000023fc141e000, 0x0000023fbea14000, 0x0000023fbea19000, 0x0000023fbea19800,
0x0000023fbea18000, 0x0000023fbea1a800, 0x0000023fbface800
}

Java Threads: ( => current thread )
  0x0000023f9e065000 JavaThread "main" [_thread_in_Java, id=20164, stack(0x0000008cf1800000,0x0000008cf1900000)]
  0x0000023fbc7bd000 JavaThread "Reference Handler" daemon [_thread_blocked, id=7220, stack(0x0000008cf2000000,0x0000008cf2100000)]
  0x0000023fbc7be800 JavaThread "Finalizer" daemon [_thread_blocked, id=14672, stack(0x0000008cf2100000,0x0000008cf2200000)]
  0x0000023fbd132800 JavaThread "Signal Dispatcher" daemon [_thread_blocked, id=12764, stack(0x0000008cf2200000,0x0000008cf2300000)]
  0x0000023fbc7b9800 JavaThread "Attach Listener" daemon [_thread_blocked, id=22044, stack(0x0000008cf2300000,0x0000008cf2400000)]
  0x0000023fbc7c8800 JavaThread "Service Thread" daemon [_thread_blocked, id=5944, stack(0x0000008cf2400000,0x0000008cf2500000)]
=>0x0000023fbc7cf800 JavaThread "C2 CompilerThread0" daemon [_thread_in_native, id=15868, stack(0x0000008cf2500000,0x0000008cf2600000)]
  0x0000023fbc7d7800 JavaThread "C1 CompilerThread0" daemon [_thread_in_native, id=19348, stack(0x0000008cf2600000,0x0000008cf2700000)]
  0x0000023fbc7e5800 JavaThread "Sweeper thread" daemon [_thread_blocked, id=28360, stack(0x0000008cf2700000,0x0000008cf2800000)]
  0x0000023fbd292000 JavaThread "Common-Cleaner" daemon [_thread_blocked, id=23432, stack(0x0000008cf2800000,0x0000008cf2900000)]
  0x0000023fbdde9000 JavaThread "Monitor Ctrl-Break" daemon [_thread_in_native, id=28296, stack(0x0000008cf2c00000,0x0000008cf2d00000)]
  0x0000023fbfe02800 JavaThread "ForkJoinPool.commonPool-worker-3" daemon [_thread_blocked, id=19816, stack(0x0000008cf2f00000,0x0000008cf3000000)]
  0x0000023fbfc71800 JavaThread "HttpClient-1-SelectorManager" daemon [_thread_in_native, id=9500, stack(0x0000008cf3000000,0x0000008cf3100000)]
  0x0000023fc0c1a800 JavaThread "Driver Service Executor" daemon [_thread_blocked, id=23664, stack(0x0000008cf3200000,0x0000008cf3300000)]
  0x0000023fbf743000 JavaThread "Driver Service Executor" daemon [_thread_blocked, id=7992, stack(0x0000008cf3300000,0x0000008cf3400000)]
  0x0000023fc0d0b000 JavaThread "UrlChecker-2" daemon [_thread_blocked, id=22776, stack(0x0000008cf3400000,0x0000008cf3500000)]
  0x0000023fbe66b000 JavaThread "JdkHttpClient-0-0" daemon [_thread_blocked, id=18204, stack(0x0000008cf3700000,0x0000008cf3800000)]
  0x0000023fc141e800 JavaThread "CompletableFutureDelayScheduler" daemon [_thread_blocked, id=24876, stack(0x0000008cf3800000,0x0000008cf3900000)]
  0x0000023fc141f800 JavaThread "JdkHttpClient-0-1" daemon [_thread_blocked, id=6856, stack(0x0000008cf3900000,0x0000008cf3a00000)]
  0x0000023fc1420800 JavaThread "JdkHttpClient-0-2" daemon [_thread_blocked, id=28420, stack(0x0000008cf3a00000,0x0000008cf3b00000)]
  0x0000023fc141e000 JavaThread "JdkHttpClient-0-3" daemon [_thread_blocked, id=25368, stack(0x0000008cf3b00000,0x0000008cf3c00000)]
  0x0000023fbea14000 JavaThread "HttpClient-2-SelectorManager" daemon [_thread_in_native, id=13832, stack(0x0000008cf3c00000,0x0000008cf3d00000)]
  0x0000023fbea19000 JavaThread "JdkHttpClient-1-0" daemon [_thread_blocked, id=18520, stack(0x0000008cf3d00000,0x0000008cf3e00000)]
  0x0000023fbea19800 JavaThread "JdkHttpClient-1-1" daemon [_thread_blocked, id=13540, stack(0x0000008cf3e00000,0x0000008cf3f00000)]
  0x0000023fbea18000 JavaThread "JdkHttpClient-1-2" daemon [_thread_blocked, id=2872, stack(0x0000008cf3f00000,0x0000008cf4000000)]
  0x0000023fbea1a800 JavaThread "JdkHttpClient-1-3" daemon [_thread_blocked, id=24824, stack(0x0000008cf4000000,0x0000008cf4100000)]
  0x0000023fbface800 JavaThread "C2 CompilerThread1" daemon [_thread_in_native, id=22000, stack(0x0000008cf2900000,0x0000008cf2a00000)]

Other Threads:
  0x0000023fbc7a8800 VMThread "VM Thread" [stack: 0x0000008cf1f00000,0x0000008cf2000000] [id=16768]
  0x0000023fbddea000 WatcherThread [stack: 0x0000008cf2d00000,0x0000008cf2e00000] [id=6100]
  0x0000023f9e07d800 GCTaskThread "GC Thread#0" [stack: 0x0000008cf1a00000,0x0000008cf1b00000] [id=28180]
  0x0000023fbdb3e800 GCTaskThread "GC Thread#1" [stack: 0x0000008cf2a00000,0x0000008cf2b00000] [id=24028]
  0x0000023fbdb6d800 GCTaskThread "GC Thread#2" [stack: 0x0000008cf2b00000,0x0000008cf2c00000] [id=25684]
  0x0000023f9e0ab800 ConcurrentGCThread "G1 Main Marker" [stack: 0x0000008cf1b00000,0x0000008cf1c00000] [id=17220]
  0x0000023f9e0ae000 ConcurrentGCThread "G1 Conc#0" [stack: 0x0000008cf1c00000,0x0000008cf1d00000] [id=25088]
  0x0000023f9e13b000 ConcurrentGCThread "G1 Refine#0" [stack: 0x0000008cf1d00000,0x0000008cf1e00000] [id=6040]
  0x0000023fbe159000 ConcurrentGCThread "G1 Refine#1" [stack: 0x0000008cf2e00000,0x0000008cf2f00000] [id=23368]
  0x0000023f9e13e000 ConcurrentGCThread "G1 Young RemSet Sampling" [stack: 0x0000008cf1e00000,0x0000008cf1f00000] [id=22148]

Threads with active compile tasks:
C2 CompilerThread0    29127 4669       4       java.lang.invoke.MethodType::makeImpl (108 bytes)
C2 CompilerThread1    29127 4670       4       java.lang.invoke.MethodType$ConcurrentWeakInternSet::get (54 bytes)

VM state:not at safepoint (normal execution)

VM Mutex/Monitor currently owned by a thread: None

Heap address: 0x0000000082400000, size: 2012 MB, Compressed Oops mode: 32-bit
Narrow klass base: 0x0000000000000000, Narrow klass shift: 3
Compressed class space size: 1073741824 Address: 0x0000000100000000

Heap:
 garbage-first heap   total 155648K, used 79551K [0x0000000082400000, 0x0000000100000000)
  region size 1024K, 52 young (53248K), 8 survivors (8192K)
 Metaspace       used 36722K, capacity 38250K, committed 38400K, reserved 1083392K
  class space    used 3907K, capacity 4555K, committed 4608K, reserved 1048576K
Heap Regions: E=young(eden), S=young(survivor), O=old, HS=humongous(starts), HC=humongous(continues), CS=collection set, F=free, A=archive, TAMS=top-at-mark-start (previous, next)
|   0|0x0000000082400000, 0x0000000082500000, 0x0000000082500000|100%|HS|  |TAMS 0x0000000082500000, 0x0000000082400000| Complete 
|   1|0x0000000082500000, 0x0000000082600000, 0x0000000082600000|100%| O|  |TAMS 0x0000000082600000, 0x0000000082500000| Untracked 
|   2|0x0000000082600000, 0x0000000082700000, 0x0000000082700000|100%| O|  |TAMS 0x0000000082700000, 0x0000000082600000| Untracked 
|   3|0x0000000082700000, 0x0000000082800000, 0x0000000082800000|100%| O|  |TAMS 0x0000000082800000, 0x0000000082700000| Untracked 
|   4|0x0000000082800000, 0x0000000082900000, 0x0000000082900000|100%| O|  |TAMS 0x0000000082900000, 0x0000000082800000| Untracked 
|   5|0x0000000082900000, 0x0000000082a00000, 0x0000000082a00000|100%| O|  |TAMS 0x0000000082a00000, 0x0000000082900000| Untracked 
|   6|0x0000000082a00000, 0x0000000082b00000, 0x0000000082b00000|100%| O|  |TAMS 0x0000000082b00000, 0x0000000082a00000| Untracked 
|   7|0x0000000082b00000, 0x0000000082c00000, 0x0000000082c00000|100%| O|  |TAMS 0x0000000082c00000, 0x0000000082b00000| Untracked 
|   8|0x0000000082c00000, 0x0000000082d00000, 0x0000000082d00000|100%| O|  |TAMS 0x0000000082d00000, 0x0000000082c00000| Untracked 
|   9|0x0000000082d00000, 0x0000000082e00000, 0x0000000082e00000|100%| O|  |TAMS 0x0000000082e00000, 0x0000000082d00000| Untracked 
|  10|0x0000000082e00000, 0x0000000082f00000, 0x0000000082f00000|100%| O|  |TAMS 0x0000000082f00000, 0x0000000082e00000| Untracked 
|  11|0x0000000082f00000, 0x0000000083000000, 0x0000000083000000|100%| O|  |TAMS 0x0000000083000000, 0x0000000082f00000| Untracked 
|  12|0x0000000083000000, 0x0000000083100000, 0x0000000083100000|100%| O|  |TAMS 0x0000000083100000, 0x0000000083000000| Untracked 
|  13|0x0000000083100000, 0x0000000083200000, 0x0000000083200000|100%| O|  |TAMS 0x0000000083200000, 0x0000000083100000| Untracked 
|  14|0x0000000083200000, 0x0000000083300000, 0x0000000083300000|100%| O|  |TAMS 0x0000000083300000, 0x0000000083200000| Untracked 
|  15|0x0000000083300000, 0x0000000083400000, 0x0000000083400000|100%| O|  |TAMS 0x0000000083400000, 0x0000000083300000| Untracked 
|  16|0x0000000083400000, 0x0000000083500000, 0x0000000083500000|100%| O|  |TAMS 0x0000000083500000, 0x0000000083400000| Untracked 
|  17|0x0000000083500000, 0x0000000083600000, 0x0000000083600000|100%| O|  |TAMS 0x0000000083600000, 0x0000000083500000| Untracked 
|  18|0x0000000083600000, 0x0000000083700000, 0x0000000083700000|100%| O|  |TAMS 0x0000000083700000, 0x0000000083600000| Untracked 
|  19|0x0000000083700000, 0x0000000083800000, 0x0000000083800000|100%| O|  |TAMS 0x0000000083800000, 0x0000000083700000| Untracked 
|  20|0x0000000083800000, 0x0000000083900000, 0x0000000083900000|100%| O|  |TAMS 0x0000000083900000, 0x0000000083800000| Untracked 
|  21|0x0000000083900000, 0x0000000083a00000, 0x0000000083a00000|100%| O|  |TAMS 0x0000000083a00000, 0x0000000083900000| Untracked 
|  22|0x0000000083a00000, 0x0000000083b00000, 0x0000000083b00000|100%| O|  |TAMS 0x0000000083b00000, 0x0000000083a00000| Untracked 
|  23|0x0000000083b00000, 0x0000000083c00000, 0x0000000083c00000|100%| O|  |TAMS 0x0000000083c00000, 0x0000000083b00000| Untracked 
|  24|0x0000000083c00000, 0x0000000083d00000, 0x0000000083d00000|100%| O|  |TAMS 0x0000000083d00000, 0x0000000083c00000| Untracked 
|  25|0x0000000083d00000, 0x0000000083e00000, 0x0000000083e00000|100%| O|  |TAMS 0x0000000083e00000, 0x0000000083d00000| Untracked 
|  26|0x0000000083e00000, 0x0000000083ed4200, 0x0000000083f00000| 82%| O|  |TAMS 0x0000000083ed4200, 0x0000000083e00000| Untracked 
|  27|0x0000000083f00000, 0x0000000083f00000, 0x0000000084000000|  0%| F|  |TAMS 0x0000000083f00000, 0x0000000083f00000| Untracked 
|  28|0x0000000084000000, 0x0000000084000000, 0x0000000084100000|  0%| F|  |TAMS 0x0000000084000000, 0x0000000084000000| Untracked 
|  29|0x0000000084100000, 0x0000000084100000, 0x0000000084200000|  0%| F|  |TAMS 0x0000000084100000, 0x0000000084100000| Untracked 
|  30|0x0000000084200000, 0x0000000084200000, 0x0000000084300000|  0%| F|  |TAMS 0x0000000084200000, 0x0000000084200000| Untracked 
|  31|0x0000000084300000, 0x0000000084300000, 0x0000000084400000|  0%| F|  |TAMS 0x0000000084300000, 0x0000000084300000| Untracked 
|  32|0x0000000084400000, 0x0000000084400000, 0x0000000084500000|  0%| F|  |TAMS 0x0000000084400000, 0x0000000084400000| Untracked 
|  33|0x0000000084500000, 0x0000000084500000, 0x0000000084600000|  0%| F|  |TAMS 0x0000000084500000, 0x0000000084500000| Untracked 
|  34|0x0000000084600000, 0x0000000084600000, 0x0000000084700000|  0%| F|  |TAMS 0x0000000084600000, 0x0000000084600000| Untracked 
|  35|0x0000000084700000, 0x0000000084700000, 0x0000000084800000|  0%| F|  |TAMS 0x0000000084700000, 0x0000000084700000| Untracked 
|  36|0x0000000084800000, 0x0000000084800000, 0x0000000084900000|  0%| F|  |TAMS 0x0000000084800000, 0x0000000084800000| Untracked 
|  37|0x0000000084900000, 0x0000000084900000, 0x0000000084a00000|  0%| F|  |TAMS 0x0000000084900000, 0x0000000084900000| Untracked 
|  38|0x0000000084a00000, 0x0000000084a00000, 0x0000000084b00000|  0%| F|  |TAMS 0x0000000084a00000, 0x0000000084a00000| Untracked 
|  39|0x0000000084b00000, 0x0000000084b00000, 0x0000000084c00000|  0%| F|  |TAMS 0x0000000084b00000, 0x0000000084b00000| Untracked 
|  40|0x0000000084c00000, 0x0000000084c00000, 0x0000000084d00000|  0%| F|  |TAMS 0x0000000084c00000, 0x0000000084c00000| Untracked 
|  41|0x0000000084d00000, 0x0000000084d00000, 0x0000000084e00000|  0%| F|  |TAMS 0x0000000084d00000, 0x0000000084d00000| Untracked 
|  42|0x0000000084e00000, 0x0000000084e00000, 0x0000000084f00000|  0%| F|  |TAMS 0x0000000084e00000, 0x0000000084e00000| Untracked 
|  43|0x0000000084f00000, 0x0000000084f00000, 0x0000000085000000|  0%| F|  |TAMS 0x0000000084f00000, 0x0000000084f00000| Untracked 
|  44|0x0000000085000000, 0x0000000085000000, 0x0000000085100000|  0%| F|  |TAMS 0x0000000085000000, 0x0000000085000000| Untracked 
|  45|0x0000000085100000, 0x0000000085100000, 0x0000000085200000|  0%| F|  |TAMS 0x0000000085100000, 0x0000000085100000| Untracked 
|  46|0x0000000085200000, 0x0000000085200000, 0x0000000085300000|  0%| F|  |TAMS 0x0000000085200000, 0x0000000085200000| Untracked 
|  47|0x0000000085300000, 0x0000000085300000, 0x0000000085400000|  0%| F|  |TAMS 0x0000000085300000, 0x0000000085300000| Untracked 
|  48|0x0000000085400000, 0x0000000085400000, 0x0000000085500000|  0%| F|  |TAMS 0x0000000085400000, 0x0000000085400000| Untracked 
|  49|0x0000000085500000, 0x0000000085500000, 0x0000000085600000|  0%| F|  |TAMS 0x0000000085500000, 0x0000000085500000| Untracked 
|  50|0x0000000085600000, 0x0000000085600000, 0x0000000085700000|  0%| F|  |TAMS 0x0000000085600000, 0x0000000085600000| Untracked 
|  51|0x0000000085700000, 0x0000000085700000, 0x0000000085800000|  0%| F|  |TAMS 0x0000000085700000, 0x0000000085700000| Untracked 
|  52|0x0000000085800000, 0x0000000085800000, 0x0000000085900000|  0%| F|  |TAMS 0x0000000085800000, 0x0000000085800000| Untracked 
|  53|0x0000000085900000, 0x0000000085900000, 0x0000000085a00000|  0%| F|  |TAMS 0x0000000085900000, 0x0000000085900000| Untracked 
|  54|0x0000000085a00000, 0x0000000085a00000, 0x0000000085b00000|  0%| F|  |TAMS 0x0000000085a00000, 0x0000000085a00000| Untracked 
|  55|0x0000000085b00000, 0x0000000085b00000, 0x0000000085c00000|  0%| F|  |TAMS 0x0000000085b00000, 0x0000000085b00000| Untracked 
|  56|0x0000000085c00000, 0x0000000085c00000, 0x0000000085d00000|  0%| F|  |TAMS 0x0000000085c00000, 0x0000000085c00000| Untracked 
|  57|0x0000000085d00000, 0x0000000085d00000, 0x0000000085e00000|  0%| F|  |TAMS 0x0000000085d00000, 0x0000000085d00000| Untracked 
|  58|0x0000000085e00000, 0x0000000085e00000, 0x0000000085f00000|  0%| F|  |TAMS 0x0000000085e00000, 0x0000000085e00000| Untracked 
|  59|0x0000000085f00000, 0x0000000085f00000, 0x0000000086000000|  0%| F|  |TAMS 0x0000000085f00000, 0x0000000085f00000| Untracked 
|  60|0x0000000086000000, 0x0000000086000000, 0x0000000086100000|  0%| F|  |TAMS 0x0000000086000000, 0x0000000086000000| Untracked 
|  61|0x0000000086100000, 0x0000000086100000, 0x0000000086200000|  0%| F|  |TAMS 0x0000000086100000, 0x0000000086100000| Untracked 
|  62|0x0000000086200000, 0x0000000086200000, 0x0000000086300000|  0%| F|  |TAMS 0x0000000086200000, 0x0000000086200000| Untracked 
|  63|0x0000000086300000, 0x0000000086300000, 0x0000000086400000|  0%| F|  |TAMS 0x0000000086300000, 0x0000000086300000| Untracked 
|  64|0x0000000086400000, 0x0000000086400000, 0x0000000086500000|  0%| F|  |TAMS 0x0000000086400000, 0x0000000086400000| Untracked 
|  65|0x0000000086500000, 0x0000000086500000, 0x0000000086600000|  0%| F|  |TAMS 0x0000000086500000, 0x0000000086500000| Untracked 
|  66|0x0000000086600000, 0x0000000086600000, 0x0000000086700000|  0%| F|  |TAMS 0x0000000086600000, 0x0000000086600000| Untracked 
|  67|0x0000000086700000, 0x0000000086700000, 0x0000000086800000|  0%| F|  |TAMS 0x0000000086700000, 0x0000000086700000| Untracked 
|  68|0x0000000086800000, 0x0000000086800000, 0x0000000086900000|  0%| F|  |TAMS 0x0000000086800000, 0x0000000086800000| Untracked 
|  69|0x0000000086900000, 0x0000000086900000, 0x0000000086a00000|  0%| F|  |TAMS 0x0000000086900000, 0x0000000086900000| Untracked 
|  70|0x0000000086a00000, 0x0000000086a00000, 0x0000000086b00000|  0%| F|  |TAMS 0x0000000086a00000, 0x0000000086a00000| Untracked 
|  71|0x0000000086b00000, 0x0000000086b00000, 0x0000000086c00000|  0%| F|  |TAMS 0x0000000086b00000, 0x0000000086b00000| Untracked 
|  72|0x0000000086c00000, 0x0000000086c00000, 0x0000000086d00000|  0%| F|  |TAMS 0x0000000086c00000, 0x0000000086c00000| Untracked 
|  73|0x0000000086d00000, 0x0000000086d00000, 0x0000000086e00000|  0%| F|  |TAMS 0x0000000086d00000, 0x0000000086d00000| Untracked 
|  74|0x0000000086e00000, 0x0000000086e00000, 0x0000000086f00000|  0%| F|  |TAMS 0x0000000086e00000, 0x0000000086e00000| Untracked 
|  75|0x0000000086f00000, 0x0000000086f00000, 0x0000000087000000|  0%| F|  |TAMS 0x0000000086f00000, 0x0000000086f00000| Untracked 
|  76|0x0000000087000000, 0x0000000087000000, 0x0000000087100000|  0%| F|  |TAMS 0x0000000087000000, 0x0000000087000000| Untracked 
|  77|0x0000000087100000, 0x0000000087100000, 0x0000000087200000|  0%| F|  |TAMS 0x0000000087100000, 0x0000000087100000| Untracked 
|  78|0x0000000087200000, 0x0000000087200000, 0x0000000087300000|  0%| F|  |TAMS 0x0000000087200000, 0x0000000087200000| Untracked 
|  79|0x0000000087300000, 0x0000000087300000, 0x0000000087400000|  0%| F|  |TAMS 0x0000000087300000, 0x0000000087300000| Untracked 
|  80|0x0000000087400000, 0x0000000087400000, 0x0000000087500000|  0%| F|  |TAMS 0x0000000087400000, 0x0000000087400000| Untracked 
|  81|0x0000000087500000, 0x0000000087500000, 0x0000000087600000|  0%| F|  |TAMS 0x0000000087500000, 0x0000000087500000| Untracked 
|  82|0x0000000087600000, 0x0000000087600000, 0x0000000087700000|  0%| F|  |TAMS 0x0000000087600000, 0x0000000087600000| Untracked 
|  83|0x0000000087700000, 0x0000000087700000, 0x0000000087800000|  0%| F|  |TAMS 0x0000000087700000, 0x0000000087700000| Untracked 
|  84|0x0000000087800000, 0x0000000087800000, 0x0000000087900000|  0%| F|  |TAMS 0x0000000087800000, 0x0000000087800000| Untracked 
|  85|0x0000000087900000, 0x0000000087900000, 0x0000000087a00000|  0%| F|  |TAMS 0x0000000087900000, 0x0000000087900000| Untracked 
|  86|0x0000000087a00000, 0x0000000087a00000, 0x0000000087b00000|  0%| F|  |TAMS 0x0000000087a00000, 0x0000000087a00000| Untracked 
|  87|0x0000000087b00000, 0x0000000087b00000, 0x0000000087c00000|  0%| F|  |TAMS 0x0000000087b00000, 0x0000000087b00000| Untracked 
|  88|0x0000000087c00000, 0x0000000087cdbb50, 0x0000000087d00000| 85%| S|CS|TAMS 0x0000000087c00000, 0x0000000087c00000| Complete 
|  89|0x0000000087d00000, 0x0000000087e00000, 0x0000000087e00000|100%| S|CS|TAMS 0x0000000087d00000, 0x0000000087d00000| Complete 
|  90|0x0000000087e00000, 0x0000000087f00000, 0x0000000087f00000|100%| S|CS|TAMS 0x0000000087e00000, 0x0000000087e00000| Complete 
|  91|0x0000000087f00000, 0x0000000088000000, 0x0000000088000000|100%| S|CS|TAMS 0x0000000087f00000, 0x0000000087f00000| Complete 
|  92|0x0000000088000000, 0x0000000088100000, 0x0000000088100000|100%| S|CS|TAMS 0x0000000088000000, 0x0000000088000000| Complete 
|  93|0x0000000088100000, 0x0000000088200000, 0x0000000088200000|100%| S|CS|TAMS 0x0000000088100000, 0x0000000088100000| Complete 
|  94|0x0000000088200000, 0x0000000088300000, 0x0000000088300000|100%| S|CS|TAMS 0x0000000088200000, 0x0000000088200000| Complete 
|  95|0x0000000088300000, 0x0000000088400000, 0x0000000088400000|100%| S|CS|TAMS 0x0000000088300000, 0x0000000088300000| Complete 
|  96|0x0000000088400000, 0x0000000088400000, 0x0000000088500000|  0%| F|  |TAMS 0x0000000088400000, 0x0000000088400000| Untracked 
|  97|0x0000000088500000, 0x0000000088500000, 0x0000000088600000|  0%| F|  |TAMS 0x0000000088500000, 0x0000000088500000| Untracked 
|  98|0x0000000088600000, 0x0000000088600000, 0x0000000088700000|  0%| F|  |TAMS 0x0000000088600000, 0x0000000088600000| Untracked 
|  99|0x0000000088700000, 0x0000000088700000, 0x0000000088800000|  0%| F|  |TAMS 0x0000000088700000, 0x0000000088700000| Untracked 
| 100|0x0000000088800000, 0x0000000088800000, 0x0000000088900000|  0%| F|  |TAMS 0x0000000088800000, 0x0000000088800000| Untracked 
| 101|0x0000000088900000, 0x0000000088900000, 0x0000000088a00000|  0%| F|  |TAMS 0x0000000088900000, 0x0000000088900000| Untracked 
| 102|0x0000000088a00000, 0x0000000088a00000, 0x0000000088b00000|  0%| F|  |TAMS 0x0000000088a00000, 0x0000000088a00000| Untracked 
| 103|0x0000000088b00000, 0x0000000088b00000, 0x0000000088c00000|  0%| F|  |TAMS 0x0000000088b00000, 0x0000000088b00000| Untracked 
| 104|0x0000000088c00000, 0x0000000088c00000, 0x0000000088d00000|  0%| F|  |TAMS 0x0000000088c00000, 0x0000000088c00000| Untracked 
| 105|0x0000000088d00000, 0x0000000088d00000, 0x0000000088e00000|  0%| F|  |TAMS 0x0000000088d00000, 0x0000000088d00000| Untracked 
| 106|0x0000000088e00000, 0x0000000088e00000, 0x0000000088f00000|  0%| F|  |TAMS 0x0000000088e00000, 0x0000000088e00000| Untracked 
| 107|0x0000000088f00000, 0x0000000088f00000, 0x0000000089000000|  0%| F|  |TAMS 0x0000000088f00000, 0x0000000088f00000| Untracked 
| 108|0x0000000089000000, 0x0000000089082010, 0x0000000089100000| 50%| E|  |TAMS 0x0000000089000000, 0x0000000089000000| Complete 
| 109|0x0000000089100000, 0x0000000089200000, 0x0000000089200000|100%| E|CS|TAMS 0x0000000089100000, 0x0000000089100000| Complete 
| 110|0x0000000089200000, 0x0000000089300000, 0x0000000089300000|100%| E|CS|TAMS 0x0000000089200000, 0x0000000089200000| Complete 
| 111|0x0000000089300000, 0x0000000089400000, 0x0000000089400000|100%| E|CS|TAMS 0x0000000089300000, 0x0000000089300000| Complete 
| 112|0x0000000089400000, 0x0000000089500000, 0x0000000089500000|100%| E|CS|TAMS 0x0000000089400000, 0x0000000089400000| Complete 
| 113|0x0000000089500000, 0x0000000089600000, 0x0000000089600000|100%| E|CS|TAMS 0x0000000089500000, 0x0000000089500000| Complete 
| 114|0x0000000089600000, 0x0000000089700000, 0x0000000089700000|100%| E|CS|TAMS 0x0000000089600000, 0x0000000089600000| Complete 
| 115|0x0000000089700000, 0x0000000089800000, 0x0000000089800000|100%| E|CS|TAMS 0x0000000089700000, 0x0000000089700000| Complete 
| 116|0x0000000089800000, 0x0000000089900000, 0x0000000089900000|100%| E|CS|TAMS 0x0000000089800000, 0x0000000089800000| Complete 
| 117|0x0000000089900000, 0x0000000089a00000, 0x0000000089a00000|100%| E|CS|TAMS 0x0000000089900000, 0x0000000089900000| Complete 
| 118|0x0000000089a00000, 0x0000000089b00000, 0x0000000089b00000|100%| E|CS|TAMS 0x0000000089a00000, 0x0000000089a00000| Complete 
| 119|0x0000000089b00000, 0x0000000089c00000, 0x0000000089c00000|100%| E|CS|TAMS 0x0000000089b00000, 0x0000000089b00000| Complete 
| 120|0x0000000089c00000, 0x0000000089d00000, 0x0000000089d00000|100%| E|CS|TAMS 0x0000000089c00000, 0x0000000089c00000| Complete 
| 121|0x0000000089d00000, 0x0000000089e00000, 0x0000000089e00000|100%| E|CS|TAMS 0x0000000089d00000, 0x0000000089d00000| Complete 
| 122|0x0000000089e00000, 0x0000000089f00000, 0x0000000089f00000|100%| E|CS|TAMS 0x0000000089e00000, 0x0000000089e00000| Complete 
| 123|0x0000000089f00000, 0x000000008a000000, 0x000000008a000000|100%| E|CS|TAMS 0x0000000089f00000, 0x0000000089f00000| Complete 
| 124|0x000000008a000000, 0x000000008a100000, 0x000000008a100000|100%| E|CS|TAMS 0x000000008a000000, 0x000000008a000000| Complete 
| 125|0x000000008a100000, 0x000000008a200000, 0x000000008a200000|100%| E|CS|TAMS 0x000000008a100000, 0x000000008a100000| Complete 
| 126|0x000000008a200000, 0x000000008a300000, 0x000000008a300000|100%| E|CS|TAMS 0x000000008a200000, 0x000000008a200000| Complete 
| 127|0x000000008a300000, 0x000000008a400000, 0x000000008a400000|100%| E|CS|TAMS 0x000000008a300000, 0x000000008a300000| Complete 
| 128|0x000000008a400000, 0x000000008a500000, 0x000000008a500000|100%| E|CS|TAMS 0x000000008a400000, 0x000000008a400000| Complete 
| 129|0x000000008a500000, 0x000000008a600000, 0x000000008a600000|100%| E|CS|TAMS 0x000000008a500000, 0x000000008a500000| Complete 
| 130|0x000000008a600000, 0x000000008a700000, 0x000000008a700000|100%| E|CS|TAMS 0x000000008a600000, 0x000000008a600000| Complete 
| 131|0x000000008a700000, 0x000000008a800000, 0x000000008a800000|100%| E|CS|TAMS 0x000000008a700000, 0x000000008a700000| Complete 
| 132|0x000000008a800000, 0x000000008a900000, 0x000000008a900000|100%| E|CS|TAMS 0x000000008a800000, 0x000000008a800000| Complete 
| 133|0x000000008a900000, 0x000000008aa00000, 0x000000008aa00000|100%| E|CS|TAMS 0x000000008a900000, 0x000000008a900000| Complete 
| 134|0x000000008aa00000, 0x000000008ab00000, 0x000000008ab00000|100%| E|CS|TAMS 0x000000008aa00000, 0x000000008aa00000| Complete 
| 135|0x000000008ab00000, 0x000000008ac00000, 0x000000008ac00000|100%| E|CS|TAMS 0x000000008ab00000, 0x000000008ab00000| Complete 
| 136|0x000000008ac00000, 0x000000008ad00000, 0x000000008ad00000|100%| E|CS|TAMS 0x000000008ac00000, 0x000000008ac00000| Complete 
| 137|0x000000008ad00000, 0x000000008ae00000, 0x000000008ae00000|100%| E|CS|TAMS 0x000000008ad00000, 0x000000008ad00000| Complete 
| 138|0x000000008ae00000, 0x000000008af00000, 0x000000008af00000|100%| E|CS|TAMS 0x000000008ae00000, 0x000000008ae00000| Complete 
| 139|0x000000008af00000, 0x000000008b000000, 0x000000008b000000|100%| E|CS|TAMS 0x000000008af00000, 0x000000008af00000| Complete 
| 140|0x000000008b000000, 0x000000008b100000, 0x000000008b100000|100%| E|CS|TAMS 0x000000008b000000, 0x000000008b000000| Complete 
| 141|0x000000008b100000, 0x000000008b200000, 0x000000008b200000|100%| E|CS|TAMS 0x000000008b100000, 0x000000008b100000| Complete 
| 142|0x000000008b200000, 0x000000008b300000, 0x000000008b300000|100%| E|CS|TAMS 0x000000008b200000, 0x000000008b200000| Complete 
| 143|0x000000008b300000, 0x000000008b400000, 0x000000008b400000|100%| E|CS|TAMS 0x000000008b300000, 0x000000008b300000| Complete 
| 144|0x000000008b400000, 0x000000008b500000, 0x000000008b500000|100%| E|CS|TAMS 0x000000008b400000, 0x000000008b400000| Complete 
| 145|0x000000008b500000, 0x000000008b600000, 0x000000008b600000|100%| E|CS|TAMS 0x000000008b500000, 0x000000008b500000| Complete 
| 146|0x000000008b600000, 0x000000008b700000, 0x000000008b700000|100%| E|CS|TAMS 0x000000008b600000, 0x000000008b600000| Complete 
| 147|0x000000008b700000, 0x000000008b800000, 0x000000008b800000|100%| E|CS|TAMS 0x000000008b700000, 0x000000008b700000| Complete 
| 148|0x000000008b800000, 0x000000008b900000, 0x000000008b900000|100%| E|CS|TAMS 0x000000008b800000, 0x000000008b800000| Complete 
| 149|0x000000008b900000, 0x000000008ba00000, 0x000000008ba00000|100%| E|CS|TAMS 0x000000008b900000, 0x000000008b900000| Complete 
| 150|0x000000008ba00000, 0x000000008bb00000, 0x000000008bb00000|100%| E|CS|TAMS 0x000000008ba00000, 0x000000008ba00000| Complete 
| 151|0x000000008bb00000, 0x000000008bc00000, 0x000000008bc00000|100%| E|CS|TAMS 0x000000008bb00000, 0x000000008bb00000| Complete 

Card table byte_map: [0x0000023fb5c00000,0x0000023fb5ff0000] _byte_map_base: 0x0000023fb57ee000

Marking Bits (Prev, Next): (CMBitMap*) 0x0000023f9e0a3008, (CMBitMap*) 0x0000023f9e0a3040
 Prev Bits: [0x0000023fb63e0000, 0x0000023fb8350000)
 Next Bits: [0x0000023fb8350000, 0x0000023fba2c0000)

Polling page: 0x0000023f9be40000

Metaspace:

Usage:
  Non-class:     32.97 MB capacity,    32.05 MB ( 97%) used,   756.78 KB (  2%) free+waste,   180.06 KB ( <1%) overhead. 
      Class:      4.45 MB capacity,     3.82 MB ( 86%) used,   560.13 KB ( 12%) free+waste,    87.62 KB (  2%) overhead. 
       Both:     37.42 MB capacity,    35.87 MB ( 96%) used,     1.29 MB (  3%) free+waste,   267.69 KB ( <1%) overhead. 

Virtual space:
  Non-class space:       34.00 MB reserved,      33.00 MB ( 97%) committed 
      Class space:        1.00 GB reserved,       4.50 MB ( <1%) committed 
             Both:        1.03 GB reserved,      37.50 MB (  4%) committed 

Chunk freelists:
   Non-Class:  32.00 KB
       Class:  0 bytes
        Both:  32.00 KB

MaxMetaspaceSize: 17179869184.00 GB
CompressedClassSpaceSize: 1.00 GB
Initial GC threshold: 20.80 MB
Current GC threshold: 58.75 MB
CDS: off

CodeHeap 'non-profiled nmethods': size=120064Kb used=2811Kb max_used=2811Kb free=117252Kb
 bounds [0x0000023fae2d0000, 0x0000023fae590000, 0x0000023fb5810000]
CodeHeap 'profiled nmethods': size=120000Kb used=10512Kb max_used=10512Kb free=109487Kb
 bounds [0x0000023fa6da0000, 0x0000023fa77f0000, 0x0000023fae2d0000]
CodeHeap 'non-nmethods': size=5696Kb used=1289Kb max_used=1342Kb free=4406Kb
 bounds [0x0000023fa6810000, 0x0000023fa6a80000, 0x0000023fa6da0000]
 total_blobs=5217 nmethods=4633 adapters=496
 compilation: enabled
              stopped_count=0, restarted_count=0
 full_count=0

Compilation events (20 events):
Event: 29.012 Thread 0x0000023fbc7d7800 4675       3       java.util.ImmutableCollections$ListN::<init> (39 bytes)
Event: 29.012 Thread 0x0000023fbc7cf800 nmethod 4666 0x0000023fae58a190 code [0x0000023fae58a340, 0x0000023fae58a5d8]
Event: 29.012 Thread 0x0000023fbc7cf800 4669       4       java.lang.invoke.MethodType::makeImpl (108 bytes)
Event: 29.013 Thread 0x0000023fbc7d7800 nmethod 4675 0x0000023fa77b4290 code [0x0000023fa77b44a0, 0x0000023fa77b4bc8]
Event: 29.013 Thread 0x0000023fbc7d7800 4676       3       java.lang.invoke.LambdaFormBuffer::replaceName (124 bytes)
Event: 29.013 Thread 0x0000023fbc7d7800 nmethod 4676 0x0000023fa77b4e10 code [0x0000023fa77b4fe0, 0x0000023fa77b5188]
Event: 29.014 Thread 0x0000023fbc7d7800 4678       3       java.lang.invoke.MethodHandleNatives::refKindIsGetter (32 bytes)
Event: 29.014 Thread 0x0000023fbc7d7800 nmethod 4678 0x0000023fa77b5290 code [0x0000023fa77b5440, 0x0000023fa77b5598]
Event: 29.016 Thread 0x0000023fbc7d7800 4680       3       jdk.internal.org.objectweb.asm.ClassWriter::visitSource (36 bytes)
Event: 29.017 Thread 0x0000023fbc7d7800 nmethod 4680 0x0000023fa77b5610 code [0x0000023fa77b5800, 0x0000023fa77b5c78]
Event: 29.020 Thread 0x0000023fbc7d7800 4682       3       java.lang.Class::copyConstructors (38 bytes)
Event: 29.021 Thread 0x0000023fbface800 nmethod 4671 0x0000023fae58b090 code [0x0000023fae58b220, 0x0000023fae58b4f8]
Event: 29.021 Thread 0x0000023fbface800 4670       4       java.lang.invoke.MethodType$ConcurrentWeakInternSet::get (54 bytes)
Event: 29.021 Thread 0x0000023fbc7d7800 nmethod 4682 0x0000023fa77b5e10 code [0x0000023fa77b6080, 0x0000023fa77b6ae8]
Event: 29.022 Thread 0x0000023fbc7d7800 4683       3       java.lang.invoke.MethodHandles$Lookup::linkMethodHandleConstant (220 bytes)
Event: 29.025 Thread 0x0000023fbc7d7800 nmethod 4683 0x0000023fa77b6e90 code [0x0000023fa77b7280, 0x0000023fa77b8ed8]
Event: 29.032 Thread 0x0000023fbc7d7800 4684       3       java.io.StringWriter::write (10 bytes)
Event: 29.033 Thread 0x0000023fbc7d7800 nmethod 4684 0x0000023fa77b9790 code [0x0000023fa77b9960, 0x0000023fa77b9cc8]
Event: 29.033 Thread 0x0000023fbc7d7800 4685       3       java.lang.StringBuilder::append (9 bytes)
Event: 29.034 Thread 0x0000023fbc7d7800 nmethod 4685 0x0000023fa77b9e10 code [0x0000023fa77ba000, 0x0000023fa77ba318]

GC Heap History (16 events):
Event: 1.054 GC heap before
{Heap before GC invocations=0 (full 0):
 garbage-first heap   total 129024K, used 15360K [0x0000000082400000, 0x0000000100000000)
  region size 1024K, 14 young (14336K), 0 survivors (0K)
 Metaspace       used 10104K, capacity 10340K, committed 10496K, reserved 1058816K
  class space    used 934K, capacity 1022K, committed 1024K, reserved 1048576K
}
Event: 1.062 GC heap after
{Heap after GC invocations=1 (full 0):
 garbage-first heap   total 129024K, used 4038K [0x0000000082400000, 0x0000000100000000)
  region size 1024K, 2 young (2048K), 2 survivors (2048K)
 Metaspace       used 10104K, capacity 10340K, committed 10496K, reserved 1058816K
  class space    used 934K, capacity 1022K, committed 1024K, reserved 1048576K
}
Event: 3.022 GC heap before
{Heap before GC invocations=1 (full 0):
 garbage-first heap   total 129024K, used 78790K [0x0000000082400000, 0x0000000100000000)
  region size 1024K, 75 young (76800K), 2 survivors (2048K)
 Metaspace       used 18273K, capacity 18563K, committed 18816K, reserved 1067008K
  class space    used 1672K, capacity 1802K, committed 1920K, reserved 1048576K
}
Event: 3.046 GC heap after
{Heap after GC invocations=2 (full 0):
 garbage-first heap   total 129024K, used 16170K [0x0000000082400000, 0x0000000100000000)
  region size 1024K, 10 young (10240K), 10 survivors (10240K)
 Metaspace       used 18273K, capacity 18563K, committed 18816K, reserved 1067008K
  class space    used 1672K, capacity 1802K, committed 1920K, reserved 1048576K
}
Event: 3.162 GC heap before
{Heap before GC invocations=2 (full 0):
 garbage-first heap   total 129024K, used 22314K [0x0000000082400000, 0x0000000100000000)
  region size 1024K, 16 young (16384K), 10 survivors (10240K)
 Metaspace       used 18551K, capacity 18819K, committed 19072K, reserved 1067008K
  class space    used 1692K, capacity 1802K, committed 1920K, reserved 1048576K
}
Event: 3.179 GC heap after
{Heap after GC invocations=3 (full 0):
 garbage-first heap   total 129024K, used 18119K [0x0000000082400000, 0x0000000100000000)
  region size 1024K, 2 young (2048K), 2 survivors (2048K)
 Metaspace       used 18551K, capacity 18819K, committed 19072K, reserved 1067008K
  class space    used 1692K, capacity 1802K, committed 1920K, reserved 1048576K
}
Event: 3.543 GC heap before
{Heap before GC invocations=3 (full 0):
 garbage-first heap   total 129024K, used 44743K [0x0000000082400000, 0x0000000100000000)
  region size 1024K, 28 young (28672K), 2 survivors (2048K)
 Metaspace       used 20186K, capacity 20466K, committed 20608K, reserved 1069056K
  class space    used 1821K, capacity 1903K, committed 1920K, reserved 1048576K
}
Event: 3.548 GC heap after
{Heap after GC invocations=4 (full 0):
 garbage-first heap   total 129024K, used 19249K [0x0000000082400000, 0x0000000100000000)
  region size 1024K, 3 young (3072K), 3 survivors (3072K)
 Metaspace       used 20186K, capacity 20466K, committed 20608K, reserved 1069056K
  class space    used 1821K, capacity 1903K, committed 1920K, reserved 1048576K
}
Event: 3.765 GC heap before
{Heap before GC invocations=4 (full 0):
 garbage-first heap   total 129024K, used 35633K [0x0000000082400000, 0x0000000100000000)
  region size 1024K, 20 young (20480K), 3 survivors (3072K)
 Metaspace       used 20896K, capacity 21139K, committed 21248K, reserved 1069056K
  class space    used 1902K, capacity 1999K, committed 2048K, reserved 1048576K
}
Event: 3.770 GC heap after
{Heap after GC invocations=5 (full 0):
 garbage-first heap   total 129024K, used 19978K [0x0000000082400000, 0x0000000100000000)
  region size 1024K, 4 young (4096K), 4 survivors (4096K)
 Metaspace       used 20896K, capacity 21139K, committed 21248K, reserved 1069056K
  class space    used 1902K, capacity 1999K, committed 2048K, reserved 1048576K
}
Event: 4.525 GC heap before
{Heap before GC invocations=6 (full 0):
 garbage-first heap   total 129024K, used 64010K [0x0000000082400000, 0x0000000100000000)
  region size 1024K, 47 young (48128K), 4 survivors (4096K)
 Metaspace       used 23165K, capacity 23647K, committed 23680K, reserved 1071104K
  class space    used 2211K, capacity 2416K, committed 2432K, reserved 1048576K
}
Event: 4.536 GC heap after
{Heap after GC invocations=7 (full 0):
 garbage-first heap   total 129024K, used 22942K [0x0000000082400000, 0x0000000100000000)
  region size 1024K, 6 young (6144K), 6 survivors (6144K)
 Metaspace       used 23165K, capacity 23647K, committed 23680K, reserved 1071104K
  class space    used 2211K, capacity 2416K, committed 2432K, reserved 1048576K
}
Event: 5.816 GC heap before
{Heap before GC invocations=7 (full 0):
 garbage-first heap   total 129024K, used 70046K [0x0000000082400000, 0x0000000100000000)
  region size 1024K, 52 young (53248K), 6 survivors (6144K)
 Metaspace       used 29100K, capacity 30033K, committed 30336K, reserved 1077248K
  class space    used 2985K, capacity 3371K, committed 3456K, reserved 1048576K
}
Event: 5.836 GC heap after
{Heap after GC invocations=8 (full 0):
 garbage-first heap   total 155648K, used 27371K [0x0000000082400000, 0x0000000100000000)
  region size 1024K, 7 young (7168K), 7 survivors (7168K)
 Metaspace       used 29100K, capacity 30033K, committed 30336K, reserved 1077248K
  class space    used 2985K, capacity 3371K, committed 3456K, reserved 1048576K
}
Event: 9.252 GC heap before
{Heap before GC invocations=8 (full 0):
 garbage-first heap   total 155648K, used 83691K [0x0000000082400000, 0x0000000100000000)
  region size 1024K, 63 young (64512K), 7 survivors (7168K)
 Metaspace       used 34487K, capacity 35792K, committed 35840K, reserved 1081344K
  class space    used 3644K, capacity 4189K, committed 4224K, reserved 1048576K
}
Event: 9.281 GC heap after
{Heap after GC invocations=9 (full 0):
 garbage-first heap   total 155648K, used 35519K [0x0000000082400000, 0x0000000100000000)
  region size 1024K, 8 young (8192K), 8 survivors (8192K)
 Metaspace       used 34487K, capacity 35792K, committed 35840K, reserved 1081344K
  class space    used 3644K, capacity 4189K, committed 4224K, reserved 1048576K
}

Deoptimization events (20 events):
Event: 18.340 Thread 0x0000023f9e065000 Uncommon trap: trap_request=0xffffffc6 fr.pc=0x0000023fae56c258 relative=0x0000000000000698
Event: 18.340 Thread 0x0000023f9e065000 Uncommon trap: reason=bimorphic_or_optimized_type_check action=maybe_recompile pc=0x0000023fae56c258 method=java.util.regex.Pattern$BmpCharProperty.match(Ljava/util/regex/Matcher;ILjava/lang/CharSequence;)Z @ 36 c2
Event: 18.340 Thread 0x0000023f9e065000 DEOPT PACKING pc=0x0000023fae56c258 sp=0x0000008cf18fd6c0
Event: 18.340 Thread 0x0000023f9e065000 DEOPT UNPACKING pc=0x0000023fa685a1af sp=0x0000008cf18fd678 mode 2
Event: 18.345 Thread 0x0000023f9e065000 Uncommon trap: trap_request=0xffffff4d fr.pc=0x0000023fae3c114c relative=0x000000000000454c
Event: 18.345 Thread 0x0000023f9e065000 Uncommon trap: reason=unstable_if action=reinterpret pc=0x0000023fae3c114c method=jdk.internal.jimage.ImageLocation.verify(Ljava/lang/String;Ljava/lang/String;[JLjdk/internal/jimage/ImageStrings;)Z @ 18 c2
Event: 18.345 Thread 0x0000023f9e065000 DEOPT PACKING pc=0x0000023fae3c114c sp=0x0000008cf18f67d0
Event: 18.346 Thread 0x0000023f9e065000 DEOPT UNPACKING pc=0x0000023fa685a1af sp=0x0000008cf18f66b0 mode 2
Event: 18.347 Thread 0x0000023f9e065000 Uncommon trap: trap_request=0x00000071 fr.pc=0x0000023fae4b0464 relative=0x0000000000005e24
Event: 18.347 Thread 0x0000023f9e065000 Uncommon trap: reason=unloaded action=reinterpret pc=0x0000023fae4b0464 method=org.aspectj.apache.bcel.classfile.Attribute.readAttribute(Ljava/io/DataInputStream;Lorg/aspectj/apache/bcel/classfile/ConstantPool;)Lorg/aspectj/apache/bcel/classfile/Attribute
Event: 18.347 Thread 0x0000023f9e065000 DEOPT PACKING pc=0x0000023fae4b0464 sp=0x0000008cf18f8450
Event: 18.347 Thread 0x0000023f9e065000 DEOPT UNPACKING pc=0x0000023fa685a1af sp=0x0000008cf18f8440 mode 2
Event: 18.504 Thread 0x0000023f9e065000 DEOPT PACKING pc=0x0000023fa71568d0 sp=0x0000008cf18fcf70
Event: 18.504 Thread 0x0000023f9e065000 DEOPT UNPACKING pc=0x0000023fa685a95e sp=0x0000008cf18fc3f8 mode 0
Event: 18.514 Thread 0x0000023f9e065000 DEOPT PACKING pc=0x0000023fa71568d0 sp=0x0000008cf18fd440
Event: 18.514 Thread 0x0000023f9e065000 DEOPT UNPACKING pc=0x0000023fa685a95e sp=0x0000008cf18fc8c8 mode 0
Event: 18.921 Thread 0x0000023f9e065000 DEOPT PACKING pc=0x0000023fa71568d0 sp=0x0000008cf18fd580
Event: 18.921 Thread 0x0000023f9e065000 DEOPT UNPACKING pc=0x0000023fa685a95e sp=0x0000008cf18fca08 mode 0
Event: 20.157 Thread 0x0000023f9e065000 DEOPT PACKING pc=0x0000023fa770c42b sp=0x0000008cf18fd0b0
Event: 20.157 Thread 0x0000023f9e065000 DEOPT UNPACKING pc=0x0000023fa685a95e sp=0x0000008cf18fc550 mode 0

Classes redefined (0 events):
No events

Internal exceptions (20 events):
Event: 10.967 Thread 0x0000023f9e065000 Exception <a 'java/lang/ArrayIndexOutOfBoundsException'{0x000000008a3c6fe8}> (0x000000008a3c6fe8) thrown at [s\src\hotspot\share\runtime\sharedRuntime.cpp, line 606]
Event: 10.967 Thread 0x0000023f9e065000 Exception <a 'java/lang/ArrayIndexOutOfBoundsException'{0x000000008a3c75b0}> (0x000000008a3c75b0) thrown at [s\src\hotspot\share\runtime\sharedRuntime.cpp, line 606]
Event: 10.967 Thread 0x0000023f9e065000 Exception <a 'java/lang/ArrayIndexOutOfBoundsException'{0x000000008a3c7b78}: Index 9 out of bounds for length 9> (0x000000008a3c7b78) thrown at [s\src\hotspot\share\interpreter\interpreterRuntime.cpp, line 444]
Event: 10.968 Thread 0x0000023f9e065000 Exception <a 'java/lang/ArrayIndexOutOfBoundsException'{0x000000008a3ce4e0}> (0x000000008a3ce4e0) thrown at [s\src\hotspot\share\runtime\sharedRuntime.cpp, line 606]
Event: 10.968 Thread 0x0000023f9e065000 Exception <a 'java/lang/ArrayIndexOutOfBoundsException'{0x000000008a3ceaa8}> (0x000000008a3ceaa8) thrown at [s\src\hotspot\share\runtime\sharedRuntime.cpp, line 606]
Event: 10.968 Thread 0x0000023f9e065000 Exception <a 'java/lang/ArrayIndexOutOfBoundsException'{0x000000008a3cf070}: Index 7 out of bounds for length 7> (0x000000008a3cf070) thrown at [s\src\hotspot\share\interpreter\interpreterRuntime.cpp, line 444]
Event: 10.970 Thread 0x0000023f9e065000 Exception <a 'java/lang/ArrayIndexOutOfBoundsException'{0x000000008a3d2178}> (0x000000008a3d2178) thrown at [s\src\hotspot\share\runtime\sharedRuntime.cpp, line 606]
Event: 10.971 Thread 0x0000023f9e065000 Exception <a 'java/lang/ArrayIndexOutOfBoundsException'{0x000000008a3d2740}> (0x000000008a3d2740) thrown at [s\src\hotspot\share\runtime\sharedRuntime.cpp, line 606]
Event: 10.971 Thread 0x0000023f9e065000 Exception <a 'java/lang/ArrayIndexOutOfBoundsException'{0x000000008a3d2d08}: Index 7 out of bounds for length 7> (0x000000008a3d2d08) thrown at [s\src\hotspot\share\interpreter\interpreterRuntime.cpp, line 444]
Event: 10.971 Thread 0x0000023f9e065000 Exception <a 'java/lang/ArrayIndexOutOfBoundsException'{0x000000008a3d62e0}> (0x000000008a3d62e0) thrown at [s\src\hotspot\share\runtime\sharedRuntime.cpp, line 606]
Event: 10.971 Thread 0x0000023f9e065000 Exception <a 'java/lang/ArrayIndexOutOfBoundsException'{0x000000008a3d68a8}> (0x000000008a3d68a8) thrown at [s\src\hotspot\share\runtime\sharedRuntime.cpp, line 606]
Event: 10.971 Thread 0x0000023f9e065000 Exception <a 'java/lang/ArrayIndexOutOfBoundsException'{0x000000008a3d6e70}: Index 7 out of bounds for length 7> (0x000000008a3d6e70) thrown at [s\src\hotspot\share\interpreter\interpreterRuntime.cpp, line 444]
Event: 11.004 Thread 0x0000023f9e065000 Exception <a 'java/lang/IncompatibleClassChangeError'{0x000000008a10c2a0}: Found class java.lang.Object, but interface was expected> (0x000000008a10c2a0) thrown at [s\src\hotspot\share\interpreter\linkResolver.cpp, line 839]
Event: 11.005 Thread 0x0000023f9e065000 Exception <a 'java/lang/IncompatibleClassChangeError'{0x000000008a112d70}: Found class java.lang.Object, but interface was expected> (0x000000008a112d70) thrown at [s\src\hotspot\share\interpreter\linkResolver.cpp, line 839]
Event: 11.187 Thread 0x0000023f9e065000 Exception <a 'java/lang/IncompatibleClassChangeError'{0x000000008a15d698}: Found class java.lang.Object, but interface was expected> (0x000000008a15d698) thrown at [s\src\hotspot\share\interpreter\linkResolver.cpp, line 839]
Event: 11.188 Thread 0x0000023f9e065000 Exception <a 'java/lang/IncompatibleClassChangeError'{0x000000008a1605e0}: Found class java.lang.Object, but interface was expected> (0x000000008a1605e0) thrown at [s\src\hotspot\share\interpreter\linkResolver.cpp, line 839]
Event: 11.189 Thread 0x0000023f9e065000 Exception <a 'java/lang/IncompatibleClassChangeError'{0x000000008a1659d0}: Found class java.lang.Object, but interface was expected> (0x000000008a1659d0) thrown at [s\src\hotspot\share\interpreter\linkResolver.cpp, line 839]
Event: 11.189 Thread 0x0000023f9e065000 Exception <a 'java/lang/IncompatibleClassChangeError'{0x000000008a168940}: Found class java.lang.Object, but interface was expected> (0x000000008a168940) thrown at [s\src\hotspot\share\interpreter\linkResolver.cpp, line 839]
Event: 28.978 Thread 0x0000023fbfc71800 Exception <a 'java/io/IOException'{0x000000008b57b918}> (0x000000008b57b918) thrown at [s\src\hotspot\share\prims\jni.cpp, line 617]
Event: 28.998 Thread 0x0000023f9e065000 Exception <a 'java/lang/NoSuchMethodError'{0x00000000893e4c08}: 'java.lang.Object java.lang.invoke.DirectMethodHandle$Holder.invokeStatic(java.lang.Object, java.lang.Object, java.lang.Object, java.lang.Object, java.lang.Object, java.lang.Object, int)'> (0x00000000893e4c08) thrown at [s\src\hotspot\share\interpreter\linkResolver.cpp, line 773]

Events (20 events):
Event: 29.014 loading class java/lang/invoke/BoundMethodHandle$Species_LLLIILLL
Event: 29.014 loading class java/lang/invoke/BoundMethodHandle$Species_LLLIILLL done
Event: 29.017 loading class io/qameta/allure/model/StepResult
Event: 29.017 loading class io/qameta/allure/model/StepResult done
Event: 29.018 loading class io/qameta/allure/model/Status
Event: 29.018 loading class io/qameta/allure/model/Status done
Event: 29.018 loading class io/qameta/allure/model/Status
Event: 29.018 loading class io/qameta/allure/model/Status done
Event: 29.019 loading class io/qameta/allure/model/StatusDetails
Event: 29.019 loading class io/qameta/allure/model/StatusDetails done
Event: 29.019 loading class io/qameta/allure/model/StatusDetails
Event: 29.019 loading class io/qameta/allure/model/StatusDetails done
Event: 29.024 loading class org/openqa/selenium/WebDriverException
Event: 29.024 loading class org/openqa/selenium/WebDriverException done
Event: 29.029 loading class java/lang/Throwable$WrappedPrintWriter
Event: 29.029 loading class java/lang/Throwable$PrintStreamOrWriter
Event: 29.029 loading class java/lang/Throwable$PrintStreamOrWriter done
Event: 29.029 loading class java/lang/Throwable$WrappedPrintWriter done
Event: 29.030 loading class java/lang/StackTraceElement$HashedModules
Event: 29.031 loading class java/lang/StackTraceElement$HashedModules done


Dynamic libraries:
0x00007ff6ed3b0000 - 0x00007ff6ed3be000 	C:\Users\Admin\.jdks\corretto-11.0.26\bin\java.exe
0x00007ff86fbf0000 - 0x00007ff86fde8000 	C:\Windows\SYSTEM32\ntdll.dll
0x00007ff86f6e0000 - 0x00007ff86f79d000 	C:\Windows\System32\KERNEL32.DLL
0x00007ff86d310000 - 0x00007ff86d5de000 	C:\Windows\System32\KERNELBASE.dll
0x00007ff86d610000 - 0x00007ff86d710000 	C:\Windows\System32\ucrtbase.dll
0x00007ff866fe0000 - 0x00007ff866ff7000 	C:\Users\Admin\.jdks\corretto-11.0.26\bin\jli.dll
0x00007ff86f340000 - 0x00007ff86f4e0000 	C:\Windows\System32\USER32.dll
0x00007ff86dc20000 - 0x00007ff86dc42000 	C:\Windows\System32\win32u.dll
0x00007ff86f6b0000 - 0x00007ff86f6da000 	C:\Windows\System32\GDI32.dll
0x00007ff86d910000 - 0x00007ff86da1b000 	C:\Windows\System32\gdi32full.dll
0x00007ff86da20000 - 0x00007ff86dabd000 	C:\Windows\System32\msvcp_win.dll
0x00007ff866450000 - 0x00007ff86646b000 	C:\Users\Admin\.jdks\corretto-11.0.26\bin\VCRUNTIME140.dll
0x00007ff86c720000 - 0x00007ff86c9ba000 	C:\Windows\WinSxS\amd64_microsoft.windows.common-controls_6595b64144ccf1df_6.0.19041.1110_none_60b5254171f9507e\COMCTL32.dll
0x00007ff86f7a0000 - 0x00007ff86f83e000 	C:\Windows\System32\msvcrt.dll
0x00007ff86f9f0000 - 0x00007ff86fa20000 	C:\Windows\System32\IMM32.DLL
0x00007ff86b080000 - 0x00007ff86b08c000 	C:\Users\Admin\.jdks\corretto-11.0.26\bin\vcruntime140_1.dll
0x00007ff864e30000 - 0x00007ff864ebd000 	C:\Users\Admin\.jdks\corretto-11.0.26\bin\msvcp140.dll
0x00007ff83b1e0000 - 0x00007ff83bda5000 	C:\Users\Admin\.jdks\corretto-11.0.26\bin\server\jvm.dll
0x00007ff86e3a0000 - 0x00007ff86e44e000 	C:\Windows\System32\ADVAPI32.dll
0x00007ff86f080000 - 0x00007ff86f11c000 	C:\Windows\System32\sechost.dll
0x00007ff86fa80000 - 0x00007ff86fba5000 	C:\Windows\System32\RPCRT4.dll
0x00007ff86f970000 - 0x00007ff86f9db000 	C:\Windows\System32\WS2_32.dll
0x00007ff86f9e0000 - 0x00007ff86f9e8000 	C:\Windows\System32\PSAPI.DLL
0x00007ff857fe0000 - 0x00007ff858007000 	C:\Windows\SYSTEM32\WINMM.dll
0x00007ff8697c0000 - 0x00007ff8697ca000 	C:\Windows\SYSTEM32\VERSION.dll
0x00007ff86aec0000 - 0x00007ff86aed2000 	C:\Windows\SYSTEM32\kernel.appcore.dll
0x00007ff866d00000 - 0x00007ff866d10000 	C:\Users\Admin\.jdks\corretto-11.0.26\bin\verify.dll
0x00007ff86cd40000 - 0x00007ff86cf24000 	C:\Windows\SYSTEM32\DBGHELP.DLL
0x00007ff86caf0000 - 0x00007ff86cb1c000 	C:\Windows\SYSTEM32\dbgcore.DLL
0x00007ff86d760000 - 0x00007ff86d7e2000 	C:\Windows\System32\bcryptPrimitives.dll
0x00007ff8660c0000 - 0x00007ff8660e8000 	C:\Users\Admin\.jdks\corretto-11.0.26\bin\java.dll
0x00007ff866af0000 - 0x00007ff866afa000 	C:\Users\Admin\.jdks\corretto-11.0.26\bin\jimage.dll
0x00007ff866430000 - 0x00007ff86643e000 	C:\Users\Admin\.jdks\corretto-11.0.26\bin\instrument.dll
0x00007ff866120000 - 0x00007ff866138000 	C:\Users\Admin\.jdks\corretto-11.0.26\bin\zip.dll
0x00007ff86dc50000 - 0x00007ff86e394000 	C:\Windows\System32\SHELL32.dll
0x00007ff86a610000 - 0x00007ff86ada4000 	C:\Windows\SYSTEM32\windows.storage.dll
0x00007ff86ed20000 - 0x00007ff86f074000 	C:\Windows\System32\combase.dll
0x00007ff86c680000 - 0x00007ff86c6b0000 	C:\Windows\SYSTEM32\Wldp.dll
0x00007ff86ead0000 - 0x00007ff86eb7d000 	C:\Windows\System32\SHCORE.dll
0x00007ff86e5e0000 - 0x00007ff86e635000 	C:\Windows\System32\shlwapi.dll
0x00007ff86d250000 - 0x00007ff86d26f000 	C:\Windows\SYSTEM32\profapi.dll
0x00007ff8660a0000 - 0x00007ff8660b9000 	C:\Users\Admin\.jdks\corretto-11.0.26\bin\net.dll
0x00007ff869f60000 - 0x00007ff86a06a000 	C:\Windows\SYSTEM32\WINHTTP.dll
0x00007ff86c370000 - 0x00007ff86c3da000 	C:\Windows\system32\mswsock.dll
0x00007ff864860000 - 0x00007ff864872000 	C:\Users\Admin\.jdks\corretto-11.0.26\bin\nio.dll
0x00007ff864520000 - 0x00007ff86453a000 	F:\Java\InteliJi IDEA\IntelliJ IDEA Community Edition 2022.3\bin\breakgen64.dll
0x00007ff86d0a0000 - 0x00007ff86d0b8000 	C:\Windows\SYSTEM32\CRYPTSP.dll
0x00007ff86bd80000 - 0x00007ff86bdb4000 	C:\Windows\system32\rsaenh.dll
0x00007ff86d5e0000 - 0x00007ff86d607000 	C:\Windows\System32\bcrypt.dll
0x00007ff86d210000 - 0x00007ff86d23e000 	C:\Windows\SYSTEM32\USERENV.dll
0x00007ff86c670000 - 0x00007ff86c67c000 	C:\Windows\SYSTEM32\CRYPTBASE.dll
0x00007ff86c0a0000 - 0x00007ff86c0db000 	C:\Windows\SYSTEM32\IPHLPAPI.DLL
0x00007ff86f6a0000 - 0x00007ff86f6a8000 	C:\Windows\System32\NSI.dll
0x00007ff861d30000 - 0x00007ff861d47000 	C:\Windows\SYSTEM32\dhcpcsvc6.DLL
0x00007ff862c60000 - 0x00007ff862c7d000 	C:\Windows\SYSTEM32\dhcpcsvc.DLL
0x00007ff86c0e0000 - 0x00007ff86c1ab000 	C:\Windows\SYSTEM32\DNSAPI.dll
0x00007ff85bbe0000 - 0x00007ff85bbea000 	C:\Windows\System32\rasadhlp.dll
0x00007ff85b2b0000 - 0x00007ff85b330000 	C:\Windows\System32\fwpuclnt.dll
0x00007ff8663d0000 - 0x00007ff8663d9000 	C:\Users\Admin\.jdks\corretto-11.0.26\bin\management.dll
0x00007ff864f00000 - 0x00007ff864f0b000 	C:\Users\Admin\.jdks\corretto-11.0.26\bin\management_ext.dll
0x00007ff856a50000 - 0x00007ff856a77000 	C:\Users\Admin\.jdks\corretto-11.0.26\bin\sunec.dll
0x00007ff864370000 - 0x00007ff864387000 	C:\Windows\system32\napinsp.dll
0x00007ff864350000 - 0x00007ff86436b000 	C:\Windows\system32\pnrpnsp.dll
0x00007ff866d60000 - 0x00007ff866d75000 	C:\Windows\system32\wshbth.dll
0x00007ff867ae0000 - 0x00007ff867afd000 	C:\Windows\system32\NLAapi.dll
0x00007ff85bdd0000 - 0x00007ff85bde2000 	C:\Windows\System32\winrnr.dll

dbghelp: loaded successfully - version: 4.0.5 - missing functions: none
symbol engine: initialized successfully - sym options: 0x614 - pdb path: .;C:\Users\Admin\.jdks\corretto-11.0.26\bin;C:\Windows\SYSTEM32;C:\Windows\WinSxS\amd64_microsoft.windows.common-controls_6595b64144ccf1df_6.0.19041.1110_none_60b5254171f9507e;C:\Users\Admin\.jdks\corretto-11.0.26\bin\server;F:\Java\InteliJi IDEA\IntelliJ IDEA Community Edition 2022.3\bin

VM Arguments:
jvm_args: -ea -javaagent:C:\Users\Admin\.m2\repository/org/aspectj/aspectjweaver/1.9.20.1/aspectjweaver-1.9.20.1.jar -Didea.test.cyclic.buffer.size=1048576 -javaagent:F:\Java\InteliJi IDEA\IntelliJ IDEA Community Edition 2022.3\lib\idea_rt.jar=51489:F:\Java\InteliJi IDEA\IntelliJ IDEA Community Edition 2022.3\bin -Dfile.encoding=UTF-8 
java_command: com.intellij.rt.testng.RemoteTestNGStarter -usedefaultlisteners false -socket51488 @w@C:\Users\Admin\AppData\Local\Temp\idea_working_dirs_testng.tmp -temp C:\Users\Admin\AppData\Local\Temp\idea_testng.tmp
java_class_path (initial): F:\Java\InteliJi IDEA\IntelliJ IDEA Community Edition 2022.3\lib\idea_rt.jar;F:\Java\InteliJi IDEA\IntelliJ IDEA Community Edition 2022.3\plugins\testng\lib\testng-rt.jar;C:\Users\Admin\IdeaProjects\iviettech-AT03-EBanking\target\test-classes;C:\Users\Admin\IdeaProjects\iviettech-AT03-EBanking\target\classes;C:\Users\Admin\.m2\repository\org\testng\testng\7.11.0\testng-7.11.0.jar;C:\Users\Admin\.m2\repository\org\slf4j\slf4j-api\2.0.16\slf4j-api-2.0.16.jar;C:\Users\Admin\.m2\repository\org\jcommander\jcommander\1.83\jcommander-1.83.jar;C:\Users\Admin\.m2\repository\org\webjars\jquery\3.7.1\jquery-3.7.1.jar;C:\Users\Admin\.m2\repository\org\seleniumhq\selenium\selenium-java\4.33.0\selenium-java-4.33.0.jar;C:\Users\Admin\.m2\repository\org\seleniumhq\selenium\selenium-api\4.33.0\selenium-api-4.33.0.jar;C:\Users\Admin\.m2\repository\org\jspecify\jspecify\1.0.0\jspecify-1.0.0.jar;C:\Users\Admin\.m2\repository\org\seleniumhq\selenium\selenium-chrome-driver\4.33.0\selenium-chrome-driver-4.33.0.jar;C:\Users\Admin\.m2\repository\com\google\auto\service\auto-service-annotations\1.1.1\auto-service-annotations-1.1.1.jar;C:\Users\Admin\.m2\repository\org\seleniumhq\selenium\selenium-chromium-driver\4.33.0\selenium-chromium-driver-4.33.0.jar;C:\Users\Admin\.m2\repository\org\seleniumhq\selenium\selenium-json\4.33.0\selenium-json-4.33.0.jar;C:\Users\Admin\.m2\repository\org\seleniumhq\selenium\selenium-manager\4.33.0\selenium-manager-4.33.0.jar;C:\Users\Admin\.m2\repository\org\seleniumhq\selenium\selenium-devtools-v135\4.33.0\selenium-devtools-v135-4.33.0.jar;C:\Users\Admin\.m2\repository\org\seleniumhq\selenium\selenium-devtools-v136\4.33.0\selenium-devtools-v136-4.33.0.jar;C:\Users\Admin\.m2\repository\org\seleniumhq\selenium\selenium-devtools-v137\4.33.0\selenium-devtools-v137-4.33.0.jar;C:\Users\Admin\.m2\repository\org\seleniumhq\selenium\selenium-edge-driver\4.33.0\selenium-edge-driver-4.33.0.jar;C:\Users\Admin\.m2\repository\org\seleniumhq\sel
Launcher Type: SUN_STANDARD

[Global flags]
     intx CICompilerCount                          = 3                                         {product} {ergonomic}
     uint ConcGCThreads                            = 1                                         {product} {ergonomic}
     uint G1ConcRefinementThreads                  = 4                                         {product} {ergonomic}
   size_t G1HeapRegionSize                         = 1048576                                   {product} {ergonomic}
    uintx GCDrainStackTargetSize                   = 64                                        {product} {ergonomic}
   size_t InitialHeapSize                          = 132120576                                 {product} {ergonomic}
   size_t MarkStackSize                            = 4194304                                   {product} {ergonomic}
   size_t MaxHeapSize                              = 2109734912                                {product} {ergonomic}
   size_t MaxNewSize                               = 1265631232                                {product} {ergonomic}
   size_t MinHeapDeltaBytes                        = 1048576                                   {product} {ergonomic}
    uintx NonNMethodCodeHeapSize                   = 5830732                                {pd product} {ergonomic}
    uintx NonProfiledCodeHeapSize                  = 122913754                              {pd product} {ergonomic}
    uintx ProfiledCodeHeapSize                     = 122913754                              {pd product} {ergonomic}
    uintx ReservedCodeCacheSize                    = 251658240                              {pd product} {ergonomic}
     bool SegmentedCodeCache                       = true                                      {product} {ergonomic}
     bool UseCompressedClassPointers               = true                                 {lp64_product} {ergonomic}
     bool UseCompressedOops                        = true                                 {lp64_product} {ergonomic}
     bool UseG1GC                                  = true                                      {product} {ergonomic}
     bool UseLargePagesIndividualAllocation        = false                                  {pd product} {ergonomic}

Logging:
Log output configuration:
 #0: stdout all=warning uptime,level,tags
 #1: stderr all=off uptime,level,tags

Environment Variables:
JAVA_HOME=C:\Users\Admin\.jdks\corretto-11.0.26
PATH=C:\Program Files\Common Files\Oracle\Java\javapath;C:\Program Files (x86)\Common Files\Oracle\Java\javapath;C:\Windows\system32;C:\Windows;C:\Windows\System32\Wbem;C:\Windows\System32\WindowsPowerShell\v1.0\;C:\Windows\System32\OpenSSH\;C:\Program Files (x86)\Common Files\GTK\2.0\bin;C:\Users\Admin\dà n?ng Dropbox\huy phan\PC\Downloads\apache-jmeter-5.6\apache-jmeter-5.6\bin;C:\Program Files (x86)\Windows Kits\10\Windows Performance Toolkit\;C:\Program Files\Cloudflare\Cloudflare WARP\;C:\Users\Admin\AppData\Local\Microsoft\WindowsApps;F:\Java\InteliJi IDEA\IntelliJ IDEA Community Edition 2022.3\bin;;F:\Microsoft VS Code\bin;C:\Users\Admin\.jdks\corretto-11.0.26\bin;F:\setup allure\allure-2.34.0\allure-2.34.0\bin;
USERNAME=Admin
OS=Windows_NT
PROCESSOR_IDENTIFIER=Intel64 Family 6 Model 78 Stepping 3, GenuineIntel
TMP=C:\Users\Admin\AppData\Local\Temp
TEMP=C:\Users\Admin\AppData\Local\Temp



---------------  S Y S T E M  ---------------

OS: Windows 10 , 64 bit Build 19041 (10.0.19041.1806)
OS uptime: 100 days 23:42 hours

CPU:total 4 (initial active 4) (2 cores per cpu, 2 threads per core) family 6 model 78 stepping 3 microcode 0xcc, cmov, cx8, fxsr, mmx, sse, sse2, sse3, ssse3, sse4.1, sse4.2, popcnt, avx, avx2, aes, clmul, erms, 3dnowpref, lzcnt, ht, tsc, tscinvbit, bmi1, bmi2, adx, fma

Memory: 4k page, system-wide physical 8047M (401M free)
TotalPageFile size 13757M (AvailPageFile size 3M)
current process WorkingSet (physical memory assigned to process): 247M, peak: 284M
current process commit charge ("private bytes"): 290M, peak: 330M

vm_info: OpenJDK 64-Bit Server VM (11.0.26+4-LTS) for windows-amd64 JRE (11.0.26+4-LTS), built on Jan 13 2025 17:23:34 by "Administrator" with MS VC++ 16.10 / 16.11 (VS2019)

END.
